GameClimate [50] GetActiveDroughtAtPlot GetActiveDroughtByIndex GetActiveDroughtIDAtPlot GetActiveDroughtPlotsByIndex GetActiveDroughtTypeAtPlot GetActiveStormAtPlot GetActiveStormByIndex GetActiveStormIDAtPlot GetActiveStormPlotsByIndex GetActiveStormTypeAtPlot GetCO2FootprintModifier GetClimateChangeForLastSeaLevelEvent GetClimateChangeFromRealism GetClimateChangeFromTemperature GetClimateChangeLevel GetCurrentAverageTemperature GetDeforestationType GetDroughtByID GetDroughtClimateIncreasedChance GetDroughtPercentChance GetDroughtPlotsByID GetDroughtTurnsAtPlot GetEruptionClimateIncreasedChance GetEruptionPercentChance GetFireClimateIncreasedChance GetFirePercentChance GetFloodClimateIncreasedChance GetFloodPercentChance GetLocationsForPossibleTriggerableEvents GetNextIceLossTurns GetNextSeaLevelRiseTurns GetNumActiveDroughts GetNumActiveStorms GetNumStorms GetOneOffByID GetOneOffPlotsByID GetPlayerCO2Footprint GetPlayerRawResourceConsumption GetPlayerResourceCO2Footprint GetPlayerResourceConsumption GetSeverityForLastSeaLevelEvent GetStormByID GetStormClimateIncreasedChance GetStormPercentChance GetStormPlotsByID GetTemperatureChange GetTilesFlooded GetTilesSubmerged GetTotalCO2Footprint IsStormRevealed
GreatPeople [15] CanPatronizePerson CanRecruitPerson CanRejectPerson CreatePerson GetPatronizeCost GetRecruitCost GetRejectCost GetTimeline GrantPerson IsClassAvailable RecruitPerson TypeName __index __instance __instances
Eras [6] ChangePlayerEraScore GetCurrentEra TypeName __index __instance __instances
player [52] AttachModifierByID ChangeScoringScenario1 ChangeScoringScenario2 ChangeScoringScenario3 GetAi_Diplomacy GetAi_Military GetAi_Religion GetCities GetComponentID GetCulture GetDiplomacy GetDistricts GetEra GetEras GetGovernors GetGreatPeoplePoints GetID GetInfluence GetProperty GetReligion GetResources GetScore GetScoringScenario1 GetScoringScenario2 GetScoringScenario3 GetStartingPlot GetStats GetTeam GetTechs GetTrade GetTreasury GetUnits GetWMDs GrantWMDs GrantYield IsAlive IsBarbarian IsHuman IsInitialized IsMajor IsTurnActive IsTurnActiveComplete SetProperty SetScoringScenario1 SetScoringScenario2 SetScoringScenario3 SetStartingPlot TypeName WasEverAlive __index __instance __instances
stats [16] ChangeScienceVictoryPoints GetNumBeliefsInReligion GetNumCitiesFollowingReligion GetNumCitiesFollowingReligionWithWonder GetNumDistrictsFollowingReligion GetNumFollowers GetNumForeignCitiesFollowingReligion GetNumForeignFollowers GetNumMyCitiesFollowingSpecificReligion TypeName UpdateMaxBombardStrengthTrained UpdateMaxMeleeStrengthTrained UpdateMaxRangedStrengthTrained __index __instance __instances
culture [33] ChangeCurrentCulturalProgress CivicCompletedThisTurn ClearPolicySlot GetAnarchyTurns GetCivicCompletedThisTurn GetCultureCost GetCultureYield GetNumPolicySlots GetPolicyToUnlock GetProgressingCivic GetSlotPolicy GetTurnsLeftOnCurrentCivic HasBoostBeenTriggered HasCivic IsDominantOver IsGovernmentUnlocked IsPolicyActive IsPolicyObsolete IsPolicyUnlocked Reset ReverseBoost SetCivic SetCivicCompletedThisTurn SetCulturalProgress SetCurrentGovernment SetProgressingCivic TriggerBoost TypeName UnlockGovernment UnlockPolicy __index __instance __instances
diplomacy [34] CalcFavorPerTurnFromAlliances CanDeclareWarOn CanMakePeaceWith ChangeFavor DeclareWarOn GetFavor GetFavorPerTurn GetMetTurn GetVisibilityOn HasAllied HasDeclaredFriendship HasDelegationAt HasEmbassyAt HasMet IsAtWarWith IsAtWarWithHumans IsVisibilitySourceActive MakePeaceWith NeverMakePeaceWith RecheckVisibilityOn RecheckVisibilityOnAll SendKudoTo SendWarningTo SetHasAllied SetHasDeclaredFriendship SetHasDelegationAt SetHasEmbassyAt SetHasMet SetPermanentAlliance SetVisibilityOn TypeName __index __instance __instances
Game [41] AddWorldViewText GetBarbarianManager GetComponentID GetCurrentGameTurn GetCurrentTurnPhase GetCurrentTurnPhaseName GetCurrentTurnSegment GetCurrentTurnSegmentName GetDefeatRequirements GetEras GetFalloutManager GetGameDiplomacy GetGreatPeople GetHeroesManager GetLocalObserver GetLocalPlayer GetObjectFromComponentID GetPhaseName GetPlayers GetProperties GetProperty GetQuestsManager GetRandNum GetRandomSeed GetReligion GetTradeManager GetVictoryProgressForTeam GetVictoryRequirements GetWinningTeam IsAllowStrategicCommands IsAllowTacticalCommands IsDefeatEnabled IsVictoryEnabled ObserverCanSeePlayer RetirePlayer SetCurrentGameTurn SetProperty SetRandomSeed SetWinningTeam UnlockAchievement WriteHistoryLog
GameConfiguration [9] GetGameSpeedType GetMaxTurns GetStartEra GetStartTurn GetStartYear GetTurnTimerType GetValue IsAnyMultiplayer IsNetworkMultiplayer
DefenseTypes [2] DISTRICT_GARRISON DISTRICT_OUTER
DISTRICT_GARRISON = 1587009065
DISTRICT_OUTER = 1839557181
costA = 120
costB = 120
sci = 8.546875
maxTurns = err:[string "(function()..."]:49: function expected instead of nil
stack traceback:

cfgMaxTurns = 0
turnLimitType = err:[string "(function()..."]:51: function expected instead of nil
stack traceback:

