P0 gold=315.171875 gy=12 maint=10 sci=8.546875 rt=20 cart=false bank=false costCart=240 costBank=240 canCart=false canBank=false
  city 65536 LOC_CITY_NAME_NARANJO @36,42 pop=6 loy=100 lpt=29 max=100 item=E quarries=0 boats=0
  city 196609 LOC_CITY_NAME_CALAKMUL @37,38 pop=3 loy=100 lpt=20 max=100 item=E quarries=0 boats=0
P1 gold=590.15625 gy=346.5234375 maint=98 sci=161.28515625 rt=44 cart=true bank=true costCart=240 costBank=240 canCart=false canBank=false
  city 65536 LOC_CITY_NAME_OTTAWA @54,11 pop=15 loy=100 lpt=30 max=100 item=E quarries=1 boats=0
  city 131073 LOC_CITY_NAME_MONTREAL @54,15 pop=19 loy=100 lpt=34 max=100 item=E quarries=1 boats=0
  city 196610 LOC_CITY_NAME_TORONTO @54,21 pop=14 loy=100 lpt=34 max=100 item=E quarries=2 boats=2
  city 262147 LOC_CITY_NAME_QUEBEC_CITY @60,16 pop=13 loy=100 lpt=20 max=100 item=E quarries=1 boats=0
  city 327684 LOC_CITY_NAME_HALIFAX @65,16 pop=6 loy=100 lpt=17 max=100 item=E quarries=2 boats=0
  city 393221 LOC_CITY_NAME_SAINT_JOHN @59,23 pop=7 loy=100 lpt=18 max=100 item=E quarries=1 boats=1
  city 458758 LOC_CITY_NAME_VICTORIA @49,10 pop=5 loy=100 lpt=23 max=100 item=E quarries=0 boats=0
  city 524295 LOC_CITY_NAME_WINNIPEG @63,20 pop=2 loy=100 lpt=14 max=100 item=E quarries=0 boats=0
P2 gold=61.8984375 gy=74.40234375 maint=30 sci=29.60546875 rt=29 cart=true bank=true costCart=240 costBank=240 canCart=false canBank=false
  city 65536 LOC_CITY_NAME_TE_HOKIANGA_NU_A_KUPE @16,9 pop=14 loy=100 lpt=23 max=100 item=E quarries=0 boats=2
  city 131073 LOC_CITY_NAME_NGARUAWAHIA @69,21 pop=10 loy=100 lpt=1.828125 max=100 item=E quarries=0 boats=2
P3 gold=137.078125 gy=96.0859375 maint=46 sci=92.234375 rt=45 cart=true bank=true costCart=240 costBank=240 canCart=false canBank=false
  city 65536 LOC_CITY_NAME_STOCKHOLM @77,14 pop=15 loy=100 lpt=32 max=100 item=E quarries=2 boats=2
  city 131073 LOC_CITY_NAME_GOTEBORG @73,12 pop=14 loy=100 lpt=34 max=100 item=E quarries=2 boats=0
  city 196610 LOC_CITY_NAME_LINKOPING @69,11 pop=6 loy=100 lpt=33 max=100 item=E quarries=0 boats=0
  city 262147 LOC_CITY_NAME_LUND @72,8 pop=9 loy=100 lpt=32 max=100 item=E quarries=0 boats=1
  city 327684 LOC_CITY_NAME_UMEA @78,10 pop=11 loy=100 lpt=32 max=100 item=E quarries=0 boats=0
  city 393221 LOC_CITY_NAME_OREBRO @66,10 pop=4 loy=100 lpt=22 max=100 item=E quarries=1 boats=0
  city 458758 LOC_CITY_NAME_JONKOPING @80,13 pop=3 loy=100 lpt=22 max=100 item=E quarries=0 boats=0
P4 gold=106.57421875 gy=54.84765625 maint=18 sci=60.5 rt=36 cart=false bank=true costCart=240 costBank=240 canCart=true canBank=false
  city 65536 LOC_CITY_NAME_THEBES @23,19 pop=17 loy=100 lpt=22 max=100 item=E quarries=1 boats=0
  city 327681 LOC_CITY_NAME_RA_KEDET @27,16 pop=5 loy=100 lpt=25 max=100 item=E quarries=0 boats=0
  city 196610 LOC_CITY_NAME_AKHETATEN @24,14 pop=7 loy=100 lpt=25 max=100 item=E quarries=0 boats=0
  city 262147 LOC_CITY_NAME_NEKHEN @20,20 pop=10 loy=100 lpt=25 max=100 item=E quarries=0 boats=0
  city 393220 LOC_CITY_NAME_IWNW @28,12 pop=4 loy=100 lpt=17 max=100 item=E quarries=0 boats=0
  city 458757 LOC_CITY_NAME_MEMPHIS @21,12 pop=3 loy=100 lpt=14.96875 max=100 item=E quarries=0 boats=0
  city 524294 LOC_CITY_NAME_TE_POKOHIWI @18,16 pop=4 loy=100 lpt=18 max=100 item=E quarries=0 boats=1
P5 gold=151.26171875 gy=101.79296875 maint=79 sci=111.99609375 rt=49 cart=false bank=true costCart=240 costBank=240 canCart=true canBank=false
  city 65536 LOC_CITY_NAME_PASARGADAE @32,28 pop=17 loy=100 lpt=26 max=100 item=E quarries=0 boats=0
  city 131073 LOC_CITY_NAME_BAKHTRI @29,25 pop=12 loy=100 lpt=31 max=100 item=E quarries=0 boats=0
  city 196610 LOC_CITY_NAME_HAGMATANA @27,31 pop=8 loy=100 lpt=31 max=100 item=E quarries=0 boats=0
  city 458755 LOC_CITY_NAME_RAY @34,25 pop=5 loy=100 lpt=23 max=100 item=E quarries=0 boats=0
  city 327684 LOC_CITY_NAME_APU @25,23 pop=8 loy=67.796875 lpt=5.734375 max=100 item=E quarries=0 boats=0
  city 393221 LOC_CITY_NAME_SPARDA @32,22 pop=8 loy=100 lpt=23 max=100 item=E quarries=0 boats=0
  city 524294 LOC_CITY_NAME_SUSA @24,33 pop=3 loy=100 lpt=31 max=100 item=E quarries=0 boats=0
P6 gold=260.546875 gy=174.59765625 maint=58 sci=118.5078125 rt=42 cart=true bank=true costCart=240 costBank=240 canCart=false canBank=false
  city 65536 LOC_CITY_NAME_TBILISI @65,32 pop=23 loy=100 lpt=35 max=100 item=E quarries=0 boats=0
  city 131073 LOC_CITY_NAME_BATUMI @61,33 pop=19 loy=100 lpt=33 max=100 item=E quarries=0 boats=0
  city 196610 LOC_CITY_NAME_RUSTAVI @68,31 pop=16 loy=100 lpt=39 max=100 item=E quarries=0 boats=1
  city 262147 LOC_CITY_NAME_KUTAISI @63,38 pop=12 loy=100 lpt=27 max=100 item=E quarries=0 boats=0
  city 327684 LOC_CITY_NAME_KASPI @61,29 pop=8 loy=100 lpt=23 max=100 item=E quarries=0 boats=0
  city 393221 LOC_CITY_NAME_POTI @60,42 pop=4 loy=100 lpt=23 max=100 item=E quarries=0 boats=1
  city 458758 LOC_CITY_NAME_TSKHUMI @66,36 pop=5 loy=100 lpt=23 max=100 item=E quarries=0 boats=0
P7 gold=93.31640625 gy=79.79296875 maint=70 sci=110.5859375 rt=68 cart=true bank=true costCart=240 costBank=240 canCart=false canBank=false
  city 65536 LOC_CITY_NAME_MEROE @12,30 pop=11 loy=100 lpt=29 max=100 item=E quarries=0 boats=0
  city 131073 LOC_CITY_NAME_FARAS @8,29 pop=8 loy=100 lpt=31 max=100 item=E quarries=0 boats=0
  city 196610 LOC_CITY_NAME_EL_KURRU @16,30 pop=12 loy=100 lpt=31 max=100 item=E quarries=0 boats=0
  city 262147 LOC_CITY_NAME_SEDEINGA @19,28 pop=6 loy=100 lpt=6.484375 max=100 item=E quarries=0 boats=0
  city 327684 LOC_CITY_NAME_WHAKAREWAREWA @6,26 pop=5 loy=100 lpt=28 max=100 item=E quarries=0 boats=0
  city 393221 LOC_CITY_NAME_BUHEN @17,34 pop=6 loy=100 lpt=31 max=100 item=E quarries=0 boats=0
identity [19] GetCityIdentityPressures GetConversionOutcome GetGovernorIdentityPressures GetIdentitySourcesBreakdown GetIdentitySourcesDetailedBreakdown GetLoyalty GetLoyaltyLevel GetLoyaltyPerTurn GetLoyaltyPerTurnFromIdentityPressureRatio GetLoyaltyPerTurnStatus GetMaxLoyalty GetPlayerIdentitiesInCity GetPotentialTransferPlayer GetTurnsToConversion IsAlwaysFullyLoyal TypeName __index __instance __instances
