################ c16w cycle seat 0 op UNITOPERATION_SPY_SIPHON_FUNDS cap 12 extra 8 city 54:11 district 54:10 defender 1:7471106
setup: four spy civics granted, 8 extra grants
defender 7471106 at 54:10 level 3 op UNITOPERATION_SPY_COUNTERSPY
turn 156 spies 0 started 0 travelled 0 promoted 0 bought 2 gold 50000
    unblock: unblock: blocker ENDTURN_BLOCKING_CIVIC -> civic CIVIC_MILITARY_TRADITION
    unblock: unblock: blocker ENDTURN_BLOCKING_PRODUCTION -> CALAKMUL builds UNIT_WARRIOR
    unblock: unblock: blocker ENDTURN_BLOCKING_FILL_CIVIC_SLOT -> nothing
    popup HistoricMoments -> closed
    grabbed p1: def: spy 7471106 at 54:10 level 3 xp 45 promos PROMOTION_SPY_TECHNOLOGIST,PROMOTION_SPY_DEMOLITIONS op UNITOPERATION_SPY_COUNTERSPY targets 
    cause popup NaturalDisasterPopup -> closed
turn 157 spies active 0 idle 2 missions 0 captured-enemy 0
spy 3342341 LOC_CITIZEN_MAYA_MODERN_MALE_6 level 1 at 36:42 travel
spy 3407887 LOC_CITIZEN_MAYA_MALE_5 level 1 at 37:38 travel
defender 7471106 at 54:11 level 3 op -1
turn 157 spies 2 started 0 travelled 2 promoted 0 bought 0 gold 50000
    unblock: unblock: blocker ENDTURN_BLOCKING_CIVIC -> civic CIVIC_MYSTICISM
    unblock: unblock: blocker ENDTURN_BLOCKING_PRODUCTION -> CALAKMUL builds UNIT_WARRIOR
    unblock: unblock: blocker ENDTURN_BLOCKING_FILL_CIVIC_SLOT -> nothing
    popup HistoricMoments -> closed
    grabbed p1: def: spy 7471106 at 54:11 level 3 xp 45 promos PROMOTION_SPY_TECHNOLOGIST,PROMOTION_SPY_DEMOLITIONS op -1 targets 54:11,53:13,53:9,54:10,54:12,56:11,55:11,54:8
    repost: def: post at 54:10 plotcan true requested plot
    after: def: spy 7471106 at 54:10 level 3 xp 45 promos PROMOTION_SPY_TECHNOLOGIST,PROMOTION_SPY_DEMOLITIONS op UNITOPERATION_SPY_COUNTERSPY targets 
    cause popup HistoricMoments -> closed
turn 158 spies active 0 idle 0 missions 0 captured-enemy 0
defender 7471106 at 54:10 level 3 op UNITOPERATION_SPY_COUNTERSPY
turn 158 spies 0 started 0 travelled 0 promoted 0 bought 2 gold 50000
    unblock: unblock: blocker ENDTURN_BLOCKING_CIVIC -> civic CIVIC_POLITICAL_PHILOSOPHY
    unblock: unblock: blocker ENDTURN_BLOCKING_FILL_CIVIC_SLOT -> nothing
    popup TechCivicCompletedPopup -> closed
    grabbed p1: def: spy 7471106 at 54:10 level 3 xp 45 promos PROMOTION_SPY_TECHNOLOGIST,PROMOTION_SPY_DEMOLITIONS op UNITOPERATION_SPY_COUNTERSPY targets 
    cause popup HistoricMoments -> closed
turn 159 spies active 0 idle 4 missions 0 captured-enemy 0
spy 3801092 LOC_CITIZEN_MAYA_MALE_5 level 1 at 54:11 start
spy 3670021 LOC_CITIZEN_MAYA_MALE_3 level 1 at 37:38 travel
spy 3735561 LOC_CITIZEN_MAYA_MODERN_MALE_6 level 1 at 54:11 start
spy 3604495 LOC_CITIZEN_MAYA_MODERN_MALE_1 level 1 at 36:42 travel
defender 7471106 at 54:10 level 3 op UNITOPERATION_SPY_COUNTERSPY
turn 159 spies 4 started 2 travelled 2 promoted 0 bought 0 gold 50000
    unblock: unblock: blocker ENDTURN_BLOCKING_CIVIC -> civic CIVIC_MILITARY_TRAINING
    unblock: unblock: blocker ENDTURN_BLOCKING_FILL_CIVIC_SLOT -> nothing
    popup TechCivicCompletedPopup -> closed
    grabbed p1: def: spy 7471106 at 54:10 level 3 xp 45 promos PROMOTION_SPY_TECHNOLOGIST,PROMOTION_SPY_DEMOLITIONS op UNITOPERATION_SPY_COUNTERSPY targets 
    cause popup TechCivicCompletedPopup -> closed
turn 160 spies active 2 idle 0 missions 0 captured-enemy 0
spy 3801092 LOC_CITIZEN_MAYA_MALE_5 level 1 at 54:10 busy:UNITOPERATION_SPY_SIPHON_FUNDS
spy 3735561 LOC_CITIZEN_MAYA_MODERN_MALE_6 level 1 at 54:10 busy:UNITOPERATION_SPY_SIPHON_FUNDS
defender 7471106 at 54:10 level 3 op UNITOPERATION_SPY_COUNTERSPY
turn 160 spies 2 started 0 travelled 0 promoted 0 bought 2 gold 50000
    unblock: unblock: blocker ENDTURN_BLOCKING_CIVIC -> civic CIVIC_DEFENSIVE_TACTICS
    unblock: unblock: blocker ENDTURN_BLOCKING_PRODUCTION -> CALAKMUL builds UNIT_WARRIOR
    unblock: unblock: blocker ENDTURN_BLOCKING_FILL_CIVIC_SLOT -> nothing
    grabbed p1: def: spy 7471106 at 54:10 level 3 xp 45 promos PROMOTION_SPY_TECHNOLOGIST,PROMOTION_SPY_DEMOLITIONS op UNITOPERATION_SPY_COUNTERSPY targets 
    cause popup TechCivicCompletedPopup -> closed
turn 161 spies active 2 idle 4 missions 0 captured-enemy 0
spy 4063232 LOC_CITIZEN_MAYA_MODERN_MALE_9 level 1 at 37:38 travel
spy 3997698 LOC_CITIZEN_MAYA_MODERN_FEMALE_9 level 1 at 36:42 travel
spy 3801092 LOC_CITIZEN_MAYA_MALE_5 level 1 at 54:10 busy:UNITOPERATION_SPY_SIPHON_FUNDS
spy 3735561 LOC_CITIZEN_MAYA_MODERN_MALE_6 level 1 at 54:10 busy:UNITOPERATION_SPY_SIPHON_FUNDS
spy 4194320 LOC_CITIZEN_MAYA_MODERN_MALE_1 level 1 at 54:11 start
spy 4128788 LOC_CITIZEN_MAYA_MALE_3 level 1 at 54:11 start
defender 7471106 at 54:10 level 3 op UNITOPERATION_SPY_COUNTERSPY
turn 161 spies 6 started 2 travelled 2 promoted 0 bought 0 gold 50000
    unblock: unblock: blocker ENDTURN_BLOCKING_CIVIC -> civic CIVIC_RECORDED_HISTORY
    unblock: unblock: blocker ENDTURN_BLOCKING_FILL_CIVIC_SLOT -> nothing
    popup WorldCrisisPopup -> closed
    grabbed p1: def: spy 7471106 at 54:10 level 3 xp 45 promos PROMOTION_SPY_TECHNOLOGIST,PROMOTION_SPY_DEMOLITIONS op UNITOPERATION_SPY_COUNTERSPY targets 
    cause session 2:2 -> closed sessions [2:2]
    cause popup DiplomacyActionView -> hidden
    cause popup LeaderScene -> hidden
    cause popup WorldCongressIntro -> closed
    cause popup WorldCongressPopup -> closed
    cause blocker ENDTURN_BLOCKING_WORLD_CONGRESS_SESSION: no handler
spy 3801092 LOC_CITIZEN_MAYA_MALE_5 level 1 at 54:10 busy:UNITOPERATION_SPY_SIPHON_FUNDS
spy 3735561 LOC_CITIZEN_MAYA_MODERN_MALE_6 level 1 at 54:10 busy:UNITOPERATION_SPY_SIPHON_FUNDS
spy 4194320 LOC_CITIZEN_MAYA_MODERN_MALE_1 level 1 at 54:10 busy:UNITOPERATION_SPY_SIPHON_FUNDS
spy 4128788 LOC_CITIZEN_MAYA_MALE_3 level 1 at 54:10 busy:UNITOPERATION_SPY_SIPHON_FUNDS
defender 7471106 at 54:10 level 3 op UNITOPERATION_SPY_COUNTERSPY
turn 161 spies 4 started 0 travelled 0 promoted 0 bought 0 gold 50000
    unblock: unblock: blocker ENDTURN_BLOCKING_WORLD_CONGRESS_SESSION -> nothing
    no grab of p1 this turn
turn 162 spies active 4 idle 0 missions 0 captured-enemy 0
spy 3801092 LOC_CITIZEN_MAYA_MALE_5 level 1 at 54:10 busy:UNITOPERATION_SPY_SIPHON_FUNDS
spy 3735561 LOC_CITIZEN_MAYA_MODERN_MALE_6 level 1 at 54:10 busy:UNITOPERATION_SPY_SIPHON_FUNDS
spy 4194320 LOC_CITIZEN_MAYA_MODERN_MALE_1 level 1 at 54:10 busy:UNITOPERATION_SPY_SIPHON_FUNDS
spy 4128788 LOC_CITIZEN_MAYA_MALE_3 level 1 at 54:10 busy:UNITOPERATION_SPY_SIPHON_FUNDS
defender 7471106 at 54:10 level 3 op UNITOPERATION_SPY_COUNTERSPY
turn 162 spies 4 started 0 travelled 0 promoted 0 bought 2 gold 50000
    unblock: unblock: blocker ENDTURN_BLOCKING_CIVIC -> civic CIVIC_THEOLOGY
    unblock: unblock: blocker ENDTURN_BLOCKING_PRODUCTION -> CALAKMUL builds UNIT_WARRIOR
    unblock: unblock: blocker ENDTURN_BLOCKING_FILL_CIVIC_SLOT -> nothing
    popup WorldCongressPopup -> closed
    grabbed p1: def: spy 7471106 at 54:10 level 3 xp 45 promos PROMOTION_SPY_TECHNOLOGIST,PROMOTION_SPY_DEMOLITIONS op UNITOPERATION_SPY_COUNTERSPY targets 
    cause popup EspionagePopup -> closed
mission CityName=LOC_CITY_NAME_OTTAWA CompletionTurn=163 EscapeResult=-1 InitialResult=1 LevelAfter=1 LootInfo=0 Name=LOC_CITIZEN_MAYA_MODERN_MALE_6 Operation=46 PlotIndex=894
mission CityName=LOC_CITY_NAME_OTTAWA CompletionTurn=163 EscapeResult=-1 InitialResult=0 LevelAfter=1 LootInfo=0 Name=LOC_CITIZEN_MAYA_MALE_5 Operation=46 PlotIndex=894
tally 1  SIPHON_FUNDS CAPTURED / NO_RESULT
tally 1  SIPHON_FUNDS KILLED / NO_RESULT
turn 163 spies active 2 idle 4 missions 2 captured-enemy 0
spy 4325376 LOC_CITIZEN_MAYA_MALE_4 level 1 at 36:42 travel
spy 4390925 LOC_CITIZEN_MAYA_FEMALE_4 level 1 at 37:38 travel
spy 4194320 LOC_CITIZEN_MAYA_MODERN_MALE_1 level 1 at 54:10 busy:UNITOPERATION_SPY_SIPHON_FUNDS
spy 4128788 LOC_CITIZEN_MAYA_MALE_3 level 1 at 54:10 busy:UNITOPERATION_SPY_SIPHON_FUNDS
spy 4522006 LOC_CITIZEN_MAYA_MODERN_FEMALE_9 level 1 at 54:11 start
spy 4456471 LOC_CITIZEN_MAYA_MODERN_MALE_9 level 1 at 54:11 start
defender 7471106 at 54:11 level 3 op -1
turn 163 spies 6 started 2 travelled 2 promoted 0 bought 0 gold 50000
    unblock: unblock: blocker ENDTURN_BLOCKING_CIVIC -> civic CIVIC_NAVAL_TRADITION
    unblock: unblock: blocker ENDTURN_BLOCKING_PRODUCTION -> NARANJO builds UNIT_WARRIOR
    unblock: unblock: blocker ENDTURN_BLOCKING_FILL_CIVIC_SLOT -> nothing
    popup EspionagePopup -> closed
    grabbed p1: def: spy 7471106 at 54:11 level 3 xp 90 promos PROMOTION_SPY_TECHNOLOGIST,PROMOTION_SPY_DEMOLITIONS op -1 targets 54:11,53:13,53:9,54:10,54:12,56:11,55:11,54:8
    repost: def: post at 54:10 plotcan true requested plot
    after: def: spy 7471106 at 54:10 level 3 xp 90 promos PROMOTION_SPY_TECHNOLOGIST,PROMOTION_SPY_DEMOLITIONS op UNITOPERATION_SPY_COUNTERSPY targets 
    cause popup HistoricMoments -> closed
mission CityName=LOC_CITY_NAME_OTTAWA CompletionTurn=163 EscapeResult=-1 InitialResult=1 LevelAfter=1 LootInfo=0 Name=LOC_CITIZEN_MAYA_MODERN_MALE_6 Operation=46 PlotIndex=894
mission CityName=LOC_CITY_NAME_OTTAWA CompletionTurn=163 EscapeResult=-1 InitialResult=0 LevelAfter=1 LootInfo=0 Name=LOC_CITIZEN_MAYA_MALE_5 Operation=46 PlotIndex=894
tally 1  SIPHON_FUNDS CAPTURED / NO_RESULT
tally 1  SIPHON_FUNDS KILLED / NO_RESULT
turn 164 spies active 4 idle 0 missions 2 captured-enemy 0
spy 4194320 LOC_CITIZEN_MAYA_MODERN_MALE_1 level 1 at 54:10 busy:UNITOPERATION_SPY_SIPHON_FUNDS
spy 4128788 LOC_CITIZEN_MAYA_MALE_3 level 1 at 54:10 busy:UNITOPERATION_SPY_SIPHON_FUNDS
spy 4522006 LOC_CITIZEN_MAYA_MODERN_FEMALE_9 level 1 at 54:10 busy:UNITOPERATION_SPY_SIPHON_FUNDS
spy 4456471 LOC_CITIZEN_MAYA_MODERN_MALE_9 level 1 at 54:10 busy:UNITOPERATION_SPY_SIPHON_FUNDS
defender 7471106 at 54:10 level 3 op UNITOPERATION_SPY_COUNTERSPY
turn 164 spies 4 started 0 travelled 0 promoted 0 bought 2 gold 50000
    unblock: unblock: blocker ENDTURN_BLOCKING_RESEARCH -> research TECH_MILITARY_TACTICS
    unblock: unblock: blocker ENDTURN_BLOCKING_CIVIC -> civic CIVIC_FEUDALISM
    unblock: unblock: blocker ENDTURN_BLOCKING_PRODUCTION -> CALAKMUL builds UNIT_WARRIOR
    unblock: unblock: blocker ENDTURN_BLOCKING_FILL_CIVIC_SLOT -> nothing
    popup TechCivicCompletedPopup -> closed
    grabbed p1: def: spy 7471106 at 54:10 level 3 xp 90 promos PROMOTION_SPY_TECHNOLOGIST,PROMOTION_SPY_DEMOLITIONS op UNITOPERATION_SPY_COUNTERSPY targets 
    cause session 2:2 -> closed sessions [2:2]
    cause popup DiplomacyActionView -> hidden
    cause popup LeaderScene -> hidden
mission CityName=LOC_CITY_NAME_OTTAWA CompletionTurn=165 EscapeResult=-1 InitialResult=2 LevelAfter=1 LootInfo=0 Name=LOC_CITIZEN_MAYA_MALE_3 Operation=46 PlotIndex=894
mission CityName=LOC_CITY_NAME_OTTAWA CompletionTurn=165 EscapeResult=-1 InitialResult=1 LevelAfter=1 LootInfo=0 Name=LOC_CITIZEN_MAYA_MODERN_MALE_1 Operation=46 PlotIndex=894
mission CityName=LOC_CITY_NAME_OTTAWA CompletionTurn=163 EscapeResult=-1 InitialResult=1 LevelAfter=1 LootInfo=0 Name=LOC_CITIZEN_MAYA_MODERN_MALE_6 Operation=46 PlotIndex=894
mission CityName=LOC_CITY_NAME_OTTAWA CompletionTurn=163 EscapeResult=-1 InitialResult=0 LevelAfter=1 LootInfo=0 Name=LOC_CITIZEN_MAYA_MALE_5 Operation=46 PlotIndex=894
tally 2  SIPHON_FUNDS CAPTURED / NO_RESULT
tally 1  SIPHON_FUNDS FAIL_MUST_ESCAPE / NO_RESULT
tally 1  SIPHON_FUNDS KILLED / NO_RESULT
turn 165 spies active 3 idle 4 missions 4 captured-enemy 0
spy 4849664 LOC_CITIZEN_MAYA_MALE_4 level 1 at 54:11 start
spy 4784132 LOC_CITIZEN_MAYA_MODERN_FEMALE_5 level 1 at 37:38 travel
spy 4718601 LOC_CITIZEN_MAYA_FEMALE_1 level 1 at 36:42 travel
spy 4915219 LOC_CITIZEN_MAYA_FEMALE_4 level 1 at 54:11 start
spy 4128788 LOC_CITIZEN_MAYA_MALE_3 level 1 at 54:10 busy:UNITOPERATION_SPY_SIPHON_FUNDS
spy 4522006 LOC_CITIZEN_MAYA_MODERN_FEMALE_9 level 1 at 54:10 busy:UNITOPERATION_SPY_SIPHON_FUNDS
spy 4456471 LOC_CITIZEN_MAYA_MODERN_MALE_9 level 1 at 54:10 busy:UNITOPERATION_SPY_SIPHON_FUNDS
defender 7471106 at 54:11 level 3 op -1
turn 165 spies 7 started 2 travelled 2 promoted 0 bought 0 gold 50000
    unblock: unblock: blocker ENDTURN_BLOCKING_SPY_CHOOSE_ESCAPE_ROUTE -> escape route DISTRICT_COMMERCIAL_HUB of 2 for spy 4128788 LOC_CITIZEN_MAYA_MALE_3 level 1 turn 165 city LOC_CITY_NAME_OTTAWA p1 at 54:10 pursuer police
    unblock: unblock: blocker ENDTURN_BLOCKING_CIVIC -> civic CIVIC_CIVIL_SERVICE
    unblock: unblock: blocker ENDTURN_BLOCKING_PRODUCTION -> NARANJO builds UNIT_WARRIOR
    unblock: unblock: blocker ENDTURN_BLOCKING_FILL_CIVIC_SLOT -> nothing
    popup TechCivicCompletedPopup -> closed
    grabbed p1: def: spy 7471106 at 54:11 level 3 xp 90 promos PROMOTION_SPY_TECHNOLOGIST,PROMOTION_SPY_DEMOLITIONS op -1 targets 54:11,53:13,53:9,54:10,54:12,56:11,55:11,54:8
    repost: def: post at 54:10 plotcan true requested plot
    after: def: spy 7471106 at 54:10 level 3 xp 90 promos PROMOTION_SPY_TECHNOLOGIST,PROMOTION_SPY_DEMOLITIONS op UNITOPERATION_SPY_COUNTERSPY targets 
    cause session 2:2 -> closed sessions [2:2]
    cause popup DiplomacyActionView -> hidden
    cause popup LeaderScene -> hidden
    cause popup EspionagePopup -> closed
mission CityName=LOC_CITY_NAME_OTTAWA CompletionTurn=165 EscapeResult=1 InitialResult=2 LevelAfter=1 LootInfo=0 Name=LOC_CITIZEN_MAYA_MALE_3 Operation=46 PlotIndex=894
mission CityName=LOC_CITY_NAME_OTTAWA CompletionTurn=165 EscapeResult=-1 InitialResult=1 LevelAfter=1 LootInfo=0 Name=LOC_CITIZEN_MAYA_MODERN_MALE_1 Operation=46 PlotIndex=894
mission CityName=LOC_CITY_NAME_OTTAWA CompletionTurn=163 EscapeResult=-1 InitialResult=1 LevelAfter=1 LootInfo=0 Name=LOC_CITIZEN_MAYA_MODERN_MALE_6 Operation=46 PlotIndex=894
mission CityName=LOC_CITY_NAME_OTTAWA CompletionTurn=163 EscapeResult=-1 InitialResult=0 LevelAfter=1 LootInfo=0 Name=LOC_CITIZEN_MAYA_MALE_5 Operation=46 PlotIndex=894
tally 2  SIPHON_FUNDS CAPTURED / NO_RESULT
tally 1  SIPHON_FUNDS FAIL_MUST_ESCAPE / CAPTURED
tally 1  SIPHON_FUNDS KILLED / NO_RESULT
turn 166 spies active 4 idle 0 missions 4 captured-enemy 0
spy 4849664 LOC_CITIZEN_MAYA_MALE_4 level 1 at 54:10 busy:UNITOPERATION_SPY_SIPHON_FUNDS
spy 4915219 LOC_CITIZEN_MAYA_FEMALE_4 level 1 at 54:10 busy:UNITOPERATION_SPY_SIPHON_FUNDS
spy 4522006 LOC_CITIZEN_MAYA_MODERN_FEMALE_9 level 1 at 54:10 busy:UNITOPERATION_SPY_SIPHON_FUNDS
spy 4456471 LOC_CITIZEN_MAYA_MODERN_MALE_9 level 1 at 54:10 busy:UNITOPERATION_SPY_SIPHON_FUNDS
defender 7471106 at 54:10 level 3 op UNITOPERATION_SPY_COUNTERSPY
turn 166 spies 4 started 0 travelled 0 promoted 0 bought 2 gold 50000
    unblock: unblock: blocker ENDTURN_BLOCKING_CIVIC -> civic CIVIC_MERCENARIES
    unblock: unblock: blocker ENDTURN_BLOCKING_PRODUCTION -> CALAKMUL builds UNIT_WARRIOR
    unblock: unblock: blocker ENDTURN_BLOCKING_FILL_CIVIC_SLOT -> nothing
    popup TechCivicCompletedPopup -> closed
    grabbed p1: def: spy 7471106 at 54:10 level 3 xp 90 promos PROMOTION_SPY_TECHNOLOGIST,PROMOTION_SPY_DEMOLITIONS op UNITOPERATION_SPY_COUNTERSPY targets 
mission CityName=LOC_CITY_NAME_OTTAWA CompletionTurn=167 EscapeResult=-1 InitialResult=0 LevelAfter=1 LootInfo=0 Name=LOC_CITIZEN_MAYA_MODERN_MALE_9 Operation=46 PlotIndex=894
mission CityName=LOC_CITY_NAME_OTTAWA CompletionTurn=167 EscapeResult=-1 InitialResult=2 LevelAfter=1 LootInfo=0 Name=LOC_CITIZEN_MAYA_MODERN_FEMALE_9 Operation=46 PlotIndex=894
mission CityName=LOC_CITY_NAME_OTTAWA CompletionTurn=165 EscapeResult=1 InitialResult=2 LevelAfter=1 LootInfo=0 Name=LOC_CITIZEN_MAYA_MALE_3 Operation=46 PlotIndex=894
mission CityName=LOC_CITY_NAME_OTTAWA CompletionTurn=165 EscapeResult=-1 InitialResult=1 LevelAfter=1 LootInfo=0 Name=LOC_CITIZEN_MAYA_MODERN_MALE_1 Operation=46 PlotIndex=894
mission CityName=LOC_CITY_NAME_OTTAWA CompletionTurn=163 EscapeResult=-1 InitialResult=1 LevelAfter=1 LootInfo=0 Name=LOC_CITIZEN_MAYA_MODERN_MALE_6 Operation=46 PlotIndex=894
mission CityName=LOC_CITY_NAME_OTTAWA CompletionTurn=163 EscapeResult=-1 InitialResult=0 LevelAfter=1 LootInfo=0 Name=LOC_CITIZEN_MAYA_MALE_5 Operation=46 PlotIndex=894
tally 2  SIPHON_FUNDS CAPTURED / NO_RESULT
tally 1  SIPHON_FUNDS FAIL_MUST_ESCAPE / CAPTURED
tally 1  SIPHON_FUNDS FAIL_MUST_ESCAPE / NO_RESULT
tally 2  SIPHON_FUNDS KILLED / NO_RESULT
turn 167 spies active 4 idle 2 missions 6 captured-enemy 0
spy 4849664 LOC_CITIZEN_MAYA_MALE_4 level 1 at 54:10 busy:UNITOPERATION_SPY_SIPHON_FUNDS
spy 5242884 LOC_CITIZEN_MAYA_MODERN_FEMALE_5 level 1 at 54:11 start
spy 5177353 LOC_CITIZEN_MAYA_FEMALE_8 level 1 at 37:38 travel
spy 5111824 LOC_CITIZEN_MAYA_MODERN_MALE_4 level 1 at 36:42 travel
spy 4915219 LOC_CITIZEN_MAYA_FEMALE_4 level 1 at 54:10 busy:UNITOPERATION_SPY_SIPHON_FUNDS
spy 4522006 LOC_CITIZEN_MAYA_MODERN_FEMALE_9 level 1 at 54:10 busy:UNITOPERATION_SPY_SIPHON_FUNDS
spy 5308441 LOC_CITIZEN_MAYA_FEMALE_1 level 1 at 54:11 start
defender 7471106 at 54:11 level 3 op -1
turn 167 spies 7 started 2 travelled 2 promoted 0 bought 0 gold 50000
    unblock: unblock: blocker ENDTURN_BLOCKING_SPY_CHOOSE_ESCAPE_ROUTE -> escape route DISTRICT_COMMERCIAL_HUB of 2 for spy 4522006 LOC_CITIZEN_MAYA_MODERN_FEMALE_9 level 1 turn 167 city LOC_CITY_NAME_OTTAWA p1 at 54:10 pursuer police
    unblock: unblock: blocker ENDTURN_BLOCKING_CIVIC -> civic CIVIC_MEDIEVAL_FAIRES
    unblock: unblock: blocker ENDTURN_BLOCKING_PRODUCTION -> NARANJO builds UNIT_WARRIOR
    unblock: unblock: blocker ENDTURN_BLOCKING_FILL_CIVIC_SLOT -> nothing
    popup TechCivicCompletedPopup -> closed
    grabbed p1: def: spy 7471106 at 54:11 level 3 xp 90 promos PROMOTION_SPY_TECHNOLOGIST,PROMOTION_SPY_DEMOLITIONS op -1 targets 54:11,53:13,53:9,54:10,54:12,56:11,55:11,54:8
    repost: def: post at 54:10 plotcan true requested plot
    after: def: spy 7471106 at 54:10 level 3 xp 90 promos PROMOTION_SPY_TECHNOLOGIST,PROMOTION_SPY_DEMOLITIONS op UNITOPERATION_SPY_COUNTERSPY targets 
    cause popup TechCivicCompletedPopup -> closed
mission CityName=LOC_CITY_NAME_OTTAWA CompletionTurn=167 EscapeResult=-1 InitialResult=0 LevelAfter=1 LootInfo=0 Name=LOC_CITIZEN_MAYA_MODERN_MALE_9 Operation=46 PlotIndex=894
mission CityName=LOC_CITY_NAME_OTTAWA CompletionTurn=167 EscapeResult=2 InitialResult=2 LevelAfter=1 LootInfo=0 Name=LOC_CITIZEN_MAYA_MODERN_FEMALE_9 Operation=46 PlotIndex=894
mission CityName=LOC_CITY_NAME_OTTAWA CompletionTurn=165 EscapeResult=1 InitialResult=2 LevelAfter=1 LootInfo=0 Name=LOC_CITIZEN_MAYA_MALE_3 Operation=46 PlotIndex=894
mission CityName=LOC_CITY_NAME_OTTAWA CompletionTurn=165 EscapeResult=-1 InitialResult=1 LevelAfter=1 LootInfo=0 Name=LOC_CITIZEN_MAYA_MODERN_MALE_1 Operation=46 PlotIndex=894
mission CityName=LOC_CITY_NAME_OTTAWA CompletionTurn=163 EscapeResult=-1 InitialResult=1 LevelAfter=1 LootInfo=0 Name=LOC_CITIZEN_MAYA_MODERN_MALE_6 Operation=46 PlotIndex=894
mission CityName=LOC_CITY_NAME_OTTAWA CompletionTurn=163 EscapeResult=-1 InitialResult=0 LevelAfter=1 LootInfo=0 Name=LOC_CITIZEN_MAYA_MALE_5 Operation=46 PlotIndex=894
tally 2  SIPHON_FUNDS CAPTURED / NO_RESULT
tally 1  SIPHON_FUNDS FAIL_MUST_ESCAPE / CAPTURED
tally 1  SIPHON_FUNDS FAIL_MUST_ESCAPE / FAIL_MUST_ESCAPE
tally 2  SIPHON_FUNDS KILLED / NO_RESULT
turn 168 spies active 4 idle 0 missions 6 captured-enemy 0
spy 4849664 LOC_CITIZEN_MAYA_MALE_4 level 1 at 54:10 busy:UNITOPERATION_SPY_SIPHON_FUNDS
spy 5242884 LOC_CITIZEN_MAYA_MODERN_FEMALE_5 level 1 at 54:10 busy:UNITOPERATION_SPY_SIPHON_FUNDS
spy 4915219 LOC_CITIZEN_MAYA_FEMALE_4 level 1 at 54:10 busy:UNITOPERATION_SPY_SIPHON_FUNDS
spy 5308441 LOC_CITIZEN_MAYA_FEMALE_1 level 1 at 54:10 busy:UNITOPERATION_SPY_SIPHON_FUNDS
defender 7471106 at 54:10 level 3 op UNITOPERATION_SPY_COUNTERSPY
turn 168 spies 4 started 0 travelled 0 promoted 0 bought 2 gold 50000
    unblock: unblock: blocker ENDTURN_BLOCKING_CIVIC -> civic CIVIC_GUILDS
    unblock: unblock: blocker ENDTURN_BLOCKING_PRODUCTION -> CALAKMUL builds UNIT_WARRIOR
    unblock: unblock: blocker ENDTURN_BLOCKING_FILL_CIVIC_SLOT -> nothing
    popup EspionagePopup -> closed
    grabbed p1: def: spy 7471106 at 54:10 level 3 xp 90 promos PROMOTION_SPY_TECHNOLOGIST,PROMOTION_SPY_DEMOLITIONS op UNITOPERATION_SPY_COUNTERSPY targets 
mission CityName=LOC_CITY_NAME_OTTAWA CompletionTurn=167 EscapeResult=-1 InitialResult=0 LevelAfter=1 LootInfo=0 Name=LOC_CITIZEN_MAYA_MODERN_MALE_9 Operation=46 PlotIndex=894
mission CityName=LOC_CITY_NAME_OTTAWA CompletionTurn=167 EscapeResult=2 InitialResult=2 LevelAfter=1 LootInfo=0 Name=LOC_CITIZEN_MAYA_MODERN_FEMALE_9 Operation=46 PlotIndex=894
mission CityName=LOC_CITY_NAME_OTTAWA CompletionTurn=165 EscapeResult=1 InitialResult=2 LevelAfter=1 LootInfo=0 Name=LOC_CITIZEN_MAYA_MALE_3 Operation=46 PlotIndex=894
mission CityName=LOC_CITY_NAME_OTTAWA CompletionTurn=165 EscapeResult=-1 InitialResult=1 LevelAfter=1 LootInfo=0 Name=LOC_CITIZEN_MAYA_MODERN_MALE_1 Operation=46 PlotIndex=894
mission CityName=LOC_CITY_NAME_OTTAWA CompletionTurn=163 EscapeResult=-1 InitialResult=1 LevelAfter=1 LootInfo=0 Name=LOC_CITIZEN_MAYA_MODERN_MALE_6 Operation=46 PlotIndex=894
mission CityName=LOC_CITY_NAME_OTTAWA CompletionTurn=163 EscapeResult=-1 InitialResult=0 LevelAfter=1 LootInfo=0 Name=LOC_CITIZEN_MAYA_MALE_5 Operation=46 PlotIndex=894
tally 2  SIPHON_FUNDS CAPTURED / NO_RESULT
tally 1  SIPHON_FUNDS FAIL_MUST_ESCAPE / CAPTURED
tally 1  SIPHON_FUNDS FAIL_MUST_ESCAPE / FAIL_MUST_ESCAPE
tally 2  SIPHON_FUNDS KILLED / NO_RESULT
turn 169 spies active 4 idle 2 missions 6 captured-enemy 0
spy 4849664 LOC_CITIZEN_MAYA_MALE_4 level 1 at 54:10 busy:UNITOPERATION_SPY_SIPHON_FUNDS
spy 5242884 LOC_CITIZEN_MAYA_MODERN_FEMALE_5 level 1 at 54:10 busy:UNITOPERATION_SPY_SIPHON_FUNDS
spy 5636105 LOC_CITIZEN_MAYA_FEMALE_8 level 1 at 54:11 start
spy 5570576 LOC_CITIZEN_MAYA_FEMALE_6 level 1 at 37:38 travel
spy 4915219 LOC_CITIZEN_MAYA_FEMALE_4 level 1 at 54:10 busy:UNITOPERATION_SPY_SIPHON_FUNDS
spy 5505046 LOC_CITIZEN_MAYA_MALE_6 level 1 at 36:42 travel
spy 5308441 LOC_CITIZEN_MAYA_FEMALE_1 level 1 at 54:10 busy:UNITOPERATION_SPY_SIPHON_FUNDS
spy 5701659 LOC_CITIZEN_MAYA_MODERN_MALE_4 level 1 at 54:11 start
defender 7471106 at 54:10 level 3 op UNITOPERATION_SPY_COUNTERSPY
turn 169 spies 8 started 2 travelled 2 promoted 0 bought 0 gold 50000
    unblock: unblock: blocker ENDTURN_BLOCKING_SPY_CHOOSE_ESCAPE_ROUTE -> escape route DISTRICT_COMMERCIAL_HUB of 2 for spy 4849664 LOC_CITIZEN_MAYA_MALE_4 level 1 turn 169 city LOC_CITY_NAME_OTTAWA p1 at 54:10 pursuer Логан
    unblock: unblock: blocker ENDTURN_BLOCKING_SPY_CHOOSE_ESCAPE_ROUTE -> escape route DISTRICT_CITY_CENTER of 2 for spy 4915219 LOC_CITIZEN_MAYA_FEMALE_4 level 1 turn 169 city LOC_CITY_NAME_OTTAWA p1 at 54:10 pursuer Логан
    unblock: unblock: blocker ENDTURN_BLOCKING_CIVIC -> civic CIVIC_DIVINE_RIGHT
    unblock: unblock: blocker ENDTURN_BLOCKING_PRODUCTION -> NARANJO builds UNIT_WARRIOR
    unblock: unblock: blocker ENDTURN_BLOCKING_FILL_CIVIC_SLOT -> nothing
    popup TechCivicCompletedPopup -> closed
    grabbed p1: def: spy 7471106 at 54:10 level 3 xp 90 promos PROMOTION_SPY_TECHNOLOGIST,PROMOTION_SPY_DEMOLITIONS op UNITOPERATION_SPY_COUNTERSPY targets 
    cause popup EspionagePopup -> closed
mission CityName=LOC_CITY_NAME_OTTAWA CompletionTurn=169 EscapeResult=2 InitialResult=2 LevelAfter=1 LootInfo=0 Name=LOC_CITIZEN_MAYA_FEMALE_4 Operation=46 PlotIndex=894
mission CityName=LOC_CITY_NAME_OTTAWA CompletionTurn=169 EscapeResult=1 InitialResult=2 LevelAfter=1 LootInfo=0 Name=LOC_CITIZEN_MAYA_MALE_4 Operation=46 PlotIndex=894
mission CityName=LOC_CITY_NAME_OTTAWA CompletionTurn=167 EscapeResult=-1 InitialResult=0 LevelAfter=1 LootInfo=0 Name=LOC_CITIZEN_MAYA_MODERN_MALE_9 Operation=46 PlotIndex=894
mission CityName=LOC_CITY_NAME_OTTAWA CompletionTurn=167 EscapeResult=2 InitialResult=2 LevelAfter=1 LootInfo=0 Name=LOC_CITIZEN_MAYA_MODERN_FEMALE_9 Operation=46 PlotIndex=894
mission CityName=LOC_CITY_NAME_OTTAWA CompletionTurn=165 EscapeResult=1 InitialResult=2 LevelAfter=1 LootInfo=0 Name=LOC_CITIZEN_MAYA_MALE_3 Operation=46 PlotIndex=894
mission CityName=LOC_CITY_NAME_OTTAWA CompletionTurn=165 EscapeResult=-1 InitialResult=1 LevelAfter=1 LootInfo=0 Name=LOC_CITIZEN_MAYA_MODERN_MALE_1 Operation=46 PlotIndex=894
mission CityName=LOC_CITY_NAME_OTTAWA CompletionTurn=163 EscapeResult=-1 InitialResult=1 LevelAfter=1 LootInfo=0 Name=LOC_CITIZEN_MAYA_MODERN_MALE_6 Operation=46 PlotIndex=894
mission CityName=LOC_CITY_NAME_OTTAWA CompletionTurn=163 EscapeResult=-1 InitialResult=0 LevelAfter=1 LootInfo=0 Name=LOC_CITIZEN_MAYA_MALE_5 Operation=46 PlotIndex=894
tally 2  SIPHON_FUNDS CAPTURED / NO_RESULT
tally 2  SIPHON_FUNDS FAIL_MUST_ESCAPE / CAPTURED
tally 2  SIPHON_FUNDS FAIL_MUST_ESCAPE / FAIL_MUST_ESCAPE
tally 2  SIPHON_FUNDS KILLED / NO_RESULT
turn 170 spies active 4 idle 1 missions 8 captured-enemy 0
spy 5242884 LOC_CITIZEN_MAYA_MODERN_FEMALE_5 level 1 at 54:10 busy:UNITOPERATION_SPY_SIPHON_FUNDS
spy 5636105 LOC_CITIZEN_MAYA_FEMALE_8 level 1 at 54:10 busy:UNITOPERATION_SPY_SIPHON_FUNDS
spy 5832726 LOC_CITIZEN_MAYA_MODERN_FEMALE_9 level 1 at 36:42 travel
spy 5308441 LOC_CITIZEN_MAYA_FEMALE_1 level 1 at 54:10 busy:UNITOPERATION_SPY_SIPHON_FUNDS
spy 5701659 LOC_CITIZEN_MAYA_MODERN_MALE_4 level 1 at 54:10 busy:UNITOPERATION_SPY_SIPHON_FUNDS
defender 7471106 at 54:10 level 3 op UNITOPERATION_SPY_COUNTERSPY
turn 170 spies 5 started 0 travelled 1 promoted 0 bought 0 gold 50000
    unblock: unblock: blocker ENDTURN_BLOCKING_PRODUCTION -> CALAKMUL builds UNIT_WARRIOR
    unblock: unblock: blocker ENDTURN_BLOCKING_FILL_CIVIC_SLOT -> nothing
    popup EspionagePopup -> closed
    grabbed p1: def: spy 7471106 at 54:10 level 3 xp 90 promos PROMOTION_SPY_TECHNOLOGIST,PROMOTION_SPY_DEMOLITIONS op UNITOPERATION_SPY_COUNTERSPY targets 
    cause popup EspionagePopup -> closed
mission CityName=LOC_CITY_NAME_OTTAWA CompletionTurn=171 EscapeResult=-1 InitialResult=4 LevelAfter=1 LootInfo=320 Name=LOC_CITIZEN_MAYA_FEMALE_1 Operation=46 PlotIndex=894
mission CityName=LOC_CITY_NAME_OTTAWA CompletionTurn=171 EscapeResult=-1 InitialResult=1 LevelAfter=1 LootInfo=0 Name=LOC_CITIZEN_MAYA_MODERN_FEMALE_5 Operation=46 PlotIndex=894
mission CityName=LOC_CITY_NAME_OTTAWA CompletionTurn=169 EscapeResult=2 InitialResult=2 LevelAfter=1 LootInfo=0 Name=LOC_CITIZEN_MAYA_FEMALE_4 Operation=46 PlotIndex=894
mission CityName=LOC_CITY_NAME_OTTAWA CompletionTurn=169 EscapeResult=1 InitialResult=2 LevelAfter=1 LootInfo=0 Name=LOC_CITIZEN_MAYA_MALE_4 Operation=46 PlotIndex=894
mission CityName=LOC_CITY_NAME_OTTAWA CompletionTurn=167 EscapeResult=-1 InitialResult=0 LevelAfter=1 LootInfo=0 Name=LOC_CITIZEN_MAYA_MODERN_MALE_9 Operation=46 PlotIndex=894
mission CityName=LOC_CITY_NAME_OTTAWA CompletionTurn=167 EscapeResult=2 InitialResult=2 LevelAfter=1 LootInfo=0 Name=LOC_CITIZEN_MAYA_MODERN_FEMALE_9 Operation=46 PlotIndex=894
mission CityName=LOC_CITY_NAME_OTTAWA CompletionTurn=165 EscapeResult=1 InitialResult=2 LevelAfter=1 LootInfo=0 Name=LOC_CITIZEN_MAYA_MALE_3 Operation=46 PlotIndex=894
mission CityName=LOC_CITY_NAME_OTTAWA CompletionTurn=165 EscapeResult=-1 InitialResult=1 LevelAfter=1 LootInfo=0 Name=LOC_CITIZEN_MAYA_MODERN_MALE_1 Operation=46 PlotIndex=894
mission CityName=LOC_CITY_NAME_OTTAWA CompletionTurn=163 EscapeResult=-1 InitialResult=1 LevelAfter=1 LootInfo=0 Name=LOC_CITIZEN_MAYA_MODERN_MALE_6 Operation=46 PlotIndex=894
mission CityName=LOC_CITY_NAME_OTTAWA CompletionTurn=163 EscapeResult=-1 InitialResult=0 LevelAfter=1 LootInfo=0 Name=LOC_CITIZEN_MAYA_MALE_5 Operation=46 PlotIndex=894
tally 3  SIPHON_FUNDS CAPTURED / NO_RESULT
tally 2  SIPHON_FUNDS FAIL_MUST_ESCAPE / CAPTURED
tally 2  SIPHON_FUNDS FAIL_MUST_ESCAPE / FAIL_MUST_ESCAPE
tally 2  SIPHON_FUNDS KILLED / NO_RESULT
tally 1  SIPHON_FUNDS SUCCESS_MUST_ESCAPE / NO_RESULT
turn 171 spies active 3 idle 2 missions 10 captured-enemy 0
spy 5636105 LOC_CITIZEN_MAYA_FEMALE_8 level 1 at 54:10 busy:UNITOPERATION_SPY_SIPHON_FUNDS
spy 6029328 LOC_CITIZEN_MAYA_MALE_6 level 1 at 54:11 start
spy 5963798 LOC_CITIZEN_MAYA_FEMALE_6 level 1 at 54:11 start
spy 5308441 LOC_CITIZEN_MAYA_FEMALE_1 level 1 at 54:10 busy:UNITOPERATION_SPY_SIPHON_FUNDS
spy 5701659 LOC_CITIZEN_MAYA_MODERN_MALE_4 level 1 at 54:10 busy:UNITOPERATION_SPY_SIPHON_FUNDS
defender 7471106 at 54:11 level 3 op -1
turn 171 spies 5 started 2 travelled 0 promoted 0 bought 0 gold 50000
    unblock: unblock: blocker ENDTURN_BLOCKING_SPY_CHOOSE_ESCAPE_ROUTE -> escape route DISTRICT_CITY_CENTER of 2 for spy 5308441 LOC_CITIZEN_MAYA_FEMALE_1 level 1 turn 171 city LOC_CITY_NAME_OTTAWA p1 at 54:10 pursuer police
    unblock: unblock: blocker ENDTURN_BLOCKING_PRODUCTION -> NARANJO builds UNIT_WARRIOR
    unblock: unblock: blocker ENDTURN_BLOCKING_FILL_CIVIC_SLOT -> nothing
    popup EspionagePopup -> closed
    grabbed p1: def: spy 7471106 at 54:11 level 3 xp 90 promos PROMOTION_SPY_TECHNOLOGIST,PROMOTION_SPY_DEMOLITIONS op -1 targets 54:11,53:13,53:9,54:10,54:12,56:11,55:11,54:8
    repost: def: post at 54:10 plotcan true requested plot
    after: def: spy 7471106 at 54:10 level 3 xp 90 promos PROMOTION_SPY_TECHNOLOGIST,PROMOTION_SPY_DEMOLITIONS op UNITOPERATION_SPY_COUNTERSPY targets 
mission CityName=LOC_CITY_NAME_OTTAWA CompletionTurn=171 EscapeResult=1 InitialResult=4 LevelAfter=1 LootInfo=320 Name=LOC_CITIZEN_MAYA_FEMALE_1 Operation=46 PlotIndex=894
mission CityName=LOC_CITY_NAME_OTTAWA CompletionTurn=171 EscapeResult=-1 InitialResult=1 LevelAfter=1 LootInfo=0 Name=LOC_CITIZEN_MAYA_MODERN_FEMALE_5 Operation=46 PlotIndex=894
mission CityName=LOC_CITY_NAME_OTTAWA CompletionTurn=169 EscapeResult=2 InitialResult=2 LevelAfter=1 LootInfo=0 Name=LOC_CITIZEN_MAYA_FEMALE_4 Operation=46 PlotIndex=894
mission CityName=LOC_CITY_NAME_OTTAWA CompletionTurn=169 EscapeResult=1 InitialResult=2 LevelAfter=1 LootInfo=0 Name=LOC_CITIZEN_MAYA_MALE_4 Operation=46 PlotIndex=894
mission CityName=LOC_CITY_NAME_OTTAWA CompletionTurn=167 EscapeResult=-1 InitialResult=0 LevelAfter=1 LootInfo=0 Name=LOC_CITIZEN_MAYA_MODERN_MALE_9 Operation=46 PlotIndex=894
mission CityName=LOC_CITY_NAME_OTTAWA CompletionTurn=167 EscapeResult=2 InitialResult=2 LevelAfter=1 LootInfo=0 Name=LOC_CITIZEN_MAYA_MODERN_FEMALE_9 Operation=46 PlotIndex=894
mission CityName=LOC_CITY_NAME_OTTAWA CompletionTurn=165 EscapeResult=1 InitialResult=2 LevelAfter=1 LootInfo=0 Name=LOC_CITIZEN_MAYA_MALE_3 Operation=46 PlotIndex=894
mission CityName=LOC_CITY_NAME_OTTAWA CompletionTurn=165 EscapeResult=-1 InitialResult=1 LevelAfter=1 LootInfo=0 Name=LOC_CITIZEN_MAYA_MODERN_MALE_1 Operation=46 PlotIndex=894
mission CityName=LOC_CITY_NAME_OTTAWA CompletionTurn=163 EscapeResult=-1 InitialResult=1 LevelAfter=1 LootInfo=0 Name=LOC_CITIZEN_MAYA_MODERN_MALE_6 Operation=46 PlotIndex=894
mission CityName=LOC_CITY_NAME_OTTAWA CompletionTurn=163 EscapeResult=-1 InitialResult=0 LevelAfter=1 LootInfo=0 Name=LOC_CITIZEN_MAYA_MALE_5 Operation=46 PlotIndex=894
tally 3  SIPHON_FUNDS CAPTURED / NO_RESULT
tally 2  SIPHON_FUNDS FAIL_MUST_ESCAPE / CAPTURED
tally 2  SIPHON_FUNDS FAIL_MUST_ESCAPE / FAIL_MUST_ESCAPE
tally 2  SIPHON_FUNDS KILLED / NO_RESULT
tally 1  SIPHON_FUNDS SUCCESS_MUST_ESCAPE / CAPTURED
turn 172 spies active 4 idle 0 missions 10 captured-enemy 0
spy 5636105 LOC_CITIZEN_MAYA_FEMALE_8 level 1 at 54:10 busy:UNITOPERATION_SPY_SIPHON_FUNDS
spy 6029328 LOC_CITIZEN_MAYA_MALE_6 level 1 at 54:10 busy:UNITOPERATION_SPY_SIPHON_FUNDS
spy 5963798 LOC_CITIZEN_MAYA_FEMALE_6 level 1 at 54:10 busy:UNITOPERATION_SPY_SIPHON_FUNDS
spy 6160409 LOC_CITIZEN_MAYA_MODERN_FEMALE_9 level 1 at 54:11 start
spy 5701659 LOC_CITIZEN_MAYA_MODERN_MALE_4 level 1 at 54:10 busy:UNITOPERATION_SPY_SIPHON_FUNDS
defender 7471106 at 54:10 level 3 op UNITOPERATION_SPY_COUNTERSPY
turn 172 spies 5 started 1 travelled 0 promoted 0 bought 0 gold 50000
    unblock: unblock: blocker ENDTURN_BLOCKING_FILL_CIVIC_SLOT -> nothing
    popup EspionagePopup -> closed
    grabbed p1: def: spy 7471106 at 54:10 level 3 xp 90 promos PROMOTION_SPY_TECHNOLOGIST,PROMOTION_SPY_DEMOLITIONS op UNITOPERATION_SPY_COUNTERSPY targets 
mission CityName=LOC_CITY_NAME_OTTAWA CompletionTurn=171 EscapeResult=1 InitialResult=4 LevelAfter=1 LootInfo=320 Name=LOC_CITIZEN_MAYA_FEMALE_1 Operation=46 PlotIndex=894
mission CityName=LOC_CITY_NAME_OTTAWA CompletionTurn=171 EscapeResult=-1 InitialResult=1 LevelAfter=1 LootInfo=0 Name=LOC_CITIZEN_MAYA_MODERN_FEMALE_5 Operation=46 PlotIndex=894
mission CityName=LOC_CITY_NAME_OTTAWA CompletionTurn=169 EscapeResult=2 InitialResult=2 LevelAfter=1 LootInfo=0 Name=LOC_CITIZEN_MAYA_FEMALE_4 Operation=46 PlotIndex=894
mission CityName=LOC_CITY_NAME_OTTAWA CompletionTurn=169 EscapeResult=1 InitialResult=2 LevelAfter=1 LootInfo=0 Name=LOC_CITIZEN_MAYA_MALE_4 Operation=46 PlotIndex=894
mission CityName=LOC_CITY_NAME_OTTAWA CompletionTurn=167 EscapeResult=-1 InitialResult=0 LevelAfter=1 LootInfo=0 Name=LOC_CITIZEN_MAYA_MODERN_MALE_9 Operation=46 PlotIndex=894
mission CityName=LOC_CITY_NAME_OTTAWA CompletionTurn=167 EscapeResult=2 InitialResult=2 LevelAfter=1 LootInfo=0 Name=LOC_CITIZEN_MAYA_MODERN_FEMALE_9 Operation=46 PlotIndex=894
mission CityName=LOC_CITY_NAME_OTTAWA CompletionTurn=165 EscapeResult=1 InitialResult=2 LevelAfter=1 LootInfo=0 Name=LOC_CITIZEN_MAYA_MALE_3 Operation=46 PlotIndex=894
mission CityName=LOC_CITY_NAME_OTTAWA CompletionTurn=165 EscapeResult=-1 InitialResult=1 LevelAfter=1 LootInfo=0 Name=LOC_CITIZEN_MAYA_MODERN_MALE_1 Operation=46 PlotIndex=894
mission CityName=LOC_CITY_NAME_OTTAWA CompletionTurn=163 EscapeResult=-1 InitialResult=1 LevelAfter=1 LootInfo=0 Name=LOC_CITIZEN_MAYA_MODERN_MALE_6 Operation=46 PlotIndex=894
mission CityName=LOC_CITY_NAME_OTTAWA CompletionTurn=163 EscapeResult=-1 InitialResult=0 LevelAfter=1 LootInfo=0 Name=LOC_CITIZEN_MAYA_MALE_5 Operation=46 PlotIndex=894
tally 3  SIPHON_FUNDS CAPTURED / NO_RESULT
tally 2  SIPHON_FUNDS FAIL_MUST_ESCAPE / CAPTURED
tally 2  SIPHON_FUNDS FAIL_MUST_ESCAPE / FAIL_MUST_ESCAPE
tally 2  SIPHON_FUNDS KILLED / NO_RESULT
tally 1  SIPHON_FUNDS SUCCESS_MUST_ESCAPE / CAPTURED
turn 173 spies active 5 idle 0 missions 10 captured-enemy 0
spy 6225924 LOC_CITIZEN_MAYA_FEMALE_4 level 1 at 36:42 travel
spy 5636105 LOC_CITIZEN_MAYA_FEMALE_8 level 1 at 54:10 busy:UNITOPERATION_SPY_SIPHON_FUNDS
spy 6029328 LOC_CITIZEN_MAYA_MALE_6 level 1 at 54:10 busy:UNITOPERATION_SPY_SIPHON_FUNDS
spy 5963798 LOC_CITIZEN_MAYA_FEMALE_6 level 1 at 54:10 busy:UNITOPERATION_SPY_SIPHON_FUNDS
spy 6160409 LOC_CITIZEN_MAYA_MODERN_FEMALE_9 level 1 at 54:10 busy:UNITOPERATION_SPY_SIPHON_FUNDS
defender 7471106 at 54:11 level 3 op -1
turn 173 spies 5 started 0 travelled 1 promoted 0 bought 1 gold 50000
    unblock: unblock: blocker ENDTURN_BLOCKING_SPY_CHOOSE_ESCAPE_ROUTE -> escape route DISTRICT_CITY_CENTER of 2 for spy 5636105 LOC_CITIZEN_MAYA_FEMALE_8 level 1 turn 173 city LOC_CITY_NAME_OTTAWA p1 at 54:10 pursuer police
    unblock: unblock: blocker ENDTURN_BLOCKING_PRODUCTION -> CALAKMUL builds UNIT_WARRIOR
    unblock: unblock: blocker ENDTURN_BLOCKING_FILL_CIVIC_SLOT -> nothing
    popup EspionagePopup -> closed
    grabbed p1: def: spy 7471106 at 54:11 level 3 xp 90 promos PROMOTION_SPY_TECHNOLOGIST,PROMOTION_SPY_DEMOLITIONS op -1 targets 54:11,53:13,53:9,54:10,54:12,56:11,55:11,54:8
    repost: def: post at 54:10 plotcan true requested plot
    after: def: spy 7471106 at 54:10 level 3 xp 90 promos PROMOTION_SPY_TECHNOLOGIST,PROMOTION_SPY_DEMOLITIONS op UNITOPERATION_SPY_COUNTERSPY targets 
mission CityName=LOC_CITY_NAME_OTTAWA CompletionTurn=173 EscapeResult=-1 InitialResult=0 LevelAfter=1 LootInfo=0 Name=LOC_CITIZEN_MAYA_MODERN_MALE_4 Operation=46 PlotIndex=894
mission CityName=LOC_CITY_NAME_OTTAWA CompletionTurn=173 EscapeResult=2 InitialResult=4 LevelAfter=2 LootInfo=292 Name=LOC_CITIZEN_MAYA_FEMALE_8 Operation=46 PlotIndex=894
mission CityName=LOC_CITY_NAME_OTTAWA CompletionTurn=171 EscapeResult=1 InitialResult=4 LevelAfter=1 LootInfo=320 Name=LOC_CITIZEN_MAYA_FEMALE_1 Operation=46 PlotIndex=894
mission CityName=LOC_CITY_NAME_OTTAWA CompletionTurn=171 EscapeResult=-1 InitialResult=1 LevelAfter=1 LootInfo=0 Name=LOC_CITIZEN_MAYA_MODERN_FEMALE_5 Operation=46 PlotIndex=894
mission CityName=LOC_CITY_NAME_OTTAWA CompletionTurn=169 EscapeResult=2 InitialResult=2 LevelAfter=1 LootInfo=0 Name=LOC_CITIZEN_MAYA_FEMALE_4 Operation=46 PlotIndex=894
mission CityName=LOC_CITY_NAME_OTTAWA CompletionTurn=169 EscapeResult=1 InitialResult=2 LevelAfter=1 LootInfo=0 Name=LOC_CITIZEN_MAYA_MALE_4 Operation=46 PlotIndex=894
mission CityName=LOC_CITY_NAME_OTTAWA CompletionTurn=167 EscapeResult=-1 InitialResult=0 LevelAfter=1 LootInfo=0 Name=LOC_CITIZEN_MAYA_MODERN_MALE_9 Operation=46 PlotIndex=894
mission CityName=LOC_CITY_NAME_OTTAWA CompletionTurn=167 EscapeResult=2 InitialResult=2 LevelAfter=1 LootInfo=0 Name=LOC_CITIZEN_MAYA_MODERN_FEMALE_9 Operation=46 PlotIndex=894
mission CityName=LOC_CITY_NAME_OTTAWA CompletionTurn=165 EscapeResult=1 InitialResult=2 LevelAfter=1 LootInfo=0 Name=LOC_CITIZEN_MAYA_MALE_3 Operation=46 PlotIndex=894
mission CityName=LOC_CITY_NAME_OTTAWA CompletionTurn=165 EscapeResult=-1 InitialResult=1 LevelAfter=1 LootInfo=0 Name=LOC_CITIZEN_MAYA_MODERN_MALE_1 Operation=46 PlotIndex=894
mission CityName=LOC_CITY_NAME_OTTAWA CompletionTurn=163 EscapeResult=-1 InitialResult=1 LevelAfter=1 LootInfo=0 Name=LOC_CITIZEN_MAYA_MODERN_MALE_6 Operation=46 PlotIndex=894
mission CityName=LOC_CITY_NAME_OTTAWA CompletionTurn=163 EscapeResult=-1 InitialResult=0 LevelAfter=1 LootInfo=0 Name=LOC_CITIZEN_MAYA_MALE_5 Operation=46 PlotIndex=894
tally 3  SIPHON_FUNDS CAPTURED / NO_RESULT
tally 2  SIPHON_FUNDS FAIL_MUST_ESCAPE / CAPTURED
tally 2  SIPHON_FUNDS FAIL_MUST_ESCAPE / FAIL_MUST_ESCAPE
tally 3  SIPHON_FUNDS KILLED / NO_RESULT
tally 1  SIPHON_FUNDS SUCCESS_MUST_ESCAPE / CAPTURED
tally 1  SIPHON_FUNDS SUCCESS_MUST_ESCAPE / FAIL_MUST_ESCAPE
turn 174 spies active 3 idle 1 missions 12 captured-enemy 0
spy 6029328 LOC_CITIZEN_MAYA_MALE_6 level 1 at 54:10 busy:UNITOPERATION_SPY_SIPHON_FUNDS
spy 5963798 LOC_CITIZEN_MAYA_FEMALE_6 level 1 at 54:10 busy:UNITOPERATION_SPY_SIPHON_FUNDS
spy 6160409 LOC_CITIZEN_MAYA_MODERN_FEMALE_9 level 1 at 54:10 busy:UNITOPERATION_SPY_SIPHON_FUNDS
spy 6422559 LOC_CITIZEN_MAYA_MODERN_FEMALE_6 level 1 at 37:38 travel
defender 7471106 at 54:10 level 3 op UNITOPERATION_SPY_COUNTERSPY
turn 174 spies 4 started 0 travelled 1 promoted 0 bought 0 gold 50000
    unblock: unblock: blocker ENDTURN_BLOCKING_FILL_CIVIC_SLOT -> nothing
    popup EspionagePopup -> closed
    grabbed p1: def: spy 7471106 at 54:10 level 3 xp 90 promos PROMOTION_SPY_TECHNOLOGIST,PROMOTION_SPY_DEMOLITIONS op UNITOPERATION_SPY_COUNTERSPY targets 
    cause popup EspionagePopup -> closed
mission CityName=LOC_CITY_NAME_OTTAWA CompletionTurn=175 EscapeResult=-1 InitialResult=5 LevelAfter=2 LootInfo=328 Name=LOC_CITIZEN_MAYA_FEMALE_6 Operation=46 PlotIndex=894
mission CityName=LOC_CITY_NAME_OTTAWA CompletionTurn=175 EscapeResult=-1 InitialResult=1 LevelAfter=1 LootInfo=0 Name=LOC_CITIZEN_MAYA_MALE_6 Operation=46 PlotIndex=894
mission CityName=LOC_CITY_NAME_OTTAWA CompletionTurn=173 EscapeResult=-1 InitialResult=0 LevelAfter=1 LootInfo=0 Name=LOC_CITIZEN_MAYA_MODERN_MALE_4 Operation=46 PlotIndex=894
mission CityName=LOC_CITY_NAME_OTTAWA CompletionTurn=173 EscapeResult=2 InitialResult=4 LevelAfter=2 LootInfo=292 Name=LOC_CITIZEN_MAYA_FEMALE_8 Operation=46 PlotIndex=894
mission CityName=LOC_CITY_NAME_OTTAWA CompletionTurn=171 EscapeResult=1 InitialResult=4 LevelAfter=1 LootInfo=320 Name=LOC_CITIZEN_MAYA_FEMALE_1 Operation=46 PlotIndex=894
mission CityName=LOC_CITY_NAME_OTTAWA CompletionTurn=171 EscapeResult=-1 InitialResult=1 LevelAfter=1 LootInfo=0 Name=LOC_CITIZEN_MAYA_MODERN_FEMALE_5 Operation=46 PlotIndex=894
mission CityName=LOC_CITY_NAME_OTTAWA CompletionTurn=169 EscapeResult=2 InitialResult=2 LevelAfter=1 LootInfo=0 Name=LOC_CITIZEN_MAYA_FEMALE_4 Operation=46 PlotIndex=894
mission CityName=LOC_CITY_NAME_OTTAWA CompletionTurn=169 EscapeResult=1 InitialResult=2 LevelAfter=1 LootInfo=0 Name=LOC_CITIZEN_MAYA_MALE_4 Operation=46 PlotIndex=894
mission CityName=LOC_CITY_NAME_OTTAWA CompletionTurn=167 EscapeResult=-1 InitialResult=0 LevelAfter=1 LootInfo=0 Name=LOC_CITIZEN_MAYA_MODERN_MALE_9 Operation=46 PlotIndex=894
mission CityName=LOC_CITY_NAME_OTTAWA CompletionTurn=167 EscapeResult=2 InitialResult=2 LevelAfter=1 LootInfo=0 Name=LOC_CITIZEN_MAYA_MODERN_FEMALE_9 Operation=46 PlotIndex=894
mission CityName=LOC_CITY_NAME_OTTAWA CompletionTurn=165 EscapeResult=1 InitialResult=2 LevelAfter=1 LootInfo=0 Name=LOC_CITIZEN_MAYA_MALE_3 Operation=46 PlotIndex=894
mission CityName=LOC_CITY_NAME_OTTAWA CompletionTurn=165 EscapeResult=-1 InitialResult=1 LevelAfter=1 LootInfo=0 Name=LOC_CITIZEN_MAYA_MODERN_MALE_1 Operation=46 PlotIndex=894
mission CityName=LOC_CITY_NAME_OTTAWA CompletionTurn=163 EscapeResult=-1 InitialResult=1 LevelAfter=1 LootInfo=0 Name=LOC_CITIZEN_MAYA_MODERN_MALE_6 Operation=46 PlotIndex=894
mission CityName=LOC_CITY_NAME_OTTAWA CompletionTurn=163 EscapeResult=-1 InitialResult=0 LevelAfter=1 LootInfo=0 Name=LOC_CITIZEN_MAYA_MALE_5 Operation=46 PlotIndex=894
tally 4  SIPHON_FUNDS CAPTURED / NO_RESULT
tally 2  SIPHON_FUNDS FAIL_MUST_ESCAPE / CAPTURED
tally 2  SIPHON_FUNDS FAIL_MUST_ESCAPE / FAIL_MUST_ESCAPE
tally 3  SIPHON_FUNDS KILLED / NO_RESULT
tally 1  SIPHON_FUNDS SUCCESS_MUST_ESCAPE / CAPTURED
tally 1  SIPHON_FUNDS SUCCESS_MUST_ESCAPE / FAIL_MUST_ESCAPE
tally 1  SIPHON_FUNDS SUCCESS_UNDETECTED / NO_RESULT
turn 175 spies active 1 idle 2 missions 14 captured-enemy 0
spy 5963798 LOC_CITIZEN_MAYA_FEMALE_6 level 1 at 54:11 start
spy 6160409 LOC_CITIZEN_MAYA_MODERN_FEMALE_9 level 1 at 54:10 busy:UNITOPERATION_SPY_SIPHON_FUNDS
spy 6488095 LOC_CITIZEN_MAYA_FEMALE_4 level 1 at 54:11 start
defender 7471106 at 54:11 level 3 op -1
turn 175 spies 3 started 2 travelled 0 promoted 1 bought 0 gold 50000
    unblock: unblock: blocker ENDTURN_BLOCKING_PRODUCTION -> CALAKMUL builds UNIT_WARRIOR
    unblock: unblock: blocker ENDTURN_BLOCKING_FILL_CIVIC_SLOT -> nothing
    popup EspionagePopup -> closed
    grabbed p1: def: spy 7471106 at 54:11 level 3 xp 90 promos PROMOTION_SPY_TECHNOLOGIST,PROMOTION_SPY_DEMOLITIONS op -1 targets 54:11,53:13,53:9,54:10,54:12,56:11,55:11,54:8
    repost: def: post at 54:10 plotcan true requested plot
    after: def: spy 7471106 at 54:10 level 3 xp 90 promos PROMOTION_SPY_TECHNOLOGIST,PROMOTION_SPY_DEMOLITIONS op UNITOPERATION_SPY_COUNTERSPY targets 
    cause popup TechCivicCompletedPopup -> closed
mission CityName=LOC_CITY_NAME_OTTAWA CompletionTurn=176 EscapeResult=-1 InitialResult=3 LevelAfter=1 LootInfo=0 Name=LOC_CITIZEN_MAYA_MODERN_FEMALE_9 Operation=46 PlotIndex=894
mission CityName=LOC_CITY_NAME_OTTAWA CompletionTurn=175 EscapeResult=-1 InitialResult=5 LevelAfter=2 LootInfo=328 Name=LOC_CITIZEN_MAYA_FEMALE_6 Operation=46 PlotIndex=894
mission CityName=LOC_CITY_NAME_OTTAWA CompletionTurn=175 EscapeResult=-1 InitialResult=1 LevelAfter=1 LootInfo=0 Name=LOC_CITIZEN_MAYA_MALE_6 Operation=46 PlotIndex=894
mission CityName=LOC_CITY_NAME_OTTAWA CompletionTurn=173 EscapeResult=-1 InitialResult=0 LevelAfter=1 LootInfo=0 Name=LOC_CITIZEN_MAYA_MODERN_MALE_4 Operation=46 PlotIndex=894
mission CityName=LOC_CITY_NAME_OTTAWA CompletionTurn=173 EscapeResult=2 InitialResult=4 LevelAfter=2 LootInfo=292 Name=LOC_CITIZEN_MAYA_FEMALE_8 Operation=46 PlotIndex=894
mission CityName=LOC_CITY_NAME_OTTAWA CompletionTurn=171 EscapeResult=1 InitialResult=4 LevelAfter=1 LootInfo=320 Name=LOC_CITIZEN_MAYA_FEMALE_1 Operation=46 PlotIndex=894
mission CityName=LOC_CITY_NAME_OTTAWA CompletionTurn=171 EscapeResult=-1 InitialResult=1 LevelAfter=1 LootInfo=0 Name=LOC_CITIZEN_MAYA_MODERN_FEMALE_5 Operation=46 PlotIndex=894
mission CityName=LOC_CITY_NAME_OTTAWA CompletionTurn=169 EscapeResult=2 InitialResult=2 LevelAfter=1 LootInfo=0 Name=LOC_CITIZEN_MAYA_FEMALE_4 Operation=46 PlotIndex=894
mission CityName=LOC_CITY_NAME_OTTAWA CompletionTurn=169 EscapeResult=1 InitialResult=2 LevelAfter=1 LootInfo=0 Name=LOC_CITIZEN_MAYA_MALE_4 Operation=46 PlotIndex=894
mission CityName=LOC_CITY_NAME_OTTAWA CompletionTurn=167 EscapeResult=-1 InitialResult=0 LevelAfter=1 LootInfo=0 Name=LOC_CITIZEN_MAYA_MODERN_MALE_9 Operation=46 PlotIndex=894
mission CityName=LOC_CITY_NAME_OTTAWA CompletionTurn=167 EscapeResult=2 InitialResult=2 LevelAfter=1 LootInfo=0 Name=LOC_CITIZEN_MAYA_MODERN_FEMALE_9 Operation=46 PlotIndex=894
mission CityName=LOC_CITY_NAME_OTTAWA CompletionTurn=165 EscapeResult=1 InitialResult=2 LevelAfter=1 LootInfo=0 Name=LOC_CITIZEN_MAYA_MALE_3 Operation=46 PlotIndex=894
mission CityName=LOC_CITY_NAME_OTTAWA CompletionTurn=165 EscapeResult=-1 InitialResult=1 LevelAfter=1 LootInfo=0 Name=LOC_CITIZEN_MAYA_MODERN_MALE_1 Operation=46 PlotIndex=894
mission CityName=LOC_CITY_NAME_OTTAWA CompletionTurn=163 EscapeResult=-1 InitialResult=1 LevelAfter=1 LootInfo=0 Name=LOC_CITIZEN_MAYA_MODERN_MALE_6 Operation=46 PlotIndex=894
mission CityName=LOC_CITY_NAME_OTTAWA CompletionTurn=163 EscapeResult=-1 InitialResult=0 LevelAfter=1 LootInfo=0 Name=LOC_CITIZEN_MAYA_MALE_5 Operation=46 PlotIndex=894
tally 4  SIPHON_FUNDS CAPTURED / NO_RESULT
tally 2  SIPHON_FUNDS FAIL_MUST_ESCAPE / CAPTURED
tally 2  SIPHON_FUNDS FAIL_MUST_ESCAPE / FAIL_MUST_ESCAPE
tally 1  SIPHON_FUNDS FAIL_UNDETECTED / NO_RESULT
tally 3  SIPHON_FUNDS KILLED / NO_RESULT
tally 1  SIPHON_FUNDS SUCCESS_MUST_ESCAPE / CAPTURED
tally 1  SIPHON_FUNDS SUCCESS_MUST_ESCAPE / FAIL_MUST_ESCAPE
tally 1  SIPHON_FUNDS SUCCESS_UNDETECTED / NO_RESULT
turn 176 spies active 2 idle 2 missions 15 captured-enemy 0
spy 6684688 LOC_CITIZEN_MAYA_MODERN_FEMALE_6 level 1 at 54:11 start
spy 5963798 LOC_CITIZEN_MAYA_FEMALE_6 level 2 at 54:10 busy:UNITOPERATION_SPY_SIPHON_FUNDS
spy 6160409 LOC_CITIZEN_MAYA_MODERN_FEMALE_9 level 1 at 54:11 start
spy 6488095 LOC_CITIZEN_MAYA_FEMALE_4 level 1 at 54:10 busy:UNITOPERATION_SPY_SIPHON_FUNDS
defender 7471106 at 54:10 level 3 op UNITOPERATION_SPY_COUNTERSPY
turn 176 spies 4 started 2 travelled 0 promoted 0 bought 0 gold 50000
    unblock: unblock: blocker ENDTURN_BLOCKING_RESEARCH -> research TECH_EDUCATION
    unblock: unblock: blocker ENDTURN_BLOCKING_FILL_CIVIC_SLOT -> nothing
    popup EspionagePopup -> closed
    no grab of p1 this turn
    cause popup EspionagePopup -> closed
    cause popup BoostUnlockedPopup -> closed
    cause popup BoostUnlockedPopup -> closed
    cause popup BoostUnlockedPopup -> closed
    cause blocker ENDTURN_BLOCKING_FILL_CIVIC_SLOT: no handler
    cause popup BoostUnlockedPopup -> closed
spy 6684688 LOC_CITIZEN_MAYA_MODERN_FEMALE_6 level 1 at 54:10 busy:UNITOPERATION_SPY_SIPHON_FUNDS
spy 5963798 LOC_CITIZEN_MAYA_FEMALE_6 level 2 at 54:11 start
spy 6160409 LOC_CITIZEN_MAYA_MODERN_FEMALE_9 level 1 at 54:10 busy:UNITOPERATION_SPY_SIPHON_FUNDS
spy 6488095 LOC_CITIZEN_MAYA_FEMALE_4 level 1 at 54:10 busy:UNITOPERATION_SPY_SIPHON_FUNDS
defender 7471106 at 54:10 level 3 op UNITOPERATION_SPY_COUNTERSPY
turn 176 spies 4 started 1 travelled 0 promoted 0 bought 0 gold 50000
    unblock: unblock: blocker ENDTURN_BLOCKING_FILL_CIVIC_SLOT -> nothing
    grabbed p1: def: spy 7471106 at 54:10 level 3 xp 90 promos PROMOTION_SPY_TECHNOLOGIST,PROMOTION_SPY_DEMOLITIONS op UNITOPERATION_SPY_COUNTERSPY targets 
mission CityName=LOC_CITY_NAME_OTTAWA CompletionTurn=176 EscapeResult=-1 InitialResult=3 LevelAfter=1 LootInfo=0 Name=LOC_CITIZEN_MAYA_MODERN_FEMALE_9 Operation=46 PlotIndex=894
mission CityName=LOC_CITY_NAME_OTTAWA CompletionTurn=175 EscapeResult=-1 InitialResult=5 LevelAfter=2 LootInfo=328 Name=LOC_CITIZEN_MAYA_FEMALE_6 Operation=46 PlotIndex=894
mission CityName=LOC_CITY_NAME_OTTAWA CompletionTurn=175 EscapeResult=-1 InitialResult=1 LevelAfter=1 LootInfo=0 Name=LOC_CITIZEN_MAYA_MALE_6 Operation=46 PlotIndex=894
mission CityName=LOC_CITY_NAME_OTTAWA CompletionTurn=173 EscapeResult=-1 InitialResult=0 LevelAfter=1 LootInfo=0 Name=LOC_CITIZEN_MAYA_MODERN_MALE_4 Operation=46 PlotIndex=894
mission CityName=LOC_CITY_NAME_OTTAWA CompletionTurn=173 EscapeResult=2 InitialResult=4 LevelAfter=2 LootInfo=292 Name=LOC_CITIZEN_MAYA_FEMALE_8 Operation=46 PlotIndex=894
mission CityName=LOC_CITY_NAME_OTTAWA CompletionTurn=171 EscapeResult=1 InitialResult=4 LevelAfter=1 LootInfo=320 Name=LOC_CITIZEN_MAYA_FEMALE_1 Operation=46 PlotIndex=894
mission CityName=LOC_CITY_NAME_OTTAWA CompletionTurn=171 EscapeResult=-1 InitialResult=1 LevelAfter=1 LootInfo=0 Name=LOC_CITIZEN_MAYA_MODERN_FEMALE_5 Operation=46 PlotIndex=894
mission CityName=LOC_CITY_NAME_OTTAWA CompletionTurn=169 EscapeResult=2 InitialResult=2 LevelAfter=1 LootInfo=0 Name=LOC_CITIZEN_MAYA_FEMALE_4 Operation=46 PlotIndex=894
mission CityName=LOC_CITY_NAME_OTTAWA CompletionTurn=169 EscapeResult=1 InitialResult=2 LevelAfter=1 LootInfo=0 Name=LOC_CITIZEN_MAYA_MALE_4 Operation=46 PlotIndex=894
mission CityName=LOC_CITY_NAME_OTTAWA CompletionTurn=167 EscapeResult=-1 InitialResult=0 LevelAfter=1 LootInfo=0 Name=LOC_CITIZEN_MAYA_MODERN_MALE_9 Operation=46 PlotIndex=894
mission CityName=LOC_CITY_NAME_OTTAWA CompletionTurn=167 EscapeResult=2 InitialResult=2 LevelAfter=1 LootInfo=0 Name=LOC_CITIZEN_MAYA_MODERN_FEMALE_9 Operation=46 PlotIndex=894
mission CityName=LOC_CITY_NAME_OTTAWA CompletionTurn=165 EscapeResult=1 InitialResult=2 LevelAfter=1 LootInfo=0 Name=LOC_CITIZEN_MAYA_MALE_3 Operation=46 PlotIndex=894
mission CityName=LOC_CITY_NAME_OTTAWA CompletionTurn=165 EscapeResult=-1 InitialResult=1 LevelAfter=1 LootInfo=0 Name=LOC_CITIZEN_MAYA_MODERN_MALE_1 Operation=46 PlotIndex=894
mission CityName=LOC_CITY_NAME_OTTAWA CompletionTurn=163 EscapeResult=-1 InitialResult=1 LevelAfter=1 LootInfo=0 Name=LOC_CITIZEN_MAYA_MODERN_MALE_6 Operation=46 PlotIndex=894
mission CityName=LOC_CITY_NAME_OTTAWA CompletionTurn=163 EscapeResult=-1 InitialResult=0 LevelAfter=1 LootInfo=0 Name=LOC_CITIZEN_MAYA_MALE_5 Operation=46 PlotIndex=894
tally 4  SIPHON_FUNDS CAPTURED / NO_RESULT
tally 2  SIPHON_FUNDS FAIL_MUST_ESCAPE / CAPTURED
tally 2  SIPHON_FUNDS FAIL_MUST_ESCAPE / FAIL_MUST_ESCAPE
tally 1  SIPHON_FUNDS FAIL_UNDETECTED / NO_RESULT
tally 3  SIPHON_FUNDS KILLED / NO_RESULT
tally 1  SIPHON_FUNDS SUCCESS_MUST_ESCAPE / CAPTURED
tally 1  SIPHON_FUNDS SUCCESS_MUST_ESCAPE / FAIL_MUST_ESCAPE
tally 1  SIPHON_FUNDS SUCCESS_UNDETECTED / NO_RESULT
turn 177 spies active 4 idle 1 missions 15 captured-enemy 0
spy 6750212 LOC_CITIZEN_MAYA_FEMALE_8 level 1 at 36:42 travel
spy 6684688 LOC_CITIZEN_MAYA_MODERN_FEMALE_6 level 1 at 54:10 busy:UNITOPERATION_SPY_SIPHON_FUNDS
spy 5963798 LOC_CITIZEN_MAYA_FEMALE_6 level 2 at 54:10 busy:UNITOPERATION_SPY_SIPHON_FUNDS
spy 6160409 LOC_CITIZEN_MAYA_MODERN_FEMALE_9 level 1 at 54:10 busy:UNITOPERATION_SPY_SIPHON_FUNDS
spy 6488095 LOC_CITIZEN_MAYA_FEMALE_4 level 1 at 54:10 busy:UNITOPERATION_SPY_SIPHON_FUNDS
defender 7471106 at 54:10 level 3 op UNITOPERATION_SPY_COUNTERSPY
turn 177 spies 5 started 0 travelled 1 promoted 1 bought 0 gold 50000
    unblock: unblock: blocker ENDTURN_BLOCKING_PRODUCTION -> CALAKMUL builds UNIT_WARRIOR
    unblock: unblock: blocker ENDTURN_BLOCKING_FILL_CIVIC_SLOT -> nothing
    grabbed p1: def: spy 7471106 at 54:10 level 3 xp 90 promos PROMOTION_SPY_TECHNOLOGIST,PROMOTION_SPY_DEMOLITIONS op UNITOPERATION_SPY_COUNTERSPY targets 
    cause popup EraCompletePopup -> closed
mission CityName=LOC_CITY_NAME_OTTAWA CompletionTurn=176 EscapeResult=-1 InitialResult=3 LevelAfter=1 LootInfo=0 Name=LOC_CITIZEN_MAYA_MODERN_FEMALE_9 Operation=46 PlotIndex=894
mission CityName=LOC_CITY_NAME_OTTAWA CompletionTurn=175 EscapeResult=-1 InitialResult=5 LevelAfter=2 LootInfo=328 Name=LOC_CITIZEN_MAYA_FEMALE_6 Operation=46 PlotIndex=894
mission CityName=LOC_CITY_NAME_OTTAWA CompletionTurn=175 EscapeResult=-1 InitialResult=1 LevelAfter=1 LootInfo=0 Name=LOC_CITIZEN_MAYA_MALE_6 Operation=46 PlotIndex=894
mission CityName=LOC_CITY_NAME_OTTAWA CompletionTurn=173 EscapeResult=-1 InitialResult=0 LevelAfter=1 LootInfo=0 Name=LOC_CITIZEN_MAYA_MODERN_MALE_4 Operation=46 PlotIndex=894
mission CityName=LOC_CITY_NAME_OTTAWA CompletionTurn=173 EscapeResult=2 InitialResult=4 LevelAfter=2 LootInfo=292 Name=LOC_CITIZEN_MAYA_FEMALE_8 Operation=46 PlotIndex=894
mission CityName=LOC_CITY_NAME_OTTAWA CompletionTurn=171 EscapeResult=1 InitialResult=4 LevelAfter=1 LootInfo=320 Name=LOC_CITIZEN_MAYA_FEMALE_1 Operation=46 PlotIndex=894
mission CityName=LOC_CITY_NAME_OTTAWA CompletionTurn=171 EscapeResult=-1 InitialResult=1 LevelAfter=1 LootInfo=0 Name=LOC_CITIZEN_MAYA_MODERN_FEMALE_5 Operation=46 PlotIndex=894
mission CityName=LOC_CITY_NAME_OTTAWA CompletionTurn=169 EscapeResult=2 InitialResult=2 LevelAfter=1 LootInfo=0 Name=LOC_CITIZEN_MAYA_FEMALE_4 Operation=46 PlotIndex=894
mission CityName=LOC_CITY_NAME_OTTAWA CompletionTurn=169 EscapeResult=1 InitialResult=2 LevelAfter=1 LootInfo=0 Name=LOC_CITIZEN_MAYA_MALE_4 Operation=46 PlotIndex=894
mission CityName=LOC_CITY_NAME_OTTAWA CompletionTurn=167 EscapeResult=-1 InitialResult=0 LevelAfter=1 LootInfo=0 Name=LOC_CITIZEN_MAYA_MODERN_MALE_9 Operation=46 PlotIndex=894
mission CityName=LOC_CITY_NAME_OTTAWA CompletionTurn=167 EscapeResult=2 InitialResult=2 LevelAfter=1 LootInfo=0 Name=LOC_CITIZEN_MAYA_MODERN_FEMALE_9 Operation=46 PlotIndex=894
mission CityName=LOC_CITY_NAME_OTTAWA CompletionTurn=165 EscapeResult=1 InitialResult=2 LevelAfter=1 LootInfo=0 Name=LOC_CITIZEN_MAYA_MALE_3 Operation=46 PlotIndex=894
mission CityName=LOC_CITY_NAME_OTTAWA CompletionTurn=165 EscapeResult=-1 InitialResult=1 LevelAfter=1 LootInfo=0 Name=LOC_CITIZEN_MAYA_MODERN_MALE_1 Operation=46 PlotIndex=894
mission CityName=LOC_CITY_NAME_OTTAWA CompletionTurn=163 EscapeResult=-1 InitialResult=1 LevelAfter=1 LootInfo=0 Name=LOC_CITIZEN_MAYA_MODERN_MALE_6 Operation=46 PlotIndex=894
mission CityName=LOC_CITY_NAME_OTTAWA CompletionTurn=163 EscapeResult=-1 InitialResult=0 LevelAfter=1 LootInfo=0 Name=LOC_CITIZEN_MAYA_MALE_5 Operation=46 PlotIndex=894
tally 4  SIPHON_FUNDS CAPTURED / NO_RESULT
tally 2  SIPHON_FUNDS FAIL_MUST_ESCAPE / CAPTURED
tally 2  SIPHON_FUNDS FAIL_MUST_ESCAPE / FAIL_MUST_ESCAPE
tally 1  SIPHON_FUNDS FAIL_UNDETECTED / NO_RESULT
tally 3  SIPHON_FUNDS KILLED / NO_RESULT
tally 1  SIPHON_FUNDS SUCCESS_MUST_ESCAPE / CAPTURED
tally 1  SIPHON_FUNDS SUCCESS_MUST_ESCAPE / FAIL_MUST_ESCAPE
tally 1  SIPHON_FUNDS SUCCESS_UNDETECTED / NO_RESULT
turn 178 spies active 4 idle 1 missions 15 captured-enemy 0
spy 6750212 LOC_CITIZEN_MAYA_FEMALE_8 level 2 at -9999:-9999 idle
spy 6684688 LOC_CITIZEN_MAYA_MODERN_FEMALE_6 level 1 at 54:10 busy:UNITOPERATION_SPY_SIPHON_FUNDS
spy 5963798 LOC_CITIZEN_MAYA_FEMALE_6 level 2 at 54:10 busy:UNITOPERATION_SPY_SIPHON_FUNDS
spy 6160409 LOC_CITIZEN_MAYA_MODERN_FEMALE_9 level 1 at 54:10 busy:UNITOPERATION_SPY_SIPHON_FUNDS
spy 6488095 LOC_CITIZEN_MAYA_FEMALE_4 level 1 at 54:10 busy:UNITOPERATION_SPY_SIPHON_FUNDS
defender 7471106 at 54:10 level 3 op UNITOPERATION_SPY_COUNTERSPY
turn 178 spies 5 started 0 travelled 0 promoted 0 bought 0 gold 50000
    unblock: unblock: blocker ENDTURN_BLOCKING_COMMEMORATION_AVAILABLE -> nothing
    grabbed p1: def: spy 7471106 at 54:10 level 3 xp 90 promos PROMOTION_SPY_TECHNOLOGIST,PROMOTION_SPY_DEMOLITIONS op UNITOPERATION_SPY_COUNTERSPY targets 
    cause blocker ENDTURN_BLOCKING_COMMEMORATION_AVAILABLE -> {"kind":"commemorate","allowed":1,"picked":"COMMEMORATION_INDUSTRIAL","blockerBefore":"ENDTURN_BLOCKING_COMMEMORATION_AVAILABLE","blockerNow":"ENDTURN_BLOCKING_COMMEMORATION_AVAILABLE","turn":179}
    cause popup EspionagePopup -> closed
mission CityName=LOC_CITY_NAME_OTTAWA CompletionTurn=179 EscapeResult=-1 InitialResult=0 LevelAfter=1 LootInfo=0 Name=LOC_CITIZEN_MAYA_FEMALE_4 Operation=46 PlotIndex=894
mission CityName=LOC_CITY_NAME_OTTAWA CompletionTurn=176 EscapeResult=-1 InitialResult=3 LevelAfter=1 LootInfo=0 Name=LOC_CITIZEN_MAYA_MODERN_FEMALE_9 Operation=46 PlotIndex=894
mission CityName=LOC_CITY_NAME_OTTAWA CompletionTurn=175 EscapeResult=-1 InitialResult=5 LevelAfter=2 LootInfo=328 Name=LOC_CITIZEN_MAYA_FEMALE_6 Operation=46 PlotIndex=894
mission CityName=LOC_CITY_NAME_OTTAWA CompletionTurn=175 EscapeResult=-1 InitialResult=1 LevelAfter=1 LootInfo=0 Name=LOC_CITIZEN_MAYA_MALE_6 Operation=46 PlotIndex=894
mission CityName=LOC_CITY_NAME_OTTAWA CompletionTurn=173 EscapeResult=-1 InitialResult=0 LevelAfter=1 LootInfo=0 Name=LOC_CITIZEN_MAYA_MODERN_MALE_4 Operation=46 PlotIndex=894
mission CityName=LOC_CITY_NAME_OTTAWA CompletionTurn=173 EscapeResult=2 InitialResult=4 LevelAfter=2 LootInfo=292 Name=LOC_CITIZEN_MAYA_FEMALE_8 Operation=46 PlotIndex=894
mission CityName=LOC_CITY_NAME_OTTAWA CompletionTurn=171 EscapeResult=1 InitialResult=4 LevelAfter=1 LootInfo=320 Name=LOC_CITIZEN_MAYA_FEMALE_1 Operation=46 PlotIndex=894
mission CityName=LOC_CITY_NAME_OTTAWA CompletionTurn=171 EscapeResult=-1 InitialResult=1 LevelAfter=1 LootInfo=0 Name=LOC_CITIZEN_MAYA_MODERN_FEMALE_5 Operation=46 PlotIndex=894
mission CityName=LOC_CITY_NAME_OTTAWA CompletionTurn=169 EscapeResult=2 InitialResult=2 LevelAfter=1 LootInfo=0 Name=LOC_CITIZEN_MAYA_FEMALE_4 Operation=46 PlotIndex=894
mission CityName=LOC_CITY_NAME_OTTAWA CompletionTurn=169 EscapeResult=1 InitialResult=2 LevelAfter=1 LootInfo=0 Name=LOC_CITIZEN_MAYA_MALE_4 Operation=46 PlotIndex=894
mission CityName=LOC_CITY_NAME_OTTAWA CompletionTurn=167 EscapeResult=-1 InitialResult=0 LevelAfter=1 LootInfo=0 Name=LOC_CITIZEN_MAYA_MODERN_MALE_9 Operation=46 PlotIndex=894
mission CityName=LOC_CITY_NAME_OTTAWA CompletionTurn=167 EscapeResult=2 InitialResult=2 LevelAfter=1 LootInfo=0 Name=LOC_CITIZEN_MAYA_MODERN_FEMALE_9 Operation=46 PlotIndex=894
mission CityName=LOC_CITY_NAME_OTTAWA CompletionTurn=165 EscapeResult=1 InitialResult=2 LevelAfter=1 LootInfo=0 Name=LOC_CITIZEN_MAYA_MALE_3 Operation=46 PlotIndex=894
mission CityName=LOC_CITY_NAME_OTTAWA CompletionTurn=165 EscapeResult=-1 InitialResult=1 LevelAfter=1 LootInfo=0 Name=LOC_CITIZEN_MAYA_MODERN_MALE_1 Operation=46 PlotIndex=894
mission CityName=LOC_CITY_NAME_OTTAWA CompletionTurn=163 EscapeResult=-1 InitialResult=1 LevelAfter=1 LootInfo=0 Name=LOC_CITIZEN_MAYA_MODERN_MALE_6 Operation=46 PlotIndex=894
mission CityName=LOC_CITY_NAME_OTTAWA CompletionTurn=163 EscapeResult=-1 InitialResult=0 LevelAfter=1 LootInfo=0 Name=LOC_CITIZEN_MAYA_MALE_5 Operation=46 PlotIndex=894
tally 4  SIPHON_FUNDS CAPTURED / NO_RESULT
tally 2  SIPHON_FUNDS FAIL_MUST_ESCAPE / CAPTURED
tally 2  SIPHON_FUNDS FAIL_MUST_ESCAPE / FAIL_MUST_ESCAPE
tally 1  SIPHON_FUNDS FAIL_UNDETECTED / NO_RESULT
tally 4  SIPHON_FUNDS KILLED / NO_RESULT
tally 1  SIPHON_FUNDS SUCCESS_MUST_ESCAPE / CAPTURED
tally 1  SIPHON_FUNDS SUCCESS_MUST_ESCAPE / FAIL_MUST_ESCAPE
tally 1  SIPHON_FUNDS SUCCESS_UNDETECTED / NO_RESULT
turn 179 spies active 3 idle 1 missions 16 captured-enemy 0
spy 6750212 LOC_CITIZEN_MAYA_FEMALE_8 level 2 at -9999:-9999 idle
spy 6684688 LOC_CITIZEN_MAYA_MODERN_FEMALE_6 level 1 at 54:10 busy:UNITOPERATION_SPY_SIPHON_FUNDS
spy 5963798 LOC_CITIZEN_MAYA_FEMALE_6 level 2 at 54:10 busy:UNITOPERATION_SPY_SIPHON_FUNDS
spy 6160409 LOC_CITIZEN_MAYA_MODERN_FEMALE_9 level 1 at 54:10 busy:UNITOPERATION_SPY_SIPHON_FUNDS
defender 7471106 at 54:11 level 3 op -1
turn 179 spies 4 started 0 travelled 0 promoted 0 bought 2 gold 50000
    unblock: unblock: blocker ENDTURN_BLOCKING_PRODUCTION -> CALAKMUL builds UNIT_WARRIOR
    unblock: unblock: blocker ENDTURN_BLOCKING_FILL_CIVIC_SLOT -> nothing
    grabbed p1: def: spy 7471106 at 54:11 level 3 xp 90 promos PROMOTION_SPY_TECHNOLOGIST,PROMOTION_SPY_DEMOLITIONS op -1 targets 54:11,53:13,53:9,54:10,54:12,56:11,55:11,54:8
    repost: def: post at 54:10 plotcan true requested plot
    after: def: spy 7471106 at 54:10 level 3 xp 90 promos PROMOTION_SPY_TECHNOLOGIST,PROMOTION_SPY_DEMOLITIONS op UNITOPERATION_SPY_COUNTERSPY targets 
mission CityName=LOC_CITY_NAME_OTTAWA CompletionTurn=179 EscapeResult=-1 InitialResult=0 LevelAfter=1 LootInfo=0 Name=LOC_CITIZEN_MAYA_FEMALE_4 Operation=46 PlotIndex=894
mission CityName=LOC_CITY_NAME_OTTAWA CompletionTurn=176 EscapeResult=-1 InitialResult=3 LevelAfter=1 LootInfo=0 Name=LOC_CITIZEN_MAYA_MODERN_FEMALE_9 Operation=46 PlotIndex=894
mission CityName=LOC_CITY_NAME_OTTAWA CompletionTurn=175 EscapeResult=-1 InitialResult=5 LevelAfter=2 LootInfo=328 Name=LOC_CITIZEN_MAYA_FEMALE_6 Operation=46 PlotIndex=894
mission CityName=LOC_CITY_NAME_OTTAWA CompletionTurn=175 EscapeResult=-1 InitialResult=1 LevelAfter=1 LootInfo=0 Name=LOC_CITIZEN_MAYA_MALE_6 Operation=46 PlotIndex=894
mission CityName=LOC_CITY_NAME_OTTAWA CompletionTurn=173 EscapeResult=-1 InitialResult=0 LevelAfter=1 LootInfo=0 Name=LOC_CITIZEN_MAYA_MODERN_MALE_4 Operation=46 PlotIndex=894
mission CityName=LOC_CITY_NAME_OTTAWA CompletionTurn=173 EscapeResult=2 InitialResult=4 LevelAfter=2 LootInfo=292 Name=LOC_CITIZEN_MAYA_FEMALE_8 Operation=46 PlotIndex=894
mission CityName=LOC_CITY_NAME_OTTAWA CompletionTurn=171 EscapeResult=1 InitialResult=4 LevelAfter=1 LootInfo=320 Name=LOC_CITIZEN_MAYA_FEMALE_1 Operation=46 PlotIndex=894
mission CityName=LOC_CITY_NAME_OTTAWA CompletionTurn=171 EscapeResult=-1 InitialResult=1 LevelAfter=1 LootInfo=0 Name=LOC_CITIZEN_MAYA_MODERN_FEMALE_5 Operation=46 PlotIndex=894
mission CityName=LOC_CITY_NAME_OTTAWA CompletionTurn=169 EscapeResult=2 InitialResult=2 LevelAfter=1 LootInfo=0 Name=LOC_CITIZEN_MAYA_FEMALE_4 Operation=46 PlotIndex=894
mission CityName=LOC_CITY_NAME_OTTAWA CompletionTurn=169 EscapeResult=1 InitialResult=2 LevelAfter=1 LootInfo=0 Name=LOC_CITIZEN_MAYA_MALE_4 Operation=46 PlotIndex=894
mission CityName=LOC_CITY_NAME_OTTAWA CompletionTurn=167 EscapeResult=-1 InitialResult=0 LevelAfter=1 LootInfo=0 Name=LOC_CITIZEN_MAYA_MODERN_MALE_9 Operation=46 PlotIndex=894
mission CityName=LOC_CITY_NAME_OTTAWA CompletionTurn=167 EscapeResult=2 InitialResult=2 LevelAfter=1 LootInfo=0 Name=LOC_CITIZEN_MAYA_MODERN_FEMALE_9 Operation=46 PlotIndex=894
mission CityName=LOC_CITY_NAME_OTTAWA CompletionTurn=165 EscapeResult=1 InitialResult=2 LevelAfter=1 LootInfo=0 Name=LOC_CITIZEN_MAYA_MALE_3 Operation=46 PlotIndex=894
mission CityName=LOC_CITY_NAME_OTTAWA CompletionTurn=165 EscapeResult=-1 InitialResult=1 LevelAfter=1 LootInfo=0 Name=LOC_CITIZEN_MAYA_MODERN_MALE_1 Operation=46 PlotIndex=894
mission CityName=LOC_CITY_NAME_OTTAWA CompletionTurn=163 EscapeResult=-1 InitialResult=1 LevelAfter=1 LootInfo=0 Name=LOC_CITIZEN_MAYA_MODERN_MALE_6 Operation=46 PlotIndex=894
mission CityName=LOC_CITY_NAME_OTTAWA CompletionTurn=163 EscapeResult=-1 InitialResult=0 LevelAfter=1 LootInfo=0 Name=LOC_CITIZEN_MAYA_MALE_5 Operation=46 PlotIndex=894
tally 4  SIPHON_FUNDS CAPTURED / NO_RESULT
tally 2  SIPHON_FUNDS FAIL_MUST_ESCAPE / CAPTURED
tally 2  SIPHON_FUNDS FAIL_MUST_ESCAPE / FAIL_MUST_ESCAPE
tally 1  SIPHON_FUNDS FAIL_UNDETECTED / NO_RESULT
tally 4  SIPHON_FUNDS KILLED / NO_RESULT
tally 1  SIPHON_FUNDS SUCCESS_MUST_ESCAPE / CAPTURED
tally 1  SIPHON_FUNDS SUCCESS_MUST_ESCAPE / FAIL_MUST_ESCAPE
tally 1  SIPHON_FUNDS SUCCESS_UNDETECTED / NO_RESULT
turn 180 spies active 3 idle 2 missions 16 captured-enemy 0
spy 6750212 LOC_CITIZEN_MAYA_FEMALE_8 level 2 at -9999:-9999 idle
spy 5963798 LOC_CITIZEN_MAYA_FEMALE_6 level 2 at 54:11 start
spy 6160409 LOC_CITIZEN_MAYA_MODERN_FEMALE_9 level 1 at 54:10 busy:UNITOPERATION_SPY_SIPHON_FUNDS
spy 7077924 LOC_CITIZEN_MAYA_MALE_1 level 1 at 36:42 travel
defender 7471106 at 54:11 level 3 op -1
turn 180 spies 4 started 1 travelled 1 promoted 1 bought 0 gold 50000
    unblock: unblock: blocker ENDTURN_BLOCKING_SPY_CHOOSE_ESCAPE_ROUTE -> escape route DISTRICT_CITY_CENTER of 2 for spy 6160409 LOC_CITIZEN_MAYA_MODERN_FEMALE_9 level 1 turn 180 city LOC_CITY_NAME_OTTAWA p1 at 54:10 pursuer police
    unblock: unblock: blocker ENDTURN_BLOCKING_CIVIC -> civic CIVIC_EXPLORATION
    unblock: unblock: blocker ENDTURN_BLOCKING_FILL_CIVIC_SLOT -> nothing
    popup TechCivicCompletedPopup -> closed
    grabbed p1: def: spy 7471106 at 54:11 level 3 xp 90 promos PROMOTION_SPY_TECHNOLOGIST,PROMOTION_SPY_DEMOLITIONS op -1 targets 54:11,53:13,53:9,54:10,54:12,56:11,55:11,54:8
    repost: def: post at 54:10 plotcan true requested plot
    after: def: spy 7471106 at 54:10 level 3 xp 90 promos PROMOTION_SPY_TECHNOLOGIST,PROMOTION_SPY_DEMOLITIONS op UNITOPERATION_SPY_COUNTERSPY targets 
mission CityName=LOC_CITY_NAME_OTTAWA CompletionTurn=180 EscapeResult=1 InitialResult=4 LevelAfter=1 LootInfo=328 Name=LOC_CITIZEN_MAYA_MODERN_FEMALE_9 Operation=46 PlotIndex=894
mission CityName=LOC_CITY_NAME_OTTAWA CompletionTurn=180 EscapeResult=-1 InitialResult=5 LevelAfter=3 LootInfo=328 Name=LOC_CITIZEN_MAYA_FEMALE_6 Operation=46 PlotIndex=894
mission CityName=LOC_CITY_NAME_OTTAWA CompletionTurn=180 EscapeResult=-1 InitialResult=1 LevelAfter=1 LootInfo=0 Name=LOC_CITIZEN_MAYA_MODERN_FEMALE_6 Operation=46 PlotIndex=894
mission CityName=LOC_CITY_NAME_OTTAWA CompletionTurn=179 EscapeResult=-1 InitialResult=0 LevelAfter=1 LootInfo=0 Name=LOC_CITIZEN_MAYA_FEMALE_4 Operation=46 PlotIndex=894
mission CityName=LOC_CITY_NAME_OTTAWA CompletionTurn=176 EscapeResult=-1 InitialResult=3 LevelAfter=1 LootInfo=0 Name=LOC_CITIZEN_MAYA_MODERN_FEMALE_9 Operation=46 PlotIndex=894
mission CityName=LOC_CITY_NAME_OTTAWA CompletionTurn=175 EscapeResult=-1 InitialResult=5 LevelAfter=2 LootInfo=328 Name=LOC_CITIZEN_MAYA_FEMALE_6 Operation=46 PlotIndex=894
mission CityName=LOC_CITY_NAME_OTTAWA CompletionTurn=175 EscapeResult=-1 InitialResult=1 LevelAfter=1 LootInfo=0 Name=LOC_CITIZEN_MAYA_MALE_6 Operation=46 PlotIndex=894
mission CityName=LOC_CITY_NAME_OTTAWA CompletionTurn=173 EscapeResult=-1 InitialResult=0 LevelAfter=1 LootInfo=0 Name=LOC_CITIZEN_MAYA_MODERN_MALE_4 Operation=46 PlotIndex=894
mission CityName=LOC_CITY_NAME_OTTAWA CompletionTurn=173 EscapeResult=2 InitialResult=4 LevelAfter=2 LootInfo=292 Name=LOC_CITIZEN_MAYA_FEMALE_8 Operation=46 PlotIndex=894
mission CityName=LOC_CITY_NAME_OTTAWA CompletionTurn=171 EscapeResult=1 InitialResult=4 LevelAfter=1 LootInfo=320 Name=LOC_CITIZEN_MAYA_FEMALE_1 Operation=46 PlotIndex=894
mission CityName=LOC_CITY_NAME_OTTAWA CompletionTurn=171 EscapeResult=-1 InitialResult=1 LevelAfter=1 LootInfo=0 Name=LOC_CITIZEN_MAYA_MODERN_FEMALE_5 Operation=46 PlotIndex=894
mission CityName=LOC_CITY_NAME_OTTAWA CompletionTurn=169 EscapeResult=2 InitialResult=2 LevelAfter=1 LootInfo=0 Name=LOC_CITIZEN_MAYA_FEMALE_4 Operation=46 PlotIndex=894
mission CityName=LOC_CITY_NAME_OTTAWA CompletionTurn=169 EscapeResult=1 InitialResult=2 LevelAfter=1 LootInfo=0 Name=LOC_CITIZEN_MAYA_MALE_4 Operation=46 PlotIndex=894
mission CityName=LOC_CITY_NAME_OTTAWA CompletionTurn=167 EscapeResult=-1 InitialResult=0 LevelAfter=1 LootInfo=0 Name=LOC_CITIZEN_MAYA_MODERN_MALE_9 Operation=46 PlotIndex=894
mission CityName=LOC_CITY_NAME_OTTAWA CompletionTurn=167 EscapeResult=2 InitialResult=2 LevelAfter=1 LootInfo=0 Name=LOC_CITIZEN_MAYA_MODERN_FEMALE_9 Operation=46 PlotIndex=894
mission CityName=LOC_CITY_NAME_OTTAWA CompletionTurn=165 EscapeResult=1 InitialResult=2 LevelAfter=1 LootInfo=0 Name=LOC_CITIZEN_MAYA_MALE_3 Operation=46 PlotIndex=894
mission CityName=LOC_CITY_NAME_OTTAWA CompletionTurn=165 EscapeResult=-1 InitialResult=1 LevelAfter=1 LootInfo=0 Name=LOC_CITIZEN_MAYA_MODERN_MALE_1 Operation=46 PlotIndex=894
mission CityName=LOC_CITY_NAME_OTTAWA CompletionTurn=163 EscapeResult=-1 InitialResult=1 LevelAfter=1 LootInfo=0 Name=LOC_CITIZEN_MAYA_MODERN_MALE_6 Operation=46 PlotIndex=894
mission CityName=LOC_CITY_NAME_OTTAWA CompletionTurn=163 EscapeResult=-1 InitialResult=0 LevelAfter=1 LootInfo=0 Name=LOC_CITIZEN_MAYA_MALE_5 Operation=46 PlotIndex=894
tally 5  SIPHON_FUNDS CAPTURED / NO_RESULT
tally 2  SIPHON_FUNDS FAIL_MUST_ESCAPE / CAPTURED
tally 2  SIPHON_FUNDS FAIL_MUST_ESCAPE / FAIL_MUST_ESCAPE
tally 1  SIPHON_FUNDS FAIL_UNDETECTED / NO_RESULT
tally 4  SIPHON_FUNDS KILLED / NO_RESULT
tally 2  SIPHON_FUNDS SUCCESS_MUST_ESCAPE / CAPTURED
tally 1  SIPHON_FUNDS SUCCESS_MUST_ESCAPE / FAIL_MUST_ESCAPE
tally 2  SIPHON_FUNDS SUCCESS_UNDETECTED / NO_RESULT
turn 181 spies active 1 idle 1 missions 19 captured-enemy 0
spy 6750212 LOC_CITIZEN_MAYA_FEMALE_8 level 2 at -9999:-9999 idle
spy 5963798 LOC_CITIZEN_MAYA_FEMALE_6 level 3 at 54:10 busy:UNITOPERATION_SPY_SIPHON_FUNDS
defender 7471106 at 54:10 level 3 op UNITOPERATION_SPY_COUNTERSPY
turn 181 spies 2 started 0 travelled 0 promoted 0 bought 0 gold 50000
    unblock: unblock: blocker ENDTURN_BLOCKING_PRODUCTION -> CALAKMUL builds UNIT_WARRIOR
    unblock: unblock: blocker ENDTURN_BLOCKING_FILL_CIVIC_SLOT -> nothing
    popup EspionagePopup -> closed
    no grab of p1 this turn
    cause popup EspionagePopup -> closed
    cause popup EspionagePopup -> closed
    cause blocker ENDTURN_BLOCKING_FILL_CIVIC_SLOT: no handler
spy 6750212 LOC_CITIZEN_MAYA_FEMALE_8 level 2 at -9999:-9999 idle
spy 5963798 LOC_CITIZEN_MAYA_FEMALE_6 level 3 at 54:11 start
defender 7471106 at 54:10 level 3 op UNITOPERATION_SPY_COUNTERSPY
turn 181 spies 2 started 1 travelled 0 promoted 0 bought 0 gold 50000
    unblock: unblock: blocker ENDTURN_BLOCKING_FILL_CIVIC_SLOT -> nothing
    grabbed p1: def: spy 7471106 at 54:10 level 3 xp 90 promos PROMOTION_SPY_TECHNOLOGIST,PROMOTION_SPY_DEMOLITIONS op UNITOPERATION_SPY_COUNTERSPY targets 
    cause popup WonderBuiltPopup -> closed
    cause popup WorldCongressIntro -> closed
    cause popup WorldCongressPopup -> closed
    cause blocker ENDTURN_BLOCKING_WORLD_CONGRESS_SESSION: no handler
