cases 34
no bias: 17482 exact 7
(10226, 7, 'array', 'civ5', True, False)
(10250, 7, 'array', 'civ5', True, True)
(9330, 7, 'array', 'civ5', False, False)
(9357, 7, 'array', 'civ5', False, True)
(9985, 7, 'array', 'hex60', True, False)
(10008, 7, 'array', 'hex60', True, True)
(9081, 7, 'array', 'hex60', False, False)
(9107, 7, 'array', 'hex60', False, True)
(18568, 7, 'array', 'axial', True, False)
(18586, 7, 'array', 'axial', True, True)
(19399, 7, 'array', 'axial', False, False)
(19418, 7, 'array', 'axial', False, True)
(13153, 7, 'array', 'hex60_sedup', True, False)
(13174, 7, 'array', 'hex60_sedup', True, True)
(6710, 8, 'array', 'hex60_sedup', False, False)
(6733, 8, 'array', 'hex60_sedup', False, True)
(7150, 7, 'array', 'hex60_sezero', True, False)
(7170, 7, 'array', 'hex60_sezero', True, True)
(6710, 8, 'array', 'hex60_sezero', False, False)
(6733, 8, 'array', 'hex60_sezero', False, True)
(10394, 7, 'hex', 'civ5', True, False)
(10419, 7, 'hex', 'civ5', True, True)
(9583, 7, 'hex', 'civ5', False, False)
(9612, 7, 'hex', 'civ5', False, True)
(6873, 7, 'hex', 'hex60', True, False)
(6900, 7, 'hex', 'hex60', True, True)
(6035, 9, 'hex', 'hex60', False, False)
(6067, 8, 'hex', 'hex60', False, True)
(16329, 7, 'hex', 'axial', True, False)
(16349, 7, 'hex', 'axial', True, True)
(17114, 7, 'hex', 'axial', False, False)
(17137, 7, 'hex', 'axial', False, True)
(7512, 10, 'hex', 'hex60_sedup', True, False)
(7536, 9, 'hex', 'hex60_sedup', True, True)
(0, 34, 'hex', 'hex60_sedup', False, False)
(29, 27, 'hex', 'hex60_sedup', False, True)
    [('rwx_p3_0', 1), ('rwx_p3_1', 2), ('rwx_p3_14', 7), ('rwx_p3_17', 5), ('rwx_p3_22', 5), ('rwy_p3', 6), ('raw_p4_rwx', 3)]
(442, 11, 'hex', 'hex60_sezero', True, False)
(467, 9, 'hex', 'hex60_sezero', True, True)
(0, 34, 'hex', 'hex60_sezero', False, False)
(29, 27, 'hex', 'hex60_sezero', False, True)
    [('rwx_p3_0', 1), ('rwx_p3_1', 2), ('rwx_p3_14', 7), ('rwx_p3_17', 5), ('rwx_p3_22', 5), ('rwy_p3', 6), ('raw_p4_rwx', 3)]
(10502, 7, 'hexr', 'civ5', True, False)
(10527, 7, 'hexr', 'civ5', True, True)
(9892, 7, 'hexr', 'civ5', False, False)
(9920, 7, 'hexr', 'civ5', False, True)
(7372, 7, 'hexr', 'hex60', True, False)
(7396, 7, 'hexr', 'hex60', True, True)
(6738, 7, 'hexr', 'hex60', False, False)
(6766, 7, 'hexr', 'hex60', False, True)
(16462, 7, 'hexr', 'axial', True, False)
(16480, 7, 'hexr', 'axial', True, True)
(17375, 7, 'hexr', 'axial', False, False)
(17396, 7, 'hexr', 'axial', False, True)
(7885, 7, 'hexr', 'hex60_sedup', True, False)
(7905, 7, 'hexr', 'hex60_sedup', True, True)
(845, 7, 'hexr', 'hex60_sedup', False, False)
(870, 7, 'hexr', 'hex60_sedup', False, True)
(1085, 7, 'hexr', 'hex60_sezero', True, False)
(1106, 7, 'hexr', 'hex60_sezero', True, True)
(845, 7, 'hexr', 'hex60_sezero', False, False)
(870, 7, 'hexr', 'hex60_sezero', False, True)
(9843, 7, 'cart', 'civ5', True, False)
(9870, 7, 'cart', 'civ5', True, True)
(9400, 7, 'cart', 'civ5', False, False)
(9427, 7, 'cart', 'civ5', False, True)
(9701, 7, 'cart', 'hex60', True, False)
(9728, 7, 'cart', 'hex60', True, True)
(9250, 7, 'cart', 'hex60', False, False)
(9277, 7, 'cart', 'hex60', False, True)
(18482, 7, 'cart', 'axial', True, False)
(18502, 7, 'cart', 'axial', True, True)
(19405, 7, 'cart', 'axial', False, False)
(19424, 7, 'cart', 'axial', False, True)
(13047, 7, 'cart', 'hex60_sedup', True, False)
(13072, 7, 'cart', 'hex60_sedup', True, True)
(6854, 7, 'cart', 'hex60_sedup', False, False)
(6878, 7, 'cart', 'hex60_sedup', False, True)
(7071, 7, 'cart', 'hex60_sezero', True, False)
(7094, 7, 'cart', 'hex60_sezero', True, True)
(6854, 7, 'cart', 'hex60_sezero', False, False)
(6878, 7, 'cart', 'hex60_sezero', False, True)
(9307, 7, 'cart3', 'civ5', True, False)
(9334, 7, 'cart3', 'civ5', True, True)
(8856, 7, 'cart3', 'civ5', False, False)
(8883, 7, 'cart3', 'civ5', False, True)
(9484, 7, 'cart3', 'hex60', True, False)
(9511, 7, 'cart3', 'hex60', True, True)
(10068, 7, 'cart3', 'hex60', False, False)
(10094, 7, 'cart3', 'hex60', False, True)
(19373, 7, 'cart3', 'axial', True, False)
(19393, 7, 'cart3', 'axial', True, True)
(19982, 7, 'cart3', 'axial', False, False)
(20001, 7, 'cart3', 'axial', False, True)
(12477, 7, 'cart3', 'hex60_sedup', True, False)
(12500, 7, 'cart3', 'hex60_sedup', True, True)
(7490, 7, 'cart3', 'hex60_sedup', False, False)
(7514, 7, 'cart3', 'hex60_sedup', False, True)
(6727, 7, 'cart3', 'hex60_sezero', True, False)
(6751, 7, 'cart3', 'hex60_sezero', True, True)
(7490, 7, 'cart3', 'hex60_sezero', False, False)
(7514, 7, 'cart3', 'hex60_sezero', False, True)
(9843, 7, 'hexcart', 'civ5', True, False)
(9870, 7, 'hexcart', 'civ5', True, True)
(9400, 7, 'hexcart', 'civ5', False, False)
(9427, 7, 'hexcart', 'civ5', False, True)
(9701, 7, 'hexcart', 'hex60', True, False)
(9728, 7, 'hexcart', 'hex60', True, True)
(9250, 7, 'hexcart', 'hex60', False, False)
(9277, 7, 'hexcart', 'hex60', False, True)
(18482, 7, 'hexcart', 'axial', True, False)
(18502, 7, 'hexcart', 'axial', True, True)
(19405, 7, 'hexcart', 'axial', False, False)
(19424, 7, 'hexcart', 'axial', False, True)
(13047, 7, 'hexcart', 'hex60_sedup', True, False)
(13072, 7, 'hexcart', 'hex60_sedup', True, True)
(6854, 7, 'hexcart', 'hex60_sedup', False, False)
(6878, 7, 'hexcart', 'hex60_sedup', False, True)
(7071, 7, 'hexcart', 'hex60_sezero', True, False)
(7094, 7, 'hexcart', 'hex60_sezero', True, True)
(6854, 7, 'hexcart', 'hex60_sezero', False, False)
(6878, 7, 'hexcart', 'hex60_sezero', False, True)
best
(0, 34, 'hex', 'hex60_sedup', False, False)
(0, 34, 'hex', 'hex60_sezero', False, False)
(29, 27, 'hex', 'hex60_sedup', False, True)
(29, 27, 'hex', 'hex60_sezero', False, True)
(442, 11, 'hex', 'hex60_sezero', True, False)
(467, 9, 'hex', 'hex60_sezero', True, True)
(845, 7, 'hexr', 'hex60_sedup', False, False)
(845, 7, 'hexr', 'hex60_sezero', False, False)
(870, 7, 'hexr', 'hex60_sedup', False, True)
(870, 7, 'hexr', 'hex60_sezero', False, True)
