RES 0 RESOURCE_BANANAS RESOURCECLASS_BONUS F 6 y 3,0,0,0,0,0 set true
RES 1 RESOURCE_CATTLE RESOURCECLASS_BONUS F 6 y 3,0,0,0,0,0 set true
RES 2 RESOURCE_COPPER RESOURCECLASS_BONUS F 6 y 2,0,2,0,0,0 set true
RES 3 RESOURCE_CRABS RESOURCECLASS_BONUS F 6 y 2,0,2,0,0,0 set true
RES 4 RESOURCE_DEER RESOURCECLASS_BONUS F 6 y 2,1,0,0,0,0 set true
RES 5 RESOURCE_FISH RESOURCECLASS_BONUS F 6 y 3,0,0,0,0,0 set true
RES 6 RESOURCE_RICE RESOURCECLASS_BONUS F 6 y 3,0,0,0,0,0 set true
RES 7 RESOURCE_SHEEP RESOURCECLASS_BONUS F 6 y 3,0,0,0,0,0 set true
RES 8 RESOURCE_STONE RESOURCECLASS_BONUS F 6 y 2,1,0,0,0,0 set true
RES 9 RESOURCE_WHEAT RESOURCECLASS_BONUS F 6 y 3,0,0,0,0,0 set true
RES 10 RESOURCE_CITRUS RESOURCECLASS_LUXURY F 13 y 4,0,0,0,0,0 set true
RES 11 RESOURCE_COCOA RESOURCECLASS_LUXURY F 12 y 2,0,3,0,0,0 set true
RES 12 RESOURCE_COFFEE RESOURCECLASS_LUXURY F 11 y 2,0,0,0,1,0 set true
RES 13 RESOURCE_COTTON RESOURCECLASS_LUXURY F 12 y 2,0,3,0,0,0 set true
RES 14 RESOURCE_DIAMONDS RESOURCECLASS_LUXURY F 12 y 2,0,3,0,0,0 set true
RES 15 RESOURCE_DYES RESOURCECLASS_LUXURY F 11 y 2,0,0,0,0,1 set true
RES 16 RESOURCE_FURS RESOURCECLASS_LUXURY F 12 y 3,0,1,0,0,0 set true
RES 17 RESOURCE_GYPSUM RESOURCECLASS_LUXURY F 12 y 2,1,1,0,0,0 set true
RES 18 RESOURCE_INCENSE RESOURCECLASS_LUXURY F 11 y 2,0,0,0,0,1 set true
RES 19 RESOURCE_IVORY RESOURCECLASS_LUXURY F 12 y 2,1,1,0,0,0 set true
RES 20 RESOURCE_JADE RESOURCECLASS_LUXURY F 11 y 2,0,0,0,1,0 set true
RES 21 RESOURCE_MARBLE RESOURCECLASS_LUXURY F 11 y 2,0,0,0,1,0 set true
RES 22 RESOURCE_MERCURY RESOURCECLASS_LUXURY F 11 y 2,0,0,1,0,0 set true
RES 23 RESOURCE_PEARLS RESOURCECLASS_LUXURY F 11 y 2,0,0,0,0,1 set true
RES 24 RESOURCE_SALT RESOURCECLASS_LUXURY F 12 y 3,0,1,0,0,0 set true
RES 25 RESOURCE_SILK RESOURCECLASS_LUXURY F 11 y 2,0,0,0,1,0 set true
RES 26 RESOURCE_SILVER RESOURCECLASS_LUXURY F 12 y 2,0,3,0,0,0 set true
RES 27 RESOURCE_SPICES RESOURCECLASS_LUXURY F 13 y 4,0,0,0,0,0 set true
RES 28 RESOURCE_SUGAR RESOURCECLASS_LUXURY F 13 y 4,0,0,0,0,0 set true
RES 29 RESOURCE_TEA RESOURCECLASS_LUXURY F 11 y 2,0,0,1,0,0 set true
RES 30 RESOURCE_TOBACCO RESOURCECLASS_LUXURY F 11 y 2,0,0,0,0,1 set true
RES 31 RESOURCE_TRUFFLES RESOURCECLASS_LUXURY F 12 y 2,0,3,0,0,0 set true
RES 32 RESOURCE_WHALES RESOURCECLASS_LUXURY F 12 y 2,1,1,0,0,0 set true
RES 33 RESOURCE_WINE RESOURCECLASS_LUXURY F 12 y 3,0,1,0,0,0 set true
RES 34 RESOURCE_JEANS RESOURCECLASS_LUXURY F 9 y 2,0,0,0,0,0 set true
RES 35 RESOURCE_PERFUME RESOURCECLASS_LUXURY F 9 y 2,0,0,0,0,0 set true
RES 36 RESOURCE_COSMETICS RESOURCECLASS_LUXURY F 9 y 2,0,0,0,0,0 set true
RES 37 RESOURCE_TOYS RESOURCECLASS_LUXURY F 9 y 2,0,0,0,0,0 set true
RES 38 RESOURCE_CINNAMON RESOURCECLASS_LUXURY F 9 y 2,0,0,0,0,0 set true
RES 39 RESOURCE_CLOVES RESOURCECLASS_LUXURY F 9 y 2,0,0,0,0,0 set true
RES 40 RESOURCE_ALUMINUM RESOURCECLASS_STRATEGIC F 6 y 2,0,0,1,0,0 set true
RES 41 RESOURCE_COAL RESOURCECLASS_STRATEGIC F 8 y 2,2,0,0,0,0 set true
RES 42 RESOURCE_HORSES RESOURCECLASS_STRATEGIC F 13 y 3,1,0,0,0,0 set true
RES 43 RESOURCE_IRON RESOURCECLASS_STRATEGIC F 11 y 2,0,0,1,0,0 set true
RES 44 RESOURCE_NITER RESOURCECLASS_STRATEGIC F 8 y 3,1,0,0,0,0 set true
RES 45 RESOURCE_OIL RESOURCECLASS_STRATEGIC F 10 y 2,3,0,0,0,0 set true
RES 46 RESOURCE_URANIUM RESOURCECLASS_STRATEGIC F 8 y 2,2,0,0,0,0 set true
RES 47 RESOURCE_ANTIQUITY_SITE RESOURCECLASS_ARTIFACT F 4 y 2,0,0,0,0,0 set true
RES 48 RESOURCE_SHIPWRECK RESOURCECLASS_ARTIFACT F 4 y 2,0,0,0,0,0 set true
RES 49 RESOURCE_AMBER RESOURCECLASS_LUXURY F 11 y 2,0,0,0,1,0 set true
RES 50 RESOURCE_OLIVES RESOURCECLASS_LUXURY F 12 y 2,1,1,0,0,0 set true
RES 51 RESOURCE_TURTLES RESOURCECLASS_LUXURY F 11 y 2,0,0,1,0,0 set true
RES 52 RESOURCE_MAIZE RESOURCECLASS_BONUS F 6 y 2,0,2,0,0,0 set true
RES 53 RESOURCE_HONEY RESOURCECLASS_LUXURY F 13 y 4,0,0,0,0,0 set true
FEAT 0 FEATURE_FLOODPLAINS F 8 y 4,0,0,0,0,0 set true
FEAT 1 FEATURE_ICE F 0 y 0,0,0,0,0,0 set true
FEAT 2 FEATURE_JUNGLE F 6 y 3,0,0,0,0,0 set true
FEAT 3 FEATURE_FOREST F 6 y 2,1,0,0,0,0 set true
FEAT 4 FEATURE_OASIS F 13 y 5,0,1,0,0,0 set true
FEAT 5 FEATURE_MARSH F 6 y 3,0,0,0,0,0 set true
FEAT 30 FEATURE_REEF F 8 y 3,1,0,0,0,0 set true
FEAT 31 FEATURE_FLOODPLAINS_GRASSLAND F 4 y 2,0,0,0,0,0 set true
FEAT 32 FEATURE_FLOODPLAINS_PLAINS F 4 y 2,0,0,0,0,0 set true
FEAT 33 FEATURE_GEOTHERMAL_FISSURE F 6 y 2,0,0,1,0,0 set true
FEAT 34 FEATURE_VOLCANO F 4 y 2,0,0,0,0,0 set true
FEAT 35 FEATURE_VOLCANIC_SOIL F 4 y 2,0,0,0,0,0 set true
FEAT 46 FEATURE_BURNING_FOREST F 4 y 2,0,0,0,0,0 set true
FEAT 47 FEATURE_BURNT_FOREST F 4 y 2,0,0,0,0,0 set true
FEAT 48 FEATURE_BURNING_JUNGLE F 4 y 2,0,0,0,0,0 set true
FEAT 49 FEATURE_BURNT_JUNGLE F 4 y 2,0,0,0,0,0 set true
MTN P t12 y 0,0,0,0,0,0 F with 0..6 adjacent mountains: 0 0 0 0 0 0 0
MTN P t13 y 0,1,0,0,0,0 F with 0..6 adjacent mountains: 0 0 0 0 0 0 0
MTN P t10 y 1,1,0,0,0,0 F with 0..6 adjacent mountains: 0 0 1 2 3 4 5
MTN P t7 y 0,1,0,0,0,0 F with 0..6 adjacent mountains: 2 3 4 5 6 7 8
LAKE1 F 6 fresh true lake true coastal true F(lake) 3
RESET F 4
