    mod handle 51
    enabled in this configuration: 41 gathering_storm=true probe=true
    map options world_age=2(config) sea_level=2(config) temperature=2(config) rainfall=2(config) resources=2(default) start=2(default)
    ruleset=ok
    speed=ok
    difficulty=ok
    map=ok
    size=ok
    map_options=ok
    city_states=ok
    realism=ok
    map_seed=ok
    game_seed=ok
    start_era=ok
    max_turns=ok
    slots 0:1 1:1 2:1 3:1 slot0=1
    readback ruleset=RULESET_EXPANSION_2 speed=-1649545904 handicap=-179952465 script=civ6lab_mapprobe_natives.lua size=-601637951 cs=6 realism=2 majors=4 map_seed=1001 game_seed=2000 world_age=2 sea_level=2 temperature=2 rainfall=2 resources=2 start=2 autostart=true
    hosting
in game {"turn": 1, "map_seed": 1001, "map_options": {"world_age": 2, "sea_level": 2, "temperature": 2, "rainfall": 2, "resources": 2, "start": 2}, "game_seed": 2000, "humans": 1, "minors": 7, "majors": {"0": "LEADER_ROBERT_THE_BRUCE", "1": "LEADER_HOJO", "2": "LEADER_PHILIP_II", "3": "LEADER_JADWIGA"}}
{"tag": "lab4nat_h3_tiny_natives_m1001_g2000", "config": "tools/civ6lab/h3_tiny_natives.json", "map_seed": 1001, "game_seed": 2000, "first_draws": [26136, 29121, 22387, 26460], "state_after_first": [3425752800], "draws_before_probe": 355790, "sync_seed_now": 663187316, "map_options": {"world_age": "2", "sea_level": "2", "temperature": "2", "rainfall": "2", "resources": "2", "start": "2", "MAP_SIZE": "-601637951"}, "map_dump": "C:\\civ6-development-calculator\\tools\\civ6lab\\runs\\h3_map_lab4nat_h3_tiny_natives_m1001_g2000.json", "probe_entries": 12020, "x_entries": 1406, "extra_lines": {}}
    mod handle 51
    enabled in this configuration: 41 gathering_storm=true probe=true
    map options world_age=2(config) sea_level=2(config) temperature=2(config) rainfall=2(config) resources=2(default) start=2(default)
    ruleset=ok
    speed=ok
    difficulty=ok
    map=ok
    size=ok
    map_options=ok
    city_states=ok
    realism=ok
    map_seed=ok
    game_seed=ok
    start_era=ok
    max_turns=ok
    slots 0:1 1:1 2:1 3:1 slot0=1
    readback ruleset=RULESET_EXPANSION_2 speed=-1649545904 handicap=-179952465 script=civ6lab_mapprobe_natives.lua size=-601637951 cs=6 realism=2 majors=4 map_seed=1003 game_seed=2000 world_age=2 sea_level=2 temperature=2 rainfall=2 resources=2 start=2 autostart=true
    hosting
in game {"turn": 1, "map_seed": 1003, "map_options": {"world_age": 2, "sea_level": 2, "temperature": 2, "rainfall": 2, "resources": 2, "start": 2}, "game_seed": 2000, "humans": 1, "minors": 7, "majors": {"0": "LEADER_ROBERT_THE_BRUCE", "1": "LEADER_HOJO", "2": "LEADER_PHILIP_II", "3": "LEADER_JADWIGA"}}
{"tag": "lab4nat_h3_tiny_natives_m1003_g2000", "config": "tools/civ6lab/h3_tiny_natives.json", "map_seed": 1003, "game_seed": 2000, "first_draws": [18046, 20859, 12630, 31830], "state_after_first": [2365402752], "draws_before_probe": 383592, "sync_seed_now": -1764911482, "map_options": {"world_age": "2", "sea_level": "2", "temperature": "2", "rainfall": "2", "resources": "2", "start": "2", "MAP_SIZE": "-601637951"}, "map_dump": "C:\\civ6-development-calculator\\tools\\civ6lab\\runs\\h3_map_lab4nat_h3_tiny_natives_m1003_g2000.json", "probe_entries": 11610, "x_entries": 1202, "extra_lines": {}}
-> C:\civ6-development-calculator\tools\civ6lab\runs\h3_session_20260928T030141Z.jsonl
