enabled 40
  {Title=Набор «Ацтекская цивилизация»,Official=true,Id=02A8BDDE-67EA-4D38-9540-26E685E3156E}
  {Title=Сценарий: «Викинги, купцы и захватчики!»,Official=true,Id=05698E46-1032-43C7-A40C-FA3D02858D2A}
  {Title=Набор «Теодор Рузвельт: личности»,Official=true,Id=113D9459-0A3B-4FCB-A49C-483F40303575}
  {Title=Игровой режим варварских кланов,Official=true,Id=19ED1A36-D744-4A58-8F8B-0376C2BA86E5}
  {Title=Игровой режим «Случайные технологии и соц. институты»,Official=true,Id=19d1c7ec-54de-11ea-a2e3-2e728ce88125}
  {Title=Дополнение: Rise and Fall,Official=true,Id=1B28771A-C749-434B-9053-D1380C553DE9}
  {Title=Набор «Эфиопия»,Official=true,Id=1B394FE9-23DC-4868-8F0A-5220CB8FB427}
  {Title=Набор «Кхмеры и Индонезия»,Official=true,Id=1F367231-A040-4793-BDBB-088816853683}
  {Title=Набор лидеров «Великие строители»,Official=true,Id=249D9276-0832-48E4-B370-14531FA4E33C}
  {Title=Набор лидеров «Правители Англии»,Official=true,Id=258EF3CA-890B-4863-8A52-982822EFF7BD}
  {Title=Сценарий: «Завоевания Александра»,Official=true,Id=2F3A65C2-0883-4BF6-8C70-EDA688C66F3C}
  {Title=Контент «Викинги»,Official=true,Id=2F6E858A-28EF-46B3-BEAC-B985E52E9BC1}
  {Title=Набор «Польская цивилизация»,Official=true,Id=3809975F-263F-40A2-A747-8BFB171D821A}
  {Title=Дополнение: Gathering Storm,Official=true,Id=4873eb62-8ccc-4574-b784-dda455e74e68}
  {Title=Сетевой сценарий: Военная машина,Official=true,Id=5B0445C9-1376-45AD-9B51-C96A83A8F17D}
  {Title=Набор «Цивилизация Нубии»,Official=true,Id=643EA320-8E1A-4CF1-A01C-00D88DDD131A}
  {Title=Сетевой сценарий: Мировая термоядерная война,Official=true,Id=648CD2A8-057A-4EB5-9E41-E1F7D86B5443}
  {Title=Сценарий: «Дары Нила»,Official=true,Id=7619F77B-BAA7-4912-AA6E-45C124E6ECFD}
  {Title=Набор лидеров «Великие дипломаты»,Official=true,Id=7A66DB58-B354-4061-8C80-95B638DD6F6C}
  {Title=Набор лидеров «Правители Китая»,Official=true,Id=7D27831B-BAA6-4A8B-A39C-94243BAD3F47}
  {Title=Набор лидеров «Правители Сахары»,Official=true,Id=82AE6F24-930F-4640-833C-FCDFD4845757}
  {Title=Набор «Вавилон»,Official=true,Id=8424840C-92EF-4426-A9B4-B4E0CB818049}
  {Title=Сценарий: «Путь к нирване»,Official=true,Id=8550ED6C-E370-426C-80CD-AB4B46B201DD}
  {Title=Набор «Майя и Великая Колумбия»,Official=true,Id=9DE86512-DE1A-400D-8C0A-AB46EBBF76B9}
  {Title=Набор «Византия и галлы»,Official=true,Id=A1100FC4-70F2-4129-AC27-2A65A685ED08}
  {Title=Набор «Вьетнам и Хубилай»,Official=true,Id=A3F42CD4-6C3E-4F5A-BC81-BE29E0C0B87C}
  {Title=Сетевой сценарий: Пираты,Official=true,Id=A55FAFB4-9070-4597-9453-B28A99910CDA}
  {Title=Сценарий: «Черная смерть»,Official=true,Id=C1F775D8-59B5-401B-B86D-78FAF3446EC7}
  {Title=Сценарий: «Наследие Ядвиги»,Official=true,Id=CD953AD5-2869-4654-91EC-E48D118EF3F3}
  {Title=Набор «Екатерина Медичи: личности»,Official=true,Id=CE5876CD-6900-46D1-9C9C-8DBA1F28872E}
  {Title=Сценарий: «Провинциальный магнат»,Official=true,Id=D70C8F1F-3954-460F-A9D9-09498BF773C9}
  {Title=Набор «Персия и Македония»,Official=true,Id=E2749E9A-8056-45CD-901B-C368C8E83DEB}
  {Title=Набор «Австралийская цивилизация»,Official=true,Id=E3F53C61-371C-440B-96CE-077D318B36C0}
  {Title=Сетевой сценарий: «Красная смерть» (королевская битва),Official=true,Id=F264EE10-F21B-4A9A-BBCD-D534E9843E90}
  {Title=Набор лидеров «Великие полководцы»,Official=true,Id=F48213B4-56F5-45DD-92F7-AC78E49BDA49}
  {Title=Сетевой сценарий: Древние соперники,Official=true,Id=F653805E-F7C8-44E1-8CBD-FB48D7AABCBA}
  {Title=Набор «Португалия»,Official=true,Id=FFDF4E79-DEE2-47BB-919B-F5739106627A}
  {Title=civ6lab_mapprobe,Official=false,Id=e6d8f6ba-a2bf-4f6b-ba4b-f5446f403033}
  {Title=Сетевой сценарий: Святое место,Official=true,Id={455B6E2D-821D-4D49-9FCD-FC950AC6A521}}
  {Title=Сетевой сценарий: Кавалерия и пушки,Official=true,Id={5E991A08-08FD-4774-968B-A85377ECF60D}}
