    ruleset=ok
    speed=ok
    difficulty=ok
    map=ok
    size=ok
    city_states=ok
    realism=ok
    map_seed=ok
    game_seed=ok
    start_era=ok
    max_turns=ok
    slots 0:1 1:1 slot0=1
    readback ruleset=RULESET_EXPANSION_2 speed=-1649545904 handicap=-179952465 script=Continents.lua size=388991850 cs=3 realism=2 majors=2 map_seed=-123456789 game_seed=2000 autostart=true
    hosting
in game {"turn": 1, "map_seed": -123456789, "game_seed": 2000, "humans": 1, "minors": 4, "majors": {"0": "LEADER_ROBERT_THE_BRUCE", "1": "LEADER_HOJO"}}
{"tag": "h3_duel_m-123456789_g2000", "config": "tools/civ6lab/h3_duel.json", "map_seed": -123456789, "game_seed": 2000, "first_draws": [18379, 29032, 17446, 7141], "state_after_first": [2409029564], "draws_before_probe": 514844, "sync_seed_now": -1996952717, "map_dump": "C:\\civ6-development-calculator\\tools\\civ6lab\\runs\\h3_map_h3_duel_m-123456789_g2000.json"}
    ruleset=ok
    speed=ok
    difficulty=ok
    map=ok
    size=ok
    city_states=ok
    realism=ok
    map_seed=ok
    game_seed=ok
    start_era=ok
    max_turns=ok
    slots 0:1 1:1 slot0=1
    readback ruleset=RULESET_EXPANSION_2 speed=-1649545904 handicap=-179952465 script=Continents.lua size=388991850 cs=3 realism=2 majors=2 map_seed=2147483647 game_seed=2000 autostart=true
    hosting
in game {"turn": 1, "map_seed": 2147483647, "game_seed": 2000, "humans": 1, "minors": 4, "majors": {"0": "LEADER_ROBERT_THE_BRUCE", "1": "LEADER_HOJO"}}
{"tag": "h3_duel_m2147483647_g2000", "config": "tools/civ6lab/h3_duel.json", "map_seed": 2147483647, "game_seed": 2000, "first_draws": [27477, 12676, 12753, 9934], "state_after_first": [3601497937], "draws_before_probe": 275269, "sync_seed_now": -463612247, "map_dump": "C:\\civ6-development-calculator\\tools\\civ6lab\\runs\\h3_map_h3_duel_m2147483647_g2000.json"}
-> C:\civ6-development-calculator\tools\civ6lab\runs\h3_session_20260926T135500Z.jsonl
