FrontEnd 521 lines, last ['DONE']
-> C:\civ6-development-calculator\tools\civ6lab\runs\h3_pairs_20260928T024555Z.json
== FrontEnd
case       rows  vm.py  lua5.1  #t(vm)
beyond       40     35      34      40
full         40     40      40      40
ins          40     40      38      40
lastonly     40     40      40      40
nil3         40     40      40      40
nilhigh      40     40      40      40
nillow       40     40      40      40
nilrnd       40     40      40      40
refill       40     40      40      40
rem          40     40      40      40
rev          40     40      40      40
revnil2      40     40      40      40
sparse       40     33      20      40
ALL         520    508     492     520
MISS ('beyond', 6) game #t 6 1,2,3,4,5,6,15,11 | vm #t 6 1,2,3,4,5,6,11,15
MISS ('beyond', 12) game #t 12 1,2,3,4,5,6,7,8,9,10,11,12,27,17 | vm #t 12 1,2,3,4,5,6,7,8,9,10,11,12,17,27
MISS ('beyond', 14) game #t 14 1,2,3,4,5,6,7,8,9,10,11,12,13,14,31,19 | vm #t 14 1,2,3,4,5,6,7,8,9,10,11,12,13,14,19,31
MISS ('beyond', 28) game #t 28 1,2,3,4,5,6,7,8,9,10,11,12,13,14,15,16,17,18,19,20,21,22,23,24,25,26,27,28,59,33 | vm #t 28 1,2,3,4,5,6,7,8,9,10,11,12,13,14,15,16,17,18,19,20,21,22,23,24,25,26,27,28,33,59
MISS ('beyond', 30) game #t 30 1,2,3,4,5,6,7,8,9,10,11,12,13,14,15,16,17,18,19,20,21,22,23,24,25,26,27,28,29,30,63,35 | vm #t 30 1,2,3,4,5,6,7,8,9,10,11,12,13,14,15,16,17,18,19,20,21,22,23,24,25,26,27,28,29,30,35,63
MISS ('sparse', 14) game #t 3 1,2,3,5,7,12,13,10 | vm #t 3 1,2,3,5,7,10,12,13
MISS ('sparse', 15) game #t 8 3,4,5,7,8,12,10,15 | vm #t 8 3,4,5,7,8,10,12,15
MISS ('sparse', 19) game #t 3 1,2,3,5,6,7,9,10,11,12,13,14,19,17 | vm #t 3 1,2,3,5,6,7,9,10,11,12,13,14,17,19
MISS ('sparse', 20) game #t 16 1,3,4,5,6,7,10,13,14,16,20,18,19 | vm #t 16 1,3,4,5,6,7,10,13,14,16,18,19,20
MISS ('sparse', 34) game #t 11 2,4,5,6,8,9,10,11,13,14,15,17,18,19,20,21,23,24,25,26,27,28,30,31,34,33 | vm #t 11 2,4,5,6,8,9,10,11,13,14,15,17,18,19,20,21,23,24,25,26,27,28,30,31,33,34
MISS ('sparse', 35) game #t 9 1,2,3,4,5,6,7,8,9,11,13,15,17,19,20,21,22,23,27,28,29,30,34,33 | vm #t 9 1,2,3,4,5,6,7,8,9,11,13,15,17,19,20,21,22,23,27,28,29,30,33,34
MISS ('sparse', 37) game #t 11 1,2,3,4,5,8,9,10,11,13,14,15,17,18,19,20,21,22,23,24,25,26,27,31,37,34,35 | vm #t 11 1,2,3,4,5,8,9,10,11,13,14,15,17,18,19,20,21,22,23,24,25,26,27,31,34,35,37
