    mod handle 43
    enabled in this configuration: 1 e6d8f6ba-a2bf-4f6b-ba4b-f5446f403033
    ruleset=ok
    speed=ok
    difficulty=ok
    map=ok
    size=ok
    city_states=ok
    realism=ok
    map_seed=ok
    game_seed=ok
    start_era=ok
    max_turns=ok
    slots 0:1 1:1 slot0=1
    readback ruleset=RULESET_EXPANSION_2 speed=-1649545904 handicap=-179952465 script=civ6lab_mapprobe.lua size=388991850 cs=3 realism=2 majors=2 map_seed=1000 game_seed=2000 autostart=true
    hosting
in game {"turn": 1, "map_seed": 1000, "game_seed": 2000, "humans": 1, "minors": 3, "majors": {"0": "LEADER_TOMYRIS", "1": "LEADER_GORGO"}}
python : Traceback (most recent call last):
At line:1 char:333
+ ... NG='utf-8'; python -u tools/civ6lab/h3_session.py --host 127.0.0.3 -- ...
+                 ~~~~~~~~~~~~~~~~~~~~~~~~~~~~~~~~~~~~~~~~~~~~~~~~~~~~~~~~~
    + CategoryInfo          : NotSpecified: (Traceback (most recent call last)::String) [], RemoteException
    + FullyQualifiedErrorId : NativeCommandError
 
  File [35m"C:\civ6-development-calculator\tools\civ6lab\h3_session.py"[0m, line [35m154[0m, in [35m<module>[0m
    sys.exit([31mmain[0m[1;31m()[0m)
             [31m~~~~[0m[1;31m^^[0m
  File [35m"C:\civ6-development-calculator\tools\civ6lab\h3_session.py"[0m, line [35m140[0m, in [35mmain[0m
    rec.update([31mtb_position[0m[1;31m(a.host, a.port, ms)[0m)
               [31m~~~~~~~~~~~[0m[1;31m^^^^^^^^^^^^^^^^^^^^[0m
  File [35m"C:\civ6-development-calculator\tools\civ6lab\h3_session.py"[0m, line [35m77[0m, in [35mtb_position[0m
    lines = t.run(GC, lua)
  File [35m"C:\civ6-development-calculator\tools\civ6lab\tuner.py"[0m, line [35m195[0m, in [35mrun[0m
    raise TunerError(f"{state}: {payload}{got}")
[1;35mtuner.TunerError[0m: [35mGameCore_Tuner: ERR:Runtime Error: C:\Users\Виктор\Documents\My Games\Sid Meier's Civ
ilization VI\Mods\civ6lab_mapprobe\Maps\civ6lab_mapprobe.lua:41: function expected instead of nil
stack traceback:
	C:\Users\Виктор\Documents\My Games\Sid Meier's Civilization VI\Mods\civ6lab_mapprobe\Maps\civ6lab_mapprobe.lua:41: in 
function 'GetRandomNumber'
	[string "(function()..."]:2: in function '(anonymous)'
	[string "(function()..."]:3: in function '(main chunk)'

Lua callstack:

[0m
