{"name": "rwx_p3_0", "rflags": ["FRAC_WRAP_X"], "seeds_with_bias": 2, "draws_model": 6163, "draws_game": 6163, "plots": 2048, "misses": 4, "first_miss": [[46, 6, 67, 13], [47, 9, 99, 42], [50, 15, 187, 255]], "pct_hits_of_101": 93}
{"name": "rwx_p3_1", "rflags": ["FRAC_WRAP_X"], "seeds_with_bias": 1, "draws_model": 6162, "draws_game": 6162, "plots": 2048, "misses": 215, "first_miss": [[41, 0, 122, 114], [42, 0, 109, 102], [43, 0, 113, 105]], "pct_hits_of_101": 55}
{"name": "rwx_p3_2", "rflags": ["FRAC_WRAP_X"], "seeds_with_bias": 1, "draws_model": 6161, "draws_game": 6161, "plots": 2048, "misses": 48, "first_miss": [[16, 0, 17, 21], [17, 0, 34, 42], [18, 0, 68, 85]], "pct_hits_of_101": 88}
{"name": "rwx_p3_3", "rflags": ["FRAC_WRAP_X"], "seeds_with_bias": 1, "draws_model": 6163, "draws_game": 6163, "plots": 2048, "misses": 0, "first_miss": [], "pct_hits_of_101": 101}
{"name": "rwx_p3_4", "rflags": ["FRAC_WRAP_X"], "seeds_with_bias": 2, "draws_model": 6162, "draws_game": 6162, "plots": 2048, "misses": 165, "first_miss": [[29, 0, 74, 106], [30, 0, 97, 133], [31, 0, 77, 121]], "pct_hits_of_101": 69}
{"name": "rwx_p3_5", "rflags": ["FRAC_WRAP_X"], "seeds_with_bias": 2, "draws_model": 6167, "draws_game": 6167, "plots": 2048, "misses": 155, "first_miss": [[44, 0, 67, 42], [45, 0, 42, 15], [46, 0, 45, 47]], "pct_hits_of_101": 79}
{"name": "rwx_p3_6", "rflags": ["FRAC_WRAP_X"], "seeds_with_bias": 1, "draws_model": 6163, "draws_game": 6163, "plots": 2048, "misses": 59, "first_miss": [[27, 0, 142, 102], [28, 0, 138, 95], [29, 0, 142, 102]], "pct_hits_of_101": 58}
{"name": "rwx_p3_7", "rflags": ["FRAC_WRAP_X"], "seeds_with_bias": 2, "draws_model": 6163, "draws_game": 6163, "plots": 2048, "misses": 21, "first_miss": [[40, 0, 67, 53], [41, 0, 89, 76], [42, 0, 85, 72]], "pct_hits_of_101": 93}
{"name": "rwx_p3_8", "rflags": ["FRAC_WRAP_X"], "seeds_with_bias": 0, "draws_model": 6160, "draws_game": 6160, "plots": 2048, "misses": 0, "first_miss": [], "pct_hits_of_101": 101}
{"name": "rwx_p3_9", "rflags": ["FRAC_WRAP_X"], "seeds_with_bias": 2, "draws_model": 6165, "draws_game": 6165, "plots": 2048, "misses": 52, "first_miss": [[42, 0, 158, 175], [43, 0, 163, 182], [44, 0, 160, 179]], "pct_hits_of_101": 66}
{"name": "rwx_p3_10", "rflags": ["FRAC_WRAP_X"], "seeds_with_bias": 0, "draws_model": 6160, "draws_game": 6160, "plots": 2048, "misses": 0, "first_miss": [], "pct_hits_of_101": 101}
{"name": "rwx_p3_11", "rflags": ["FRAC_WRAP_X"], "seeds_with_bias": 2, "draws_model": 6162, "draws_game": 6162, "plots": 2048, "misses": 303, "first_miss": [[20, 0, 222, 230], [21, 0, 238, 246], [22, 0, 246, 238]], "pct_hits_of_101": 65}
{"name": "rwx_p3_12", "rflags": ["FRAC_WRAP_X"], "seeds_with_bias": 0, "draws_model": 6161, "draws_game": 6161, "plots": 2048, "misses": 0, "first_miss": [], "pct_hits_of_101": 101}
{"name": "rwx_p3_13", "rflags": ["FRAC_WRAP_X"], "seeds_with_bias": 1, "draws_model": 6163, "draws_game": 6163, "plots": 2048, "misses": 105, "first_miss": [[54, 0, 123, 149], [55, 0, 131, 156], [56, 0, 111, 135]], "pct_hits_of_101": 66}
{"name": "rwx_p3_14", "rflags": ["FRAC_WRAP_X"], "seeds_with_bias": 1, "draws_model": 6163, "draws_game": 6163, "plots": 2048, "misses": 240, "first_miss": [[19, 0, 186, 196], [20, 0, 173, 183], [21, 0, 186, 196]], "pct_hits_of_101": 41}
{"name": "rwx_p3_15", "rflags": ["FRAC_WRAP_X"], "seeds_with_bias": 1, "draws_model": 6163, "draws_game": 6163, "plots": 2048, "misses": 490, "first_miss": [[0, 0, 160, 175], [1, 0, 130, 142], [2, 0, 137, 150]], "pct_hits_of_101": 76}
{"name": "rwx_p3_16", "rflags": ["FRAC_WRAP_X"], "seeds_with_bias": 2, "draws_model": 6161, "draws_game": 6161, "plots": 2048, "misses": 108, "first_miss": [[4, 0, 37, 31], [5, 0, 39, 32], [6, 0, 38, 31]], "pct_hits_of_101": 52}
{"name": "rwx_p3_17", "rflags": ["FRAC_WRAP_X"], "seeds_with_bias": 2, "draws_model": 6163, "draws_game": 6163, "plots": 2048, "misses": 148, "first_miss": [[22, 0, 127, 153], [23, 0, 127, 153], [24, 0, 141, 170]], "pct_hits_of_101": 88}
{"name": "rwx_p3_18", "rflags": ["FRAC_WRAP_X"], "seeds_with_bias": 1, "draws_model": 6162, "draws_game": 6162, "plots": 2048, "misses": 9, "first_miss": [[7, 0, 60, 48], [8, 0, 57, 46], [9, 0, 60, 48]], "pct_hits_of_101": 99}
{"name": "rwx_p3_19", "rflags": ["FRAC_WRAP_X"], "seeds_with_bias": 2, "draws_model": 6161, "draws_game": 6161, "plots": 2048, "misses": 0, "first_miss": [], "pct_hits_of_101": 101}
{"name": "rwx_p3_20", "rflags": ["FRAC_WRAP_X"], "seeds_with_bias": 1, "draws_model": 6162, "draws_game": 6162, "plots": 2048, "misses": 3, "first_miss": [[13, 3, 13, 40], [15, 6, 51, 85], [18, 12, 229, 191]], "pct_hits_of_101": 97}
{"name": "rwx_p3_21", "rflags": ["FRAC_WRAP_X"], "seeds_with_bias": 0, "draws_model": 6161, "draws_game": 6161, "plots": 2048, "misses": 0, "first_miss": [], "pct_hits_of_101": 101}
{"name": "rwx_p3_22", "rflags": ["FRAC_WRAP_X"], "seeds_with_bias": 3, "draws_model": 6168, "draws_game": 6168, "plots": 2048, "misses": 810, "first_miss": [[1, 0, 244, 211], [2, 0, 225, 195], [3, 0, 234, 202]], "pct_hits_of_101": 22}
{"name": "rwx_p3_23", "rflags": ["FRAC_WRAP_X"], "seeds_with_bias": 3, "draws_model": 6163, "draws_game": 6163, "plots": 2048, "misses": 440, "first_miss": [[0, 0, 215, 229], [1, 0, 193, 205], [2, 0, 207, 221]], "pct_hits_of_101": 26}
{"name": "rwx_p6_0", "rflags": ["FRAC_WRAP_X"], "seeds_with_bias": 4, "draws_model": 12328, "draws_game": 12328, "plots": 2048, "misses": 127, "first_miss": [[24, 0, 236, 235], [25, 0, 233, 231], [26, 0, 255, 212]], "pct_hits_of_101": 57}
{"name": "rwx_p6_1", "rflags": ["FRAC_WRAP_X"], "seeds_with_bias": 3, "draws_model": 12324, "draws_game": 12324, "plots": 2048, "misses": 415, "first_miss": [[0, 0, 154, 136], [1, 0, 160, 141], [2, 0, 151, 132]], "pct_hits_of_101": 29}
{"name": "rwx_p6_2", "rflags": ["FRAC_WRAP_X"], "seeds_with_bias": 3, "draws_model": 12325, "draws_game": 12325, "plots": 2048, "misses": 598, "first_miss": [[23, 0, 255, 214], [24, 0, 255, 216], [25, 0, 255, 216]], "pct_hits_of_101": 15}
{"name": "rwx_p6_3", "rflags": ["FRAC_WRAP_X"], "seeds_with_bias": 5, "draws_model": 12330, "draws_game": 12330, "plots": 2048, "misses": 359, "first_miss": [[20, 0, 91, 132], [21, 0, 91, 132], [22, 0, 99, 144]], "pct_hits_of_101": 30}
{"name": "rwy_p3", "rflags": ["FRAC_WRAP_Y"], "seeds_with_bias": 3, "draws_model": 6164, "draws_game": 6164, "plots": 2048, "misses": 380, "first_miss": [[0, 0, 238, 255], [1, 0, 207, 221], [2, 0, 213, 228]], "pct_hits_of_101": 29}
{"name": "rwxy_p3", "rflags": ["FRAC_WRAP_X", "FRAC_WRAP_Y"], "seeds_with_bias": 1, "draws_model": 6161, "draws_game": 6161, "plots": 2048, "misses": 196, "first_miss": [[43, 0, 212, 238], [44, 0, 228, 225], [45, 0, 240, 210]], "pct_hits_of_101": 11}
{"name": "rpolar_p3", "rflags": ["FRAC_POLAR"], "seeds_with_bias": 1, "draws_model": 6161, "draws_game": 6161, "plots": 2048, "misses": 0, "first_miss": [], "pct_hits_of_101": 101}
{"name": "rinv_p3", "rflags": ["FRAC_INVERT_HEIGHTS"], "seeds_with_bias": 2, "draws_model": 6162, "draws_game": 6162, "plots": 2048, "misses": 28, "first_miss": [[23, 0, 66, 37], [24, 0, 63, 31], [25, 0, 74, 42]], "pct_hits_of_101": 80}
{"name": "rwx_p3_b10_5", "rflags": ["FRAC_WRAP_X"], "seeds_with_bias": 1, "draws_model": 6163, "draws_game": 6163, "plots": 2048, "misses": 79, "first_miss": [[53, 0, 210, 199], [54, 0, 214, 202], [55, 0, 214, 184]], "pct_hits_of_101": 34}
cases 33 exact (grid, draw count, 101 percentiles) 7
