ion_20260927T015420Z.jsonl 44x26 sdiv ['2,150,50,false', '3'] mdiv ['3', '3']
   landmass  196610 plots   128 fert   718 +w1   966 +w2  1089 +w3  1165 share 0.390 majors 1 minors 1
   landmass  131073 plots   138 fert   696 +w1   892 +w2  1023 +w3  1149 share 0.378 majors 1 minors 1
   landmass  262147 plots    66 fert   425 +w1   644 +w2   815 +w3   955 share 0.231 majors 0 minors 1
      land dhondt    OK  [1, 1, 0] true [1, 1, 0]
      land sainte    OK  [1, 1, 0] true [1, 1, 0]
      land floor+c   bad [2, 0, 0] true [1, 1, 0]
      land floor+c1  OK  [1, 1, 0] true [1, 1, 0]
      w1   dhondt    OK  [1, 1, 0] true [1, 1, 0]
      w1   sainte    OK  [1, 1, 0] true [1, 1, 0]
      w1   floor+c   bad [2, 0, 0] true [1, 1, 0]
      w1   floor+c1  OK  [1, 1, 0] true [1, 1, 0]
      w2   dhondt    OK  [1, 1, 0] true [1, 1, 0]
      w2   sainte    OK  [1, 1, 0] true [1, 1, 0]
      w2   floor+c   bad [2, 0, 0] true [1, 1, 0]
      w2   floor+c1  OK  [1, 1, 0] true [1, 1, 0]
      w3   dhondt    OK  [1, 1, 0] true [1, 1, 0]
      w3   sainte    OK  [1, 1, 0] true [1, 1, 0]
      w3   floor+c   bad [2, 0, 0] true [1, 1, 0]
      w3   floor+c1  OK  [1, 1, 0] true [1, 1, 0]
ion_20260927T015648Z.jsonl 60x38 sdiv ['4,150,50,false', '6'] mdiv ['6', '7']
   landmass  131073 plots   377 fert  2154 +w1  2475 +w2  2667 +w3  2808 share 0.494 majors 2 minors 3
   landmass  327684 plots   262 fert  1485 +w1  1819 +w2  2009 +w3  2192 share 0.340 majors 2 minors 2
   landmass  196610 plots    87 fert   396 +w1   564 +w2   694 +w3   861 share 0.091 majors 0 minors 1
   landmass  458758 plots    87 fert   328 +w1   430 +w2   533 +w3   610 share 0.075 majors 0 minors 0
      land dhondt    OK  [2, 2, 0, 0] true [2, 2, 0, 0]
      land sainte    OK  [2, 2, 0, 0] true [2, 2, 0, 0]
      land floor+c   OK  [2, 2, 0, 0] true [2, 2, 0, 0]
      land floor+c1  OK  [2, 2, 0, 0] true [2, 2, 0, 0]
      w1   dhondt    OK  [2, 2, 0, 0] true [2, 2, 0, 0]
      w1   sainte    OK  [2, 2, 0, 0] true [2, 2, 0, 0]
      w1   floor+c   OK  [2, 2, 0, 0] true [2, 2, 0, 0]
      w1   floor+c1  OK  [2, 2, 0, 0] true [2, 2, 0, 0]
      w2   dhondt    OK  [2, 2, 0, 0] true [2, 2, 0, 0]
      w2   sainte    bad [2, 1, 1, 0] true [2, 2, 0, 0]
      w2   floor+c   OK  [2, 2, 0, 0] true [2, 2, 0, 0]
      w2   floor+c1  OK  [2, 2, 0, 0] true [2, 2, 0, 0]
      w3   dhondt    OK  [2, 2, 0, 0] true [2, 2, 0, 0]
      w3   sainte    bad [2, 1, 1, 0] true [2, 2, 0, 0]
      w3   floor+c   OK  [2, 2, 0, 0] true [2, 2, 0, 0]
      w3   floor+c1  OK  [2, 2, 0, 0] true [2, 2, 0, 0]
ion_20260927T020045Z.jsonl 74x46 sdiv ['6,150,50,false', '7'] mdiv ['9', '12']
   landmass  131073 plots   585 fert  3937 +w1  4506 +w2  4898 +w3  5147 share 0.522 majors 3 minors 5
   landmass  196610 plots   435 fert  2903 +w1  3243 +w2  3500 +w3  3704 share 0.385 majors 3 minors 3
   landmass  983054 plots    96 fert   493 +w1   626 +w2   716 +w3   795 share 0.065 majors 0 minors 1
   landmass  327684 plots    31 fert   131 +w1   282 +w2   416 +w3   533 share 0.017 majors 0 minors 0
   landmass  458758 plots    10 fert    75 +w1   151 +w2   226 +w3   317 share 0.010 majors 0 minors 0
      land dhondt    bad [4, 2, 0, 0, 0] true [3, 3, 0, 0, 0]
      land sainte    OK  [3, 3, 0, 0, 0] true [3, 3, 0, 0, 0]
      land floor+c   OK  [3, 3, 0, 0, 0] true [3, 3, 0, 0, 0]
      land floor+c1  bad [4, 2, 0, 0, 0] true [3, 3, 0, 0, 0]
      w1   dhondt    bad [4, 2, 0, 0, 0] true [3, 3, 0, 0, 0]
      w1   sainte    OK  [3, 3, 0, 0, 0] true [3, 3, 0, 0, 0]
      w1   floor+c   OK  [3, 3, 0, 0, 0] true [3, 3, 0, 0, 0]
      w1   floor+c1  bad [4, 2, 0, 0, 0] true [3, 3, 0, 0, 0]
      w2   dhondt    bad [4, 2, 0, 0, 0] true [3, 3, 0, 0, 0]
      w2   sainte    bad [3, 2, 1, 0, 0] true [3, 3, 0, 0, 0]
      w2   floor+c   OK  [3, 3, 0, 0, 0] true [3, 3, 0, 0, 0]
      w2   floor+c1  bad [4, 2, 0, 0, 0] true [3, 3, 0, 0, 0]
      w3   dhondt    bad [4, 2, 0, 0, 0] true [3, 3, 0, 0, 0]
      w3   sainte    bad [3, 2, 1, 0, 0] true [3, 3, 0, 0, 0]
      w3   floor+c   OK  [3, 3, 0, 0, 0] true [3, 3, 0, 0, 0]
      w3   floor+c1  bad [4, 2, 0, 0, 0] true [3, 3, 0, 0, 0]
ion_20260927T021047Z.jsonl 84x54 sdiv ['8,150,50,false', '8'] mdiv ['12', '12']
   landmass  131073 plots   867 fert  5064 +w1  5848 +w2  6326 +w3  6625 share 0.558 majors 4 minors 7
   landmass  524295 plots   508 fert  2871 +w1  3331 +w2  3603 +w3  3829 share 0.316 majors 3 minors 3
   landmass  262147 plots   174 fert  1141 +w1  1369 +w2  1615 +w3  1804 share 0.126 majors 1 minors 2
      land dhondt    bad [5, 2, 1] true [4, 3, 1]
      land sainte    OK  [4, 3, 1] true [4, 3, 1]
      land floor+c   OK  [4, 3, 1] true [4, 3, 1]
      land floor+c1  bad [5, 2, 1] true [4, 3, 1]
      w1   dhondt    bad [5, 2, 1] true [4, 3, 1]
      w1   sainte    OK  [4, 3, 1] true [4, 3, 1]
      w1   floor+c   OK  [4, 3, 1] true [4, 3, 1]
      w1   floor+c1  bad [5, 2, 1] true [4, 3, 1]
      w2   dhondt    bad [5, 2, 1] true [4, 3, 1]
      w2   sainte    OK  [4, 3, 1] true [4, 3, 1]
      w2   floor+c   OK  [4, 3, 1] true [4, 3, 1]
      w2   floor+c1  bad [5, 2, 1] true [4, 3, 1]
      w3   dhondt    bad [5, 2, 1] true [4, 3, 1]
      w3   sainte    OK  [4, 3, 1] true [4, 3, 1]
      w3   floor+c   OK  [4, 3, 1] true [4, 3, 1]
      w3   floor+c1  bad [5, 2, 1] true [4, 3, 1]
ion_20260927T104802Z.jsonl 60x38 sdiv ['4,150,50,false', '4'] mdiv ['6', '7']
   landmass  196610 plots   406 fert  2720 +w1  3189 +w2  3476 +w3  3702 share 0.568 majors 2 minors 4
   landmass  262147 plots   312 fert  1940 +w1  2429 +w2  2736 +w3  2962 share 0.405 majors 2 minors 2
   landmass  851980 plots    41 fert   127 +w1   203 +w2   278 +w3   348 share 0.027 majors 0 minors 0
      land dhondt    OK  [2, 2, 0] true [2, 2, 0]
      land sainte    OK  [2, 2, 0] true [2, 2, 0]
      land floor+c   OK  [2, 2, 0] true [2, 2, 0]
      land floor+c1  OK  [2, 2, 0] true [2, 2, 0]
      w1   dhondt    OK  [2, 2, 0] true [2, 2, 0]
      w1   sainte    OK  [2, 2, 0] true [2, 2, 0]
      w1   floor+c   OK  [2, 2, 0] true [2, 2, 0]
      w1   floor+c1  OK  [2, 2, 0] true [2, 2, 0]
      w2   dhondt    OK  [2, 2, 0] true [2, 2, 0]
      w2   sainte    OK  [2, 2, 0] true [2, 2, 0]
      w2   floor+c   OK  [2, 2, 0] true [2, 2, 0]
      w2   floor+c1  OK  [2, 2, 0] true [2, 2, 0]
      w3   dhondt    OK  [2, 2, 0] true [2, 2, 0]
      w3   sainte    OK  [2, 2, 0] true [2, 2, 0]
      w3   floor+c   OK  [2, 2, 0] true [2, 2, 0]
      w3   floor+c1  OK  [2, 2, 0] true [2, 2, 0]
ion_20260927T104902Z.jsonl 60x38 sdiv ['4,150,50,false', '4'] mdiv ['6', '8']
   landmass  327684 plots   387 fert  2248 +w1  2664 +w2  2847 +w3  2987 share 0.541 majors 2 minors 4
   landmass  196610 plots   328 fert  1829 +w1  2210 +w2  2465 +w3  2660 share 0.440 majors 2 minors 2
   landmass  131073 plots    31 fert    82 +w1   138 +w2   224 +w3   308 share 0.020 majors 0 minors 0
      land dhondt    OK  [2, 2, 0] true [2, 2, 0]
      land sainte    OK  [2, 2, 0] true [2, 2, 0]
      land floor+c   OK  [2, 2, 0] true [2, 2, 0]
      land floor+c1  OK  [2, 2, 0] true [2, 2, 0]
      w1   dhondt    OK  [2, 2, 0] true [2, 2, 0]
      w1   sainte    OK  [2, 2, 0] true [2, 2, 0]
      w1   floor+c   OK  [2, 2, 0] true [2, 2, 0]
      w1   floor+c1  OK  [2, 2, 0] true [2, 2, 0]
      w2   dhondt    OK  [2, 2, 0] true [2, 2, 0]
      w2   sainte    OK  [2, 2, 0] true [2, 2, 0]
      w2   floor+c   OK  [2, 2, 0] true [2, 2, 0]
      w2   floor+c1  OK  [2, 2, 0] true [2, 2, 0]
      w3   dhondt    OK  [2, 2, 0] true [2, 2, 0]
      w3   sainte    OK  [2, 2, 0] true [2, 2, 0]
      w3   floor+c   OK  [2, 2, 0] true [2, 2, 0]
      w3   floor+c1  OK  [2, 2, 0] true [2, 2, 0]
ion_20260927T104951Z.jsonl 60x38 sdiv ['4,150,50,false', '4'] mdiv ['6', '6']
   landmass  131073 plots   478 fert  2600 +w1  2973 +w2  3184 +w3  3328 share 0.580 majors 2 minors 4
   landmass  262147 plots   310 fert  1882 +w1  2181 +w2  2378 +w3  2524 share 0.420 majors 2 minors 2
      land dhondt    OK  [2, 2] true [2, 2]
      land sainte    OK  [2, 2] true [2, 2]
      land floor+c   OK  [2, 2] true [2, 2]
      land floor+c1  OK  [2, 2] true [2, 2]
      w1   dhondt    OK  [2, 2] true [2, 2]
      w1   sainte    OK  [2, 2] true [2, 2]
      w1   floor+c   OK  [2, 2] true [2, 2]
      w1   floor+c1  OK  [2, 2] true [2, 2]
      w2   dhondt    OK  [2, 2] true [2, 2]
      w2   sainte    OK  [2, 2] true [2, 2]
      w2   floor+c   OK  [2, 2] true [2, 2]
      w2   floor+c1  OK  [2, 2] true [2, 2]
      w3   dhondt    OK  [2, 2] true [2, 2]
      w3   sainte    OK  [2, 2] true [2, 2]
      w3   floor+c   OK  [2, 2] true [2, 2]
      w3   floor+c1  OK  [2, 2] true [2, 2]
ion_20260927T105039Z.jsonl 74x46 sdiv ['6,150,50,false', '7'] mdiv ['9', '11']
   landmass  131073 plots   494 fert  2869 +w1  3405 +w2  3682 +w3  3885 share 0.454 majors 3 minors 5
   landmass  196610 plots   444 fert  2559 +w1  2960 +w2  3197 +w3  3346 share 0.405 majors 3 minors 3
   landmass  458758 plots   117 fert   642 +w1   848 +w2  1007 +w3  1119 share 0.102 majors 0 minors 1
   landmass  589832 plots    20 fert   129 +w1   208 +w2   288 +w3   384 share 0.020 majors 0 minors 0
   landmass  262147 plots    22 fert   116 +w1   224 +w2   348 +w3   480 share 0.018 majors 0 minors 0
      land dhondt    OK  [3, 3, 0, 0, 0] true [3, 3, 0, 0, 0]
      land sainte    bad [3, 2, 1, 0, 0] true [3, 3, 0, 0, 0]
      land floor+c   OK  [3, 3, 0, 0, 0] true [3, 3, 0, 0, 0]
      land floor+c1  OK  [3, 3, 0, 0, 0] true [3, 3, 0, 0, 0]
      w1   dhondt    OK  [3, 3, 0, 0, 0] true [3, 3, 0, 0, 0]
      w1   sainte    bad [3, 2, 1, 0, 0] true [3, 3, 0, 0, 0]
      w1   floor+c   OK  [3, 3, 0, 0, 0] true [3, 3, 0, 0, 0]
      w1   floor+c1  OK  [3, 3, 0, 0, 0] true [3, 3, 0, 0, 0]
      w2   dhondt    OK  [3, 3, 0, 0, 0] true [3, 3, 0, 0, 0]
      w2   sainte    bad [3, 2, 1, 0, 0] true [3, 3, 0, 0, 0]
      w2   floor+c   OK  [3, 3, 0, 0, 0] true [3, 3, 0, 0, 0]
      w2   floor+c1  OK  [3, 3, 0, 0, 0] true [3, 3, 0, 0, 0]
      w3   dhondt    bad [3, 2, 1, 0, 0] true [3, 3, 0, 0, 0]
      w3   sainte    bad [3, 2, 1, 0, 0] true [3, 3, 0, 0, 0]
      w3   floor+c   OK  [3, 3, 0, 0, 0] true [3, 3, 0, 0, 0]
      w3   floor+c1  bad [3, 2, 1, 0, 0] true [3, 3, 0, 0, 0]
ion_20260927T105144Z.jsonl 74x46 sdiv ['6,150,50,false', '7'] mdiv ['9', '9']
   landmass  131073 plots   534 fert  3326 +w1  3884 +w2  4204 +w3  4469 share 0.479 majors 3 minors 5
   landmass  196610 plots   445 fert  2822 +w1  3260 +w2  3543 +w3  3824 share 0.407 majors 3 minors 3
   landmass  720906 plots   171 fert   791 +w1   985 +w2  1094 +w3  1213 share 0.114 majors 0 minors 1
      land dhondt    OK  [3, 3, 0] true [3, 3, 0]
      land sainte    bad [3, 2, 1] true [3, 3, 0]
      land floor+c   OK  [3, 3, 0] true [3, 3, 0]
      land floor+c1  OK  [3, 3, 0] true [3, 3, 0]
      w1   dhondt    OK  [3, 3, 0] true [3, 3, 0]
      w1   sainte    bad [3, 2, 1] true [3, 3, 0]
      w1   floor+c   OK  [3, 3, 0] true [3, 3, 0]
      w1   floor+c1  OK  [3, 3, 0] true [3, 3, 0]
      w2   dhondt    OK  [3, 3, 0] true [3, 3, 0]
      w2   sainte    bad [3, 2, 1] true [3, 3, 0]
      w2   floor+c   OK  [3, 3, 0] true [3, 3, 0]
      w2   floor+c1  OK  [3, 3, 0] true [3, 3, 0]
      w3   dhondt    OK  [3, 3, 0] true [3, 3, 0]
      w3   sainte    bad [3, 2, 1] true [3, 3, 0]
      w3   floor+c   OK  [3, 3, 0] true [3, 3, 0]
      w3   floor+c1  OK  [3, 3, 0] true [3, 3, 0]
ion_20260927T105236Z.jsonl 84x54 sdiv ['8,150,50,false', '9'] mdiv ['12', '12']
   landmass  327684 plots   525 fert  3525 +w1  4094 +w2  4521 +w3  4829 share 0.376 majors 4 minors 4
   landmass  983054 plots   401 fert  2362 +w1  2835 +w2  3124 +w3  3359 share 0.252 majors 2 minors 4
   landmass  524295 plots   213 fert  1412 +w1  1773 +w2  2050 +w3  2325 share 0.151 majors 1 minors 2
   landmass  196610 plots   260 fert  1306 +w1  1625 +w2  1834 +w3  1984 share 0.139 majors 1 minors 1
   landmass 1179665 plots   139 fert   774 +w1  1050 +w2  1214 +w3  1375 share 0.083 majors 0 minors 1
      land dhondt    OK  [4, 2, 1, 1, 0] true [4, 2, 1, 1, 0]
      land sainte    bad [3, 2, 1, 1, 1] true [4, 2, 1, 1, 0]
      land floor+c   bad [3, 2, 2, 1, 0] true [4, 2, 1, 1, 0]
      land floor+c1  OK  [4, 2, 1, 1, 0] true [4, 2, 1, 1, 0]
      w1   dhondt    bad [3, 2, 1, 1, 1] true [4, 2, 1, 1, 0]
      w1   sainte    bad [3, 2, 1, 1, 1] true [4, 2, 1, 1, 0]
      w1   floor+c   bad [3, 2, 2, 1, 0] true [4, 2, 1, 1, 0]
      w1   floor+c1  bad [3, 2, 1, 1, 1] true [4, 2, 1, 1, 0]
      w2   dhondt    bad [3, 2, 1, 1, 1] true [4, 2, 1, 1, 0]
      w2   sainte    bad [3, 2, 1, 1, 1] true [4, 2, 1, 1, 0]
      w2   floor+c   bad [3, 2, 2, 1, 0] true [4, 2, 1, 1, 0]
      w2   floor+c1  bad [3, 2, 1, 1, 1] true [4, 2, 1, 1, 0]
      w3   dhondt    bad [3, 2, 1, 1, 1] true [4, 2, 1, 1, 0]
      w3   sainte    bad [3, 2, 1, 1, 1] true [4, 2, 1, 1, 0]
      w3   floor+c   bad [3, 2, 2, 1, 0] true [4, 2, 1, 1, 0]
      w3   floor+c1  bad [3, 2, 1, 1, 1] true [4, 2, 1, 1, 0]
ion_20260927T105337Z.jsonl 84x54 sdiv ['8,150,50,false', '8'] mdiv ['12', '12']
   landmass  262147 plots   908 fert  5598 +w1  6137 +w2  6474 +w3  6688 share 0.617 majors 5 minors 7
   landmass  131073 plots   622 fert  3470 +w1  4163 +w2  4587 +w3  4861 share 0.383 majors 3 minors 5
      land dhondt    OK  [5, 3] true [5, 3]
      land sainte    OK  [5, 3] true [5, 3]
      land floor+c   OK  [5, 3] true [5, 3]
      land floor+c1  OK  [5, 3] true [5, 3]
      w1   dhondt    OK  [5, 3] true [5, 3]
      w1   sainte    OK  [5, 3] true [5, 3]
      w1   floor+c   OK  [5, 3] true [5, 3]
      w1   floor+c1  OK  [5, 3] true [5, 3]
      w2   dhondt    OK  [5, 3] true [5, 3]
      w2   sainte    OK  [5, 3] true [5, 3]
      w2   floor+c   OK  [5, 3] true [5, 3]
      w2   floor+c1  OK  [5, 3] true [5, 3]
      w3   dhondt    OK  [5, 3] true [5, 3]
      w3   sainte    OK  [5, 3] true [5, 3]
      w3   floor+c   OK  [5, 3] true [5, 3]
      w3   floor+c1  OK  [5, 3] true [5, 3]
