064955Z tall_w2                  94: (41,3) h1 e1.00 D[]
064955Z tall_w2                  94: (42,3) h1 e1.00 D[]
064955Z tall_w2                  94: (41,4) h1 e1.00 D[]
064955Z tall_w3                   1: (42,48) h2 e1.80 D[]  (42,47) h2 e1.80 D[1]  (42,46) h2 e1.80 D[2,1]  (42,45) h2 e1.80 D[3,2,1]
064955Z tall_w4                   9: (42,48) h2 e2.00 D[]  (41,47) h2 e2.00 D[1]  (41,48) h2 e1.80 D[1,1]  (42,47) h2 e1.80 D[1,1,2]
064955Z tall_w4                   9: (42,49) h1 e1.12 D[]  (41,46) h2 e1.80 D[3]  (40,48) h1 e1.00 D[3,2]  (42,47) h2 e1.80 D[2,2,3]
064955Z tall_w4                   9: (42,49) h1 e1.12 D[]  (41,46) h2 e1.80 D[3]  (40,48) h1 e1.00 D[3,2]  (43,47) h1 e1.00 D[2,3,4]
064955Z tall_w5                  11: (40,46) h1 e1.00 D[]  (40,45) h1 e1.00 D[1]  (40,43) h1 e1.00 D[3,2]  (41,40) h2 e1.80 D[6,5,3]
064955Z tall_w5                  11: (40,46) h1 e1.00 D[]  (40,45) h1 e1.00 D[1]  (40,43) h1 e1.00 D[3,2]  (40,41) h1 e1.00 D[5,4,2]
064955Z tall_w5                  11: (40,47) h1 e1.00 D[]  (40,45) h1 e1.00 D[2]  (40,43) h1 e1.00 D[4,2]  (41,40) h2 e1.80 D[7,5,3]
064955Z tall_w6                  12: (39,46) h1 e1.00 D[]  (39,45) h1 e1.00 D[1]  (39,43) h1 e1.00 D[3,2]  (40,40) h2 e1.80 D[6,5,3]
064955Z tall_w6                  12: (39,46) h1 e1.00 D[]  (39,45) h1 e1.00 D[1]  (39,43) h1 e1.00 D[3,2]  (39,41) h1 e1.00 D[5,4,2]
064955Z tall_w6                  12: (39,47) h1 e1.00 D[]  (39,45) h1 e1.00 D[2]  (39,43) h1 e1.00 D[4,2]  (40,40) h2 e1.80 D[7,5,3]
064955Z tall_w7                   1: (42,46) h4 e3.64 D[]  (42,43) h4 e3.64 D[3]  (42,40) h4 e3.64 D[6,3]  (42,37) h4 e3.64 D[9,6,3]
064955Z tall_w8                   1: (42,46) h4 e4.00 D[]  (41,43) h4 e4.00 D[3]  (42,40) h4 e4.00 D[6,3]  (41,37) h4 e4.00 D[9,6,3]
064955Z tall_w9                  62: (46,43) h1 e1.00 D[]  (46,42) h1 e1.00 D[1]  (46,36) h1 e1.00 D[7,6]  (45,33) h2 e1.80 D[10,9,3]
064955Z tall_w9                  62: (46,43) h1 e1.00 D[]  (46,42) h1 e1.00 D[1]  (46,36) h1 e1.00 D[7,6]  (46,34) h1 e1.00 D[9,8,2]
064955Z tall_w9                  62: (38,44) h1 e1.00 D[]  (38,41) h1 e1.00 D[3]  (39,36) h2 e1.80 D[8,5]  (39,34) h2 e1.80 D[10,7,2]
064955Z tall_w10                 65: (46,43) h1 e1.00 D[]  (46,42) h1 e1.00 D[1]  (46,36) h1 e1.00 D[7,6]  (45,33) h2 e1.80 D[10,9,3]
064955Z tall_w10                 65: (46,43) h1 e1.00 D[]  (46,42) h1 e1.00 D[1]  (46,36) h1 e1.00 D[7,6]  (46,34) h1 e1.00 D[9,8,2]
064955Z tall_w10                 65: (37,44) h1 e1.00 D[]  (37,41) h1 e1.00 D[3]  (38,36) h2 e1.80 D[8,5]  (38,34) h2 e1.80 D[10,7,2]
064955Z tall_w11                  3: (41,43) h5 e5.00 D[]  (42,40) h6 e5.59 D[3]  (41,33) h5 e5.00 D[10,7]  (42,30) h6 e5.59 D[13,10,3]
064955Z tall_w11                  3: (42,44) h6 e5.59 D[]  (42,39) h6 e5.59 D[5]  (42,34) h6 e5.59 D[10,5]  (42,29) h6 e5.59 D[15,10,5]
064955Z tall_w11                  3: (42,45) h5 e5.02 D[]  (43,38) h5 e5.00 D[7]  (42,35) h6 e5.59 D[10,3]  (43,28) h5 e5.00 D[17,10,7]
064955Z tall_w12                  3: (42,43) h6 e5.59 D[]  (42,40) h6 e6.00 D[3]  (42,33) h6 e5.59 D[10,7]  (42,30) h6 e6.00 D[13,10,3]
064955Z tall_w12                  3: (42,44) h6 e6.00 D[]  (41,39) h6 e6.00 D[5]  (42,34) h6 e6.00 D[10,5]  (41,29) h6 e6.00 D[15,10,5]
064955Z tall_w12                  3: (41,45) h5 e5.02 D[]  (41,38) h6 e5.59 D[7]  (41,35) h6 e6.00 D[10,3]  (41,28) h6 e5.59 D[17,10,7]
064955Z tall_w13                151: (36,40) h1 e1.00 D[]  (36,39) h1 e1.00 D[1]  (36,29) h1 e1.00 D[11,10]  (37,26) h2 e1.80 D[14,13,3]
064955Z tall_w13                151: (36,40) h1 e1.00 D[]  (36,39) h1 e1.00 D[1]  (36,29) h1 e1.00 D[11,10]  (36,27) h1 e1.00 D[13,12,2]
064955Z tall_w13                151: (36,41) h1 e1.00 D[]  (37,38) h2 e1.80 D[3]  (37,29) h2 e2.00 D[12,9]  (37,27) h2 e2.00 D[14,11,2]
064955Z tall_w14                156: (35,40) h1 e1.00 D[]  (35,39) h1 e1.00 D[1]  (35,29) h1 e1.00 D[11,10]  (36,26) h2 e1.80 D[14,13,3]
064955Z tall_w14                156: (35,40) h1 e1.00 D[]  (35,39) h1 e1.00 D[1]  (35,29) h1 e1.00 D[11,10]  (35,27) h1 e1.00 D[13,12,2]
064955Z tall_w14                156: (35,41) h1 e1.00 D[]  (36,38) h2 e1.80 D[3]  (36,29) h2 e2.00 D[12,9]  (36,27) h2 e2.00 D[14,11,2]
064955Z tall_w16                  5: (43,40) h7 e7.00 D[]  (42,37) h8 e7.57 D[3]  (43,26) h7 e7.00 D[14,11]  (42,23) h8 e7.57 D[17,14,3]
064955Z tall_w16                  5: (42,41) h8 e7.57 D[]  (42,36) h8 e8.00 D[5]  (42,27) h8 e7.57 D[14,9]  (42,22) h8 e8.00 D[19,14,5]
064955Z tall_w16                  5: (42,42) h8 e8.00 D[]  (41,35) h8 e8.00 D[7]  (42,28) h8 e8.00 D[14,7]  (41,21) h8 e8.00 D[21,14,7]
064955Z tall_w8_x1                1: (43,46) h4 e4.00 D[]  (42,43) h4 e4.00 D[3]  (43,40) h4 e4.00 D[6,3]  (42,37) h4 e4.00 D[9,6,3]
064955Z tall_w8_y1                1: (42,46) h4 e4.00 D[]  (41,43) h4 e4.00 D[3]  (42,40) h4 e4.00 D[6,3]  (41,37) h4 e4.00 D[9,6,3]
064955Z tall_w8_short             1: (42,22) h4 e4.00 D[]  (41,19) h4 e4.00 D[3]  (42,16) h4 e4.00 D[6,3]  (41,13) h4 e4.00 D[9,6,3]
064955Z tall_w12_x1               3: (43,43) h6 e5.59 D[]  (43,40) h6 e6.00 D[3]  (43,33) h6 e5.59 D[10,7]  (43,30) h6 e6.00 D[13,10,3]
064955Z tall_w12_x1               3: (43,44) h6 e6.00 D[]  (42,39) h6 e6.00 D[5]  (43,34) h6 e6.00 D[10,5]  (42,29) h6 e6.00 D[15,10,5]
064955Z tall_w12_x1               3: (42,45) h5 e5.02 D[]  (42,38) h6 e5.59 D[7]  (42,35) h6 e6.00 D[10,3]  (42,28) h6 e5.59 D[17,10,7]
064955Z tall_w12_y1               3: (42,43) h6 e5.59 D[]  (42,40) h6 e6.00 D[3]  (42,33) h6 e5.59 D[10,7]  (42,30) h6 e6.00 D[13,10,3]
064955Z tall_w12_y1               3: (42,44) h6 e6.00 D[]  (41,39) h6 e6.00 D[5]  (42,34) h6 e6.00 D[10,5]  (41,29) h6 e6.00 D[15,10,5]
064955Z tall_w12_y1               3: (41,45) h5 e5.02 D[]  (41,38) h6 e5.59 D[7]  (41,35) h6 e6.00 D[10,3]  (41,28) h6 e5.59 D[17,10,7]
064955Z tall_w12_short            1: (42,20) h6 e6.00 D[]  (41,15) h6 e6.00 D[5]  (42,10) h6 e6.00 D[10,5]  (40,7) h5 e5.00 D[13,8,3]
064955Z wide_h2                 148: (5,26) h1 e1.00 D[]
064955Z wide_h2                 148: (6,26) h1 e1.12 D[]
064955Z wide_h2                 148: (7,26) h1 e1.12 D[]
064955Z wide_h3                   1: (77,27) h2 e1.80 D[]  (76,27) h2 e2.00 D[1]  (75,27) h2 e2.00 D[2,1]  (74,27) h2 e2.00 D[3,2,1]
064955Z wide_h4                   1: (76,27) h2 e2.00 D[]  (75,27) h2 e2.00 D[1]  (74,27) h2 e2.00 D[2,1]  (73,27) h2 e2.00 D[3,2,1]
064955Z wide_h5                   1: (76,27) h3 e2.69 D[]  (74,27) h3 e3.04 D[2]  (72,27) h3 e3.04 D[4,2]  (70,27) h3 e3.04 D[6,4,2]
064955Z wide_h6                   1: (75,27) h3 e3.04 D[]  (73,27) h3 e3.04 D[2]  (71,27) h3 e3.04 D[4,2]  (69,27) h3 e3.04 D[6,4,2]
064955Z wide_h7                   1: (75,27) h4 e3.64 D[]  (72,27) h4 e4.00 D[3]  (69,27) h4 e4.00 D[6,3]  (66,27) h4 e4.00 D[9,6,3]
064955Z wide_h8                   1: (74,27) h4 e4.00 D[]  (71,27) h4 e4.00 D[3]  (68,27) h4 e4.00 D[6,3]  (65,27) h4 e4.00 D[9,6,3]
064955Z wide_h10                  1: (73,27) h5 e5.02 D[]  (69,27) h5 e5.02 D[4]  (65,27) h5 e5.02 D[8,4]  (61,27) h5 e5.02 D[12,8,4]
064955Z wide_h12                  1: (72,27) h6 e6.00 D[]  (67,27) h6 e6.00 D[5]  (62,27) h6 e6.00 D[10,5]  (57,27) h6 e6.00 D[15,10,5]
064955Z wide_h14                  1: (71,27) h7 e7.02 D[]  (65,27) h7 e7.02 D[6]  (59,27) h7 e7.02 D[12,6]  (53,27) h7 e7.02 D[18,12,6]
064955Z wide_h6_y1                1: (75,28) h3 e3.04 D[]  (73,28) h3 e3.04 D[2]  (71,28) h3 e3.04 D[4,2]  (69,28) h3 e3.04 D[6,4,2]
064955Z wide_h6_short             1: (38,27) h3 e3.04 D[]  (36,27) h3 e3.04 D[2]  (34,27) h3 e3.04 D[4,2]  (32,27) h3 e3.04 D[6,4,2]
064955Z wide_h10_y1               1: (73,28) h5 e5.02 D[]  (69,28) h5 e5.02 D[4]  (65,28) h5 e5.02 D[8,4]  (61,28) h5 e5.02 D[12,8,4]
064955Z wide_h10_short            1: (36,27) h5 e5.02 D[]  (32,27) h5 e5.02 D[4]  (28,27) h5 e5.02 D[8,4]  (24,27) h5 e5.02 D[12,8,4]
064955Z sq6                       5: (41,27) h3 e3.00 D[]  (42,27) h3 e2.69 D[1]  (41,26) h3 e2.69 D[1,2]  (42,26) h3 e3.00 D[1,1,1]
064955Z sq6                       5: (41,28) h2 e2.00 D[]  (42,27) h3 e2.69 D[2]  (40,25) h2 e2.00 D[3,3]  (42,26) h3 e3.00 D[2,1,2]
064955Z sq6                       5: (41,28) h2 e2.00 D[]  (42,27) h3 e2.69 D[2]  (41,26) h3 e2.69 D[2,2]  (42,26) h3 e3.00 D[2,1,1]
064955Z sq10                      2: (41,27) h5 e5.00 D[]  (43,25) h4 e3.64 D[3]  (43,27) h4 e3.64 D[2,2]  (40,25) h4 e4.00 D[2,3,4]
064955Z sq10                      2: (39,31) h1 e1.12 D[]  (46,23) h1 e1.00 D[11]  (46,29) h1 e1.00 D[8,6]  (37,23) h1 e1.00 D[8,9,12]
064955Z sq14                      2: (41,27) h7 e7.00 D[]  (44,29) h5 e4.61 D[4]  (45,24) h4 e4.00 D[5,5]  (39,24) h5 e4.61 D[4,8,6]
064955Z sq14                      2: (41,27) h7 e7.00 D[]  (44,29) h5 e4.61 D[4]  (44,25) h5 e4.61 D[4,4]  (39,24) h5 e4.61 D[4,8,6]
064955Z sq18                      3: (41,27) h9 e9.00 D[]  (44,29) h7 e6.58 D[4]  (38,30) h6 e5.59 D[5,7]  (45,26) h6 e6.00 D[4,3,9]
064955Z sq18                      3: (41,27) h9 e9.00 D[]  (45,30) h6 e6.00 D[5]  (38,30) h6 e5.59 D[5,7]  (45,25) h6 e5.59 D[5,5,10]
064955Z sq18                      3: (41,27) h9 e9.00 D[]  (45,30) h6 e6.00 D[5]  (38,30) h6 e5.59 D[5,7]  (45,26) h6 e6.00 D[4,4,9]
064955Z sq22                      1: (41,27) h11 e11.00 D[]  (45,23) h8 e7.57 D[6]  (45,31) h7 e7.02 D[6,8]  (37,31) h7 e7.00 D[6,12,8]
064955Z sq26                      1: (41,27) h13 e13.00 D[]  (46,23) h9 e8.56 D[7]  (37,22) h9 e8.56 D[7,10]  (46,31) h9 e8.56 D[7,8,14]
064955Z tall8_headN               3: (42,42) h8 e8.00 D[]  (41,37) h6 e5.66 D[5]  (44,39) h6 e5.59 D[4,4]  (39,44) h6 e5.59 D[4,7,8]
064955Z tall8_headN               3: (42,42) h8 e8.00 D[]  (41,37) h6 e5.66 D[5]  (45,39) h5 e4.61 D[5,5]  (39,44) h6 e5.59 D[4,7,9]
064955Z tall8_headN               3: (42,42) h8 e8.00 D[]  (42,38) h7 e6.73 D[4]  (44,39) h6 e5.59 D[4,3]  (39,44) h6 e5.59 D[4,6,8]
064955Z tall8_headS               1: (42,12) h8 e8.00 D[]  (39,8) h6 e5.59 D[5]  (44,9) h6 e5.59 D[4,6]  (42,16) h6 e5.41 D[4,8,7]
064955Z dumbbell_eq             500: (73,20) h1 e1.12 D[]  (11,20) h1 e1.12 D[22]  (6,23) h1 e1.00 D[19,6]  (77,23) h1 e1.00 D[6,19,13]
064955Z dumbbell_eq             500: (73,20) h1 e1.12 D[]  (10,21) h2 e2.00 D[22]  (7,23) h2 e2.00 D[20,4]  (77,23) h1 e1.00 D[6,18,14]
064955Z dumbbell_eq             500: (73,20) h1 e1.12 D[]  (10,22) h3 e3.04 D[22]  (8,23) h3 e3.00 D[21,2]  (77,23) h1 e1.00 D[6,17,15]
064955Z dumbbell_bigW           439: (22,25) h4 e3.64 D[]  (64,25) h1 e1.00 D[42]  (7,36) h1 e1.12 D[21,32]  (9,17) h1 e1.12 D[17,33,19]
064955Z dumbbell_bigW           439: (22,25) h4 e3.64 D[]  (64,25) h1 e1.00 D[42]  (7,36) h1 e1.12 D[21,32]  (10,17) h1 e1.12 D[16,34,19]
064955Z dumbbell_bigW           439: (22,25) h4 e3.64 D[]  (65,26) h2 e1.80 D[42]  (7,36) h1 e1.12 D[21,31]  (9,17) h1 e1.12 D[17,33,19]
064955Z two_sq_eq               500: (15,20) h1 e1.12 D[]  (19,23) h1 e1.00 D[6]  (73,20) h1 e1.12 D[26,32]  (77,23) h1 e1.00 D[23,26,6]
064955Z two_sq_eq               500: (15,20) h1 e1.12 D[]  (19,23) h1 e1.00 D[6]  (74,20) h1 e1.12 D[25,31]  (77,22) h1 e1.00 D[23,27,4]
064955Z two_sq_eq               500: (15,20) h1 e1.12 D[]  (19,23) h1 e1.00 D[6]  (75,20) h1 e1.12 D[24,30]  (76,21) h2 e1.80 D[23,28,2]
064955Z two_sq_bigE             196: (6,20) h1 e1.00 D[]  (67,27) h10 e10.00 D[26]  (71,23) h7 e6.58 D[20,6]  (64,23) h7 e7.00 D[27,5,7]
064955Z two_sq_bigE             196: (7,20) h1 e1.12 D[]  (67,27) h10 e10.00 D[27]  (71,23) h7 e6.58 D[21,6]  (64,23) h7 e7.00 D[28,5,7]
064955Z two_sq_bigE             196: (8,20) h1 e1.12 D[]  (67,27) h10 e10.00 D[28]  (71,23) h7 e6.58 D[22,6]  (64,23) h7 e7.00 D[29,5,7]
