023549Z rect_center 230 seed tuples
    (44,7) h1 e1.12 (22,7) h1 e1.12
    (44,7) h1 e1.12 (22,8) h2 e2.00
    (45,7) h1 e1.12 (21,7) h1 e1.12
    (45,7) h1 e1.12 (21,8) h2 e2.00
    (46,7) h1 e1.12 (20,7) h1 e1.12
    (46,7) h1 e1.12 (20,8) h2 e2.00
    (47,7) h1 e1.12 (19,7) h1 e1.12
    (47,7) h1 e1.12 (19,8) h2 e2.00
    (48,7) h1 e1.12 (18,7) h1 e1.12
    (48,7) h1 e1.12 (18,8) h2 e2.00
    (49,7) h1 e1.12 (17,7) h1 e1.12
    (49,7) h1 e1.12 (17,8) h2 e2.00
023549Z rect_center_again 230 seed tuples
    (44,7) h1 e1.12 (22,7) h1 e1.12
    (44,7) h1 e1.12 (22,8) h2 e2.00
    (45,7) h1 e1.12 (21,7) h1 e1.12
    (45,7) h1 e1.12 (21,8) h2 e2.00
    (46,7) h1 e1.12 (20,7) h1 e1.12
    (46,7) h1 e1.12 (20,8) h2 e2.00
    (47,7) h1 e1.12 (19,7) h1 e1.12
    (47,7) h1 e1.12 (19,8) h2 e2.00
    (48,7) h1 e1.12 (18,7) h1 e1.12
    (48,7) h1 e1.12 (18,8) h2 e2.00
    (49,7) h1 e1.12 (17,7) h1 e1.12
    (49,7) h1 e1.12 (17,8) h2 e2.00
023549Z rect_shift5 230 seed tuples
    (49,7) h1 e1.12 (27,7) h1 e1.12
    (49,7) h1 e1.12 (27,8) h2 e2.00
    (50,7) h1 e1.12 (26,7) h1 e1.12
    (50,7) h1 e1.12 (26,8) h2 e2.00
    (51,7) h1 e1.12 (25,7) h1 e1.12
    (51,7) h1 e1.12 (25,8) h2 e2.00
    (52,7) h1 e1.12 (24,7) h1 e1.12
    (52,7) h1 e1.12 (24,8) h2 e2.00
    (53,7) h1 e1.12 (23,7) h1 e1.12
    (53,7) h1 e1.12 (23,8) h2 e2.00
    (54,7) h1 e1.12 (22,7) h1 e1.12
    (54,7) h1 e1.12 (22,8) h2 e2.00
023549Z rect_tall 16 seed tuples
    (29,28) h6 e5.59 (29,25) h6 e6.00
    (29,29) h6 e6.00 (30,24) h6 e6.00
    (25,30) h2 e1.80 (26,21) h3 e3.00
    (26,30) h3 e2.69 (27,22) h4 e3.64
    (30,30) h5 e5.02 (30,23) h6 e5.59
    (24,31) h1 e1.00 (26,20) h3 e2.69
    (25,31) h2 e2.00 (26,21) h3 e3.00
    (30,31) h4 e4.00 (31,22) h5 e5.00
    (24,32) h1 e1.00 (25,19) h2 e2.00
    (25,32) h2 e1.80 (26,20) h3 e2.69
    (31,32) h3 e3.04 (31,21) h5 e4.61
    (24,33) h1 e1.00 (25,19) h2 e2.00
023549Z rect_wide_thin 8 seed tuples
    (53,17) h1 e1.12 (50,18) h2 e2.00
    (53,17) h1 e1.12 (49,19) h2 e2.00
    (54,17) h1 e1.00 (49,18) h2 e2.00
    (54,17) h1 e1.00 (48,19) h2 e2.00
    (53,18) h2 e2.00 (50,19) h2 e2.00
    (54,18) h1 e1.00 (49,19) h2 e2.00
    (52,19) h2 e2.00 (51,19) h2 e2.00
    (53,20) h1 e1.12 (51,20) h1 e1.12
023549Z row_line 50 seed tuples
    (5,19) h1 e1.00
    (6,19) h1 e1.12
    (7,19) h1 e1.12
    (8,19) h1 e1.12
    (9,19) h1 e1.12
    (10,19) h1 e1.12
    (11,19) h1 e1.12
    (12,19) h1 e1.12
    (13,19) h1 e1.12
    (14,19) h1 e1.12
    (15,19) h1 e1.12
    (16,19) h1 e1.12
023549Z two_equal 500 seed tuples
    (5,8) h1 e1.00 (35,8) h1 e1.00
    (5,8) h1 e1.00 (36,8) h1 e1.12
    (5,8) h1 e1.00 (37,8) h1 e1.12
    (5,8) h1 e1.00 (38,8) h1 e1.12
    (5,8) h1 e1.00 (39,8) h1 e1.12
    (5,8) h1 e1.00 (40,8) h1 e1.12
    (5,8) h1 e1.00 (41,8) h1 e1.12
    (5,8) h1 e1.00 (42,8) h1 e1.12
    (5,8) h1 e1.00 (43,8) h1 e1.12
    (5,8) h1 e1.00 (44,8) h1 e1.12
    (5,8) h1 e1.00 (45,8) h1 e1.12
    (5,8) h1 e1.00 (46,8) h1 e1.12
023549Z two_unequal 0 seed tuples
023549Z three_cols 0 seed tuples
023549Z four_quads 0 seed tuples
023549Z five_blobs 0 seed tuples
023549Z rect_plus_island_near 135 seed tuples
    (22,10) h1 e1.12 (21,10) h1 e1.12
    (22,11) h2 e2.00 (20,10) h1 e1.12
    (22,11) h2 e2.00 (21,10) h1 e1.12
    (22,12) h3 e3.04 (20,11) h2 e2.00
    (23,12) h3 e3.04 (19,10) h1 e1.12
    (23,12) h3 e3.04 (20,10) h1 e1.12
    (21,13) h4 e4.00 (20,12) h3 e3.04
    (22,13) h4 e4.00 (19,11) h2 e2.00
    (23,13) h4 e4.00 (18,10) h1 e1.12
    (23,13) h4 e4.00 (19,10) h1 e1.12
    (21,14) h5 e5.02 (19,13) h4 e4.00
    (22,14) h5 e5.02 (19,12) h3 e3.04
023549Z rect_plus_island_far 0 seed tuples
023549Z single_plot 1 seed tuples
    (30,19) h1 e1.00
023549Z rect_mountain_wall 284 seed tuples
    (11,8) h1 e1.12 (49,8) h1 e1.00
    (11,8) h1 e1.12 (49,9) h1 e1.00
    (12,8) h1 e1.12 (48,8) h1 e1.12
    (12,8) h1 e1.12 (48,9) h2 e1.80
    (13,8) h1 e1.12 (47,8) h1 e1.12
    (13,8) h1 e1.12 (47,9) h2 e2.00
    (14,8) h1 e1.12 (46,8) h1 e1.12
    (14,8) h1 e1.12 (46,9) h2 e2.00
    (15,8) h1 e1.12 (45,8) h1 e1.12
    (15,8) h1 e1.12 (45,9) h2 e2.00
    (16,8) h1 e1.12 (44,8) h1 e1.12
    (16,8) h1 e1.12 (44,9) h2 e2.00
023549Z rect_desert 30 seed tuples
    (44,8) h1 e1.12 (22,9) h2 e2.00
    (44,8) h1 e1.12 (22,10) h3 e3.04
    (45,8) h1 e1.12 (21,9) h2 e2.00
    (45,8) h1 e1.12 (21,10) h3 e3.04
    (46,8) h1 e1.12 (20,9) h2 e2.00
    (46,8) h1 e1.12 (20,10) h3 e3.04
    (47,8) h1 e1.12 (19,9) h2 e2.00
    (47,8) h1 e1.12 (19,10) h3 e3.04
    (48,8) h1 e1.12 (18,9) h2 e2.00
    (48,8) h1 e1.12 (18,10) h3 e3.04
    (49,8) h1 e1.00 (17,9) h2 e2.00
    (49,8) h1 e1.00 (17,10) h3 e3.04
023549Z L_shape 429 seed tuples
    (8,6) h1 e1.00 (8,32) h1 e1.00
    (9,6) h2 e1.80 (8,32) h1 e1.00
    (9,6) h2 e1.80 (9,32) h1 e1.12
    (9,6) h2 e1.80 (10,32) h1 e1.12
    (9,6) h2 e1.80 (11,32) h1 e1.12
    (9,6) h2 e1.80 (12,32) h1 e1.12
    (9,6) h2 e1.80 (13,32) h1 e1.12
    (9,6) h2 e1.80 (14,32) h1 e1.12
    (9,6) h2 e1.80 (15,32) h1 e1.00
    (10,6) h2 e2.00 (8,32) h1 e1.00
    (10,6) h2 e2.00 (9,32) h1 e1.12
    (10,6) h2 e2.00 (10,32) h1 e1.12
023549Z rect_west_edge 25 seed tuples
    (25,10) h1 e1.12 (7,11) h2 e2.00
    (25,10) h1 e1.12 (7,12) h3 e3.04
    (26,10) h1 e1.12 (6,11) h2 e2.00
    (26,10) h1 e1.12 (6,12) h3 e3.04
    (27,10) h1 e1.12 (5,11) h2 e2.00
    (27,10) h1 e1.12 (5,12) h3 e3.04
    (28,10) h1 e1.12 (4,11) h2 e2.00
    (28,10) h1 e1.12 (4,12) h3 e3.04
    (29,10) h1 e1.00 (3,11) h2 e2.00
    (29,10) h1 e1.00 (3,12) h3 e3.04
    (24,11) h2 e2.00 (8,12) h3 e3.04
    (25,11) h2 e2.00 (7,12) h3 e3.04
021509Z rect_center 1 seed tuples
    (48,22) h14 e14.00 (35,22) h14 e14.00 (23,23) h13 e13.00
021509Z rect_center_again 1 seed tuples
    (48,22) h14 e14.00 (35,22) h14 e14.00 (23,23) h13 e13.00
021509Z rect_shift5 1 seed tuples
    (53,22) h14 e14.00 (40,22) h14 e14.00 (28,23) h13 e13.00
021509Z rect_tall 3 seed tuples
    (36,36) h6 e5.59 (36,33) h6 e6.00 (36,26) h6 e5.59
    (36,37) h6 e6.00 (37,32) h6 e6.00 (36,27) h6 e6.00
    (37,38) h5 e5.02 (37,31) h6 e5.59 (37,28) h6 e6.00
021509Z rect_wide_thin 1 seed tuples
    (66,23) h2 e2.00 (65,23) h2 e2.00 (64,23) h2 e2.00
021509Z row_line 64 seed tuples
    (5,23) h1 e1.00
    (6,23) h1 e1.12
    (7,23) h1 e1.12
    (8,23) h1 e1.12
    (9,23) h1 e1.12
    (10,23) h1 e1.12
    (11,23) h1 e1.12
    (12,23) h1 e1.12
    (13,23) h1 e1.12
    (14,23) h1 e1.12
    (15,23) h1 e1.12
    (16,23) h1 e1.12
021509Z two_equal 500 seed tuples
    (42,8) h1 e1.00 (18,24) h14 e13.54 (22,17) h10 e9.55
    (43,8) h1 e1.12 (18,24) h14 e13.54 (22,17) h10 e9.55
    (44,8) h1 e1.12 (18,24) h14 e13.54 (22,17) h10 e9.55
    (45,8) h1 e1.12 (18,24) h14 e13.54 (22,17) h10 e9.55
    (46,8) h1 e1.12 (18,24) h14 e13.54 (22,17) h10 e9.55
    (47,8) h1 e1.12 (18,24) h14 e13.54 (22,17) h10 e9.55
    (48,8) h1 e1.12 (18,24) h14 e13.54 (22,17) h10 e9.55
    (49,8) h1 e1.12 (18,24) h14 e13.54 (22,17) h10 e9.55
    (50,8) h1 e1.12 (18,24) h14 e13.54 (22,17) h10 e9.55
    (51,8) h1 e1.12 (18,24) h14 e13.54 (22,17) h10 e9.55
    (52,8) h1 e1.12 (18,24) h14 e13.54 (22,17) h10 e9.55
    (53,8) h1 e1.12 (18,24) h14 e13.54 (22,17) h10 e9.55
021509Z two_unequal 272 seed tuples
    (26,23) h15 e15.01 (15,25) h13 e13.00 (52,15) h1 e1.00
    (26,23) h15 e15.01 (15,25) h13 e13.00 (53,15) h1 e1.12
    (26,23) h15 e15.01 (15,25) h13 e13.00 (54,15) h1 e1.12
    (26,23) h15 e15.01 (15,25) h13 e13.00 (55,15) h1 e1.12
    (26,23) h15 e15.01 (15,25) h13 e13.00 (56,15) h1 e1.12
    (26,23) h15 e15.01 (15,25) h13 e13.00 (57,15) h1 e1.12
    (26,23) h15 e15.01 (15,25) h13 e13.00 (58,15) h1 e1.12
    (26,23) h15 e15.01 (15,25) h13 e13.00 (59,15) h1 e1.12
    (26,23) h15 e15.01 (15,25) h13 e13.00 (60,15) h1 e1.12
    (26,23) h15 e15.01 (15,25) h13 e13.00 (61,15) h1 e1.12
    (26,23) h15 e15.01 (15,25) h13 e13.00 (62,15) h1 e1.12
    (26,23) h15 e15.01 (15,25) h13 e13.00 (63,15) h1 e1.12
021509Z three_cols 500 seed tuples
    (3,8) h1 e1.00 (27,8) h1 e1.00 (53,8) h1 e1.00
    (3,8) h1 e1.00 (27,8) h1 e1.00 (54,8) h1 e1.12
    (3,8) h1 e1.00 (27,8) h1 e1.00 (55,8) h1 e1.12
    (3,8) h1 e1.00 (27,8) h1 e1.00 (56,8) h1 e1.12
    (3,8) h1 e1.00 (27,8) h1 e1.00 (57,8) h1 e1.12
    (3,8) h1 e1.00 (27,8) h1 e1.00 (58,8) h1 e1.12
    (3,8) h1 e1.00 (27,8) h1 e1.00 (59,8) h1 e1.12
    (3,8) h1 e1.00 (27,8) h1 e1.00 (60,8) h1 e1.12
    (3,8) h1 e1.00 (27,8) h1 e1.00 (61,8) h1 e1.12
    (3,8) h1 e1.00 (27,8) h1 e1.00 (62,8) h1 e1.12
    (3,8) h1 e1.00 (27,8) h1 e1.00 (63,8) h1 e1.12
    (3,8) h1 e1.00 (27,8) h1 e1.00 (64,8) h1 e1.12
021509Z four_quads 0 seed tuples
021509Z five_blobs 0 seed tuples
021509Z rect_plus_island_near 0 seed tuples
021509Z rect_plus_island_far 0 seed tuples
021509Z single_plot 1 seed tuples
    (37,23) h1 e1.00
021509Z rect_mountain_wall 1 seed tuples
    (47,17) h10 e10.00 (23,24) h14 e13.54 (27,17) h10 e10.00
021509Z rect_desert 1 seed tuples
    (48,23) h15 e15.01 (34,23) h15 e15.01 (23,21) h14 e14.00
021509Z L_shape 55 seed tuples
    (9,10) h2 e1.80 (11,37) h4 e4.00 (12,34) h4 e4.00
    (10,10) h3 e2.69 (11,37) h4 e4.00 (12,34) h4 e4.00
    (11,10) h4 e3.64 (11,37) h4 e4.00 (12,34) h4 e4.00
    (12,10) h5 e4.47 (11,37) h4 e4.00 (12,34) h4 e4.00
    (13,10) h4 e3.61 (11,37) h4 e4.00 (12,34) h4 e4.00
    (14,10) h3 e2.83 (11,37) h4 e4.00 (12,34) h4 e4.00
    (8,11) h1 e1.00 (11,37) h4 e4.00 (12,34) h4 e4.00
    (9,11) h2 e2.00 (11,37) h4 e4.00 (12,34) h4 e4.00
    (9,11) h2 e2.00 (12,38) h3 e3.04 (12,33) h4 e3.64
    (10,11) h3 e3.00 (11,37) h4 e4.00 (12,34) h4 e4.00
    (10,11) h3 e3.00 (12,38) h3 e3.04 (12,33) h4 e3.64
    (11,11) h4 e4.00 (11,37) h4 e4.00 (12,34) h4 e4.00
021509Z rect_west_edge 1 seed tuples
    (23,23) h13 e13.01 (12,22) h13 e12.54 (17,27) h9 e9.01
023441Z rect_center 1 seed tuples
    (54,26) h17 e17.00 (38,26) h17 e17.01 (26,28) h15 e14.53 (45,21) h12 e12.00
023441Z rect_center_again 1 seed tuples
    (54,26) h17 e17.00 (38,26) h17 e17.01 (26,28) h15 e14.53 (45,21) h12 e12.00
023441Z rect_shift5 1 seed tuples
    (59,26) h17 e17.00 (43,26) h17 e17.01 (31,28) h15 e14.53 (50,21) h12 e12.00
023441Z rect_tall 3 seed tuples
    (41,44) h6 e5.59 (41,41) h6 e6.00 (41,34) h6 e5.59 (41,31) h6 e6.00
    (41,45) h6 e6.00 (42,40) h6 e6.00 (41,35) h6 e6.00 (42,30) h6 e6.00
    (42,46) h5 e5.02 (42,39) h6 e5.59 (42,36) h6 e6.00 (42,29) h6 e5.59
023441Z rect_wide_thin 1 seed tuples
    (76,27) h2 e2.00 (75,27) h2 e2.00 (74,27) h2 e2.00 (73,27) h2 e2.00
023441Z row_line 74 seed tuples
    (5,27) h1 e1.00
    (6,27) h1 e1.12
    (7,27) h1 e1.12
    (8,27) h1 e1.12
    (9,27) h1 e1.12
    (10,27) h1 e1.12
    (11,27) h1 e1.12
    (12,27) h1 e1.12
    (13,27) h1 e1.12
    (14,27) h1 e1.12
    (15,27) h1 e1.12
    (16,27) h1 e1.12
023441Z two_equal 1 seed tuples
    (21,30) h16 e16.00 (25,19) h12 e11.54 (63,30) h16 e16.00 (67,19) h12 e11.54
023441Z two_unequal 500 seed tuples
    (27,27) h19 e19.01 (17,22) h15 e14.53 (15,33) h13 e13.00 (57,15) h1 e1.00
    (27,27) h19 e19.01 (17,22) h15 e14.53 (15,33) h13 e13.00 (58,15) h1 e1.12
    (27,27) h19 e19.01 (17,22) h15 e14.53 (15,33) h13 e13.00 (59,15) h1 e1.12
    (27,27) h19 e19.01 (17,22) h15 e14.53 (15,33) h13 e13.00 (60,15) h1 e1.12
    (27,27) h19 e19.01 (17,22) h15 e14.53 (15,33) h13 e13.00 (61,15) h1 e1.12
    (27,27) h19 e19.01 (17,22) h15 e14.53 (15,33) h13 e13.00 (62,15) h1 e1.12
    (27,27) h19 e19.01 (17,22) h15 e14.53 (15,33) h13 e13.00 (63,15) h1 e1.12
    (27,27) h19 e19.01 (17,22) h15 e14.53 (15,33) h13 e13.00 (64,15) h1 e1.12
    (27,27) h19 e19.01 (17,22) h15 e14.53 (15,33) h13 e13.00 (65,15) h1 e1.12
    (27,27) h19 e19.01 (17,22) h15 e14.53 (15,33) h13 e13.00 (66,15) h1 e1.12
    (27,27) h19 e19.01 (17,22) h15 e14.53 (15,33) h13 e13.00 (67,15) h1 e1.12
    (27,27) h19 e19.01 (17,22) h15 e14.53 (15,33) h13 e13.00 (68,15) h1 e1.12
023441Z three_cols 500 seed tuples
    (31,8) h1 e1.00 (60,8) h1 e1.00 (3,30) h1 e1.00 (3,29) h1 e1.00
    (31,8) h1 e1.00 (60,8) h1 e1.00 (3,31) h1 e1.00 (4,28) h2 e1.80
    (31,8) h1 e1.00 (60,8) h1 e1.00 (3,31) h1 e1.00 (3,29) h1 e1.00
    (31,8) h1 e1.00 (60,8) h1 e1.00 (4,31) h2 e2.00 (4,29) h2 e2.00
    (31,8) h1 e1.00 (60,8) h1 e1.00 (5,31) h3 e3.00 (5,29) h3 e3.00
    (31,8) h1 e1.00 (60,8) h1 e1.00 (6,31) h4 e4.00 (6,29) h4 e4.00
    (31,8) h1 e1.00 (60,8) h1 e1.00 (7,31) h5 e5.00 (7,29) h5 e5.00
    (31,8) h1 e1.00 (60,8) h1 e1.00 (8,31) h6 e6.00 (8,29) h6 e6.00
    (31,8) h1 e1.00 (60,8) h1 e1.00 (9,31) h7 e7.00 (9,29) h7 e7.00
    (31,8) h1 e1.00 (60,8) h1 e1.00 (10,31) h8 e8.00 (10,29) h8 e8.00
    (31,8) h1 e1.00 (60,8) h1 e1.00 (11,31) h9 e9.00 (11,29) h9 e9.00
    (31,8) h1 e1.00 (60,8) h1 e1.00 (12,31) h10 e10.00 (12,29) h10 e10.00
023441Z four_quads 500 seed tuples
    (5,5) h1 e1.00 (46,5) h1 e1.00 (5,30) h1 e1.00 (46,30) h1 e1.00
    (5,5) h1 e1.00 (46,5) h1 e1.00 (5,30) h1 e1.00 (47,30) h1 e1.12
    (5,5) h1 e1.00 (46,5) h1 e1.00 (5,30) h1 e1.00 (48,30) h1 e1.12
    (5,5) h1 e1.00 (46,5) h1 e1.00 (5,30) h1 e1.00 (49,30) h1 e1.12
    (5,5) h1 e1.00 (46,5) h1 e1.00 (5,30) h1 e1.00 (50,30) h1 e1.12
    (5,5) h1 e1.00 (46,5) h1 e1.00 (5,30) h1 e1.00 (51,30) h1 e1.12
    (5,5) h1 e1.00 (46,5) h1 e1.00 (5,30) h1 e1.00 (52,30) h1 e1.12
    (5,5) h1 e1.00 (46,5) h1 e1.00 (5,30) h1 e1.00 (53,30) h1 e1.12
    (5,5) h1 e1.00 (46,5) h1 e1.00 (5,30) h1 e1.00 (54,30) h1 e1.12
    (5,5) h1 e1.00 (46,5) h1 e1.00 (5,30) h1 e1.00 (55,30) h1 e1.12
    (5,5) h1 e1.00 (46,5) h1 e1.00 (5,30) h1 e1.00 (56,30) h1 e1.12
    (5,5) h1 e1.00 (46,5) h1 e1.00 (5,30) h1 e1.00 (57,30) h1 e1.12
023441Z five_blobs 0 seed tuples
023441Z rect_plus_island_near 0 seed tuples
023441Z rect_plus_island_far 0 seed tuples
023441Z single_plot 1 seed tuples
    (42,27) h1 e1.00
023441Z rect_mountain_wall 0 seed tuples
023441Z rect_desert 1 seed tuples
    (54,27) h19 e19.01 (36,27) h19 e19.01 (24,31) h15 e15.00 (45,21) h14 e14.00
023441Z L_shape 18 seed tuples
    (8,9) h1 e1.00 (11,45) h4 e4.00 (12,42) h4 e4.00 (11,39) h4 e4.00
    (9,9) h2 e2.00 (11,45) h4 e4.00 (12,42) h4 e4.00 (11,39) h4 e4.00
    (10,9) h3 e3.00 (11,45) h4 e4.00 (12,42) h4 e4.00 (11,39) h4 e4.00
    (11,9) h4 e4.00 (11,45) h4 e4.00 (12,42) h4 e4.00 (11,39) h4 e4.00
    (12,9) h5 e4.61 (11,45) h4 e4.00 (12,42) h4 e4.00 (11,39) h4 e4.00
    (13,9) h4 e3.91 (11,45) h4 e4.00 (12,42) h4 e4.00 (11,39) h4 e4.00
    (14,9) h3 e3.35 (11,45) h4 e4.00 (12,42) h4 e4.00 (11,39) h4 e4.00
    (15,9) h3 e3.04 (11,45) h4 e4.00 (12,42) h4 e4.00 (11,39) h4 e4.00
    (8,10) h1 e1.00 (11,45) h4 e4.00 (12,42) h4 e4.00 (11,39) h4 e4.00
    (9,10) h2 e1.80 (11,45) h4 e4.00 (12,42) h4 e4.00 (11,39) h4 e4.00
    (10,10) h3 e2.69 (11,45) h4 e4.00 (12,42) h4 e4.00 (11,39) h4 e4.00
    (11,10) h4 e3.64 (11,45) h4 e4.00 (12,42) h4 e4.00 (11,39) h4 e4.00
023441Z rect_west_edge 1 seed tuples
    (24,27) h17 e17.01 (13,30) h14 e13.54 (31,33) h11 e10.55 (31,21) h11 e10.55
