74 cases with 3+ seeds
  0/74 key e1,-i     spacing dep hd k 0
  0/74 key e1,-i     spacing dep hd k 0.5
 44/74 key e1,-i     spacing dep hd k 1
 44/74 key e1,-i     spacing dep hd k 1.25
 44/74 key e1,-i     spacing dep hd k 1.5
 44/74 key e1,-i     spacing dep hd k 1.75
  6/74 key e1,-i     spacing dep hd k 2
  0/74 key e1,-i     spacing dep e1 k 0
  0/74 key e1,-i     spacing dep e1 k 0.5
 26/74 key e1,-i     spacing dep e1 k 1
 44/74 key e1,-i     spacing dep e1 k 1.25
 44/74 key e1,-i     spacing dep e1 k 1.5
 44/74 key e1,-i     spacing dep e1 k 1.75
 24/74 key e1,-i     spacing dep e1 k 2
  1/74 key e1,-i     spacing dep eT k 0
 21/74 key e1,-i     spacing dep eT k 0.5
 44/74 key e1,-i     spacing dep eT k 1
 34/74 key e1,-i     spacing dep eT k 1.25
 24/74 key e1,-i     spacing dep eT k 1.5
 14/74 key e1,-i     spacing dep eT k 1.75
  5/74 key e1,-i     spacing dep eT k 2
  0/74 key eT,-i     spacing dep hd k 0
  0/74 key eT,-i     spacing dep hd k 0.5
 44/74 key eT,-i     spacing dep hd k 1
 44/74 key eT,-i     spacing dep hd k 1.25
 44/74 key eT,-i     spacing dep hd k 1.5
 44/74 key eT,-i     spacing dep hd k 1.75
  3/74 key eT,-i     spacing dep hd k 2
  0/74 key eT,-i     spacing dep e1 k 0
  0/74 key eT,-i     spacing dep e1 k 0.5
 26/74 key eT,-i     spacing dep e1 k 1
 44/74 key eT,-i     spacing dep e1 k 1.25
 44/74 key eT,-i     spacing dep e1 k 1.5
 36/74 key eT,-i     spacing dep e1 k 1.75
 14/74 key eT,-i     spacing dep e1 k 2
  1/74 key eT,-i     spacing dep eT k 0
 22/74 key eT,-i     spacing dep eT k 0.5
 42/74 key eT,-i     spacing dep eT k 1
 33/74 key eT,-i     spacing dep eT k 1.25
 23/74 key eT,-i     spacing dep eT k 1.5
 11/74 key eT,-i     spacing dep eT k 1.75
  3/74 key eT,-i     spacing dep eT k 2
  0/74 key hd,eT,-i  spacing dep hd k 0
  0/74 key hd,eT,-i  spacing dep hd k 0.5
 44/74 key hd,eT,-i  spacing dep hd k 1
 44/74 key hd,eT,-i  spacing dep hd k 1.25
 44/74 key hd,eT,-i  spacing dep hd k 1.5
 44/74 key hd,eT,-i  spacing dep hd k 1.75
  3/74 key hd,eT,-i  spacing dep hd k 2
  0/74 key hd,eT,-i  spacing dep e1 k 0
  0/74 key hd,eT,-i  spacing dep e1 k 0.5
 26/74 key hd,eT,-i  spacing dep e1 k 1
 44/74 key hd,eT,-i  spacing dep e1 k 1.25
 44/74 key hd,eT,-i  spacing dep e1 k 1.5
 36/74 key hd,eT,-i  spacing dep e1 k 1.75
 14/74 key hd,eT,-i  spacing dep e1 k 2
  2/74 key hd,eT,-i  spacing dep eT k 0
 23/74 key hd,eT,-i  spacing dep eT k 0.5
 42/74 key hd,eT,-i  spacing dep eT k 1
 33/74 key hd,eT,-i  spacing dep eT k 1.25
 23/74 key hd,eT,-i  spacing dep eT k 1.5
 11/74 key hd,eT,-i  spacing dep eT k 1.75
  3/74 key hd,eT,-i  spacing dep eT k 2
  0/74 key hd,e1,-i  spacing dep hd k 0
  0/74 key hd,e1,-i  spacing dep hd k 0.5
 44/74 key hd,e1,-i  spacing dep hd k 1
 44/74 key hd,e1,-i  spacing dep hd k 1.25
 44/74 key hd,e1,-i  spacing dep hd k 1.5
 44/74 key hd,e1,-i  spacing dep hd k 1.75
  6/74 key hd,e1,-i  spacing dep hd k 2
  0/74 key hd,e1,-i  spacing dep e1 k 0
  0/74 key hd,e1,-i  spacing dep e1 k 0.5
 26/74 key hd,e1,-i  spacing dep e1 k 1
 44/74 key hd,e1,-i  spacing dep e1 k 1.25
 44/74 key hd,e1,-i  spacing dep e1 k 1.5
 44/74 key hd,e1,-i  spacing dep e1 k 1.75
 24/74 key hd,e1,-i  spacing dep e1 k 2
  1/74 key hd,e1,-i  spacing dep eT k 0
 21/74 key hd,e1,-i  spacing dep eT k 0.5
 44/74 key hd,e1,-i  spacing dep eT k 1
 34/74 key hd,e1,-i  spacing dep eT k 1.25
 24/74 key hd,e1,-i  spacing dep eT k 1.5
 14/74 key hd,e1,-i  spacing dep eT k 1.75
  5/74 key hd,e1,-i  spacing dep eT k 2
  0/74 key hd,-i     spacing dep hd k 0
  0/74 key hd,-i     spacing dep hd k 0.5
 41/74 key hd,-i     spacing dep hd k 1
 41/74 key hd,-i     spacing dep hd k 1.25
 41/74 key hd,-i     spacing dep hd k 1.5
 41/74 key hd,-i     spacing dep hd k 1.75
  3/74 key hd,-i     spacing dep hd k 2
  0/74 key hd,-i     spacing dep e1 k 0
  0/74 key hd,-i     spacing dep e1 k 0.5
 23/74 key hd,-i     spacing dep e1 k 1
 41/74 key hd,-i     spacing dep e1 k 1.25
 41/74 key hd,-i     spacing dep e1 k 1.5
 30/74 key hd,-i     spacing dep e1 k 1.75
 14/74 key hd,-i     spacing dep e1 k 2
  2/74 key hd,-i     spacing dep eT k 0
 23/74 key hd,-i     spacing dep eT k 0.5
 36/74 key hd,-i     spacing dep eT k 1
 24/74 key hd,-i     spacing dep eT k 1.25
 13/74 key hd,-i     spacing dep eT k 1.5
  3/74 key hd,-i     spacing dep eT k 1.75
  3/74 key hd,-i     spacing dep eT k 2
  0/74 key hd,i      spacing dep hd k 0
  0/74 key hd,i      spacing dep hd k 0.5
  0/74 key hd,i      spacing dep hd k 1
  0/74 key hd,i      spacing dep hd k 1.25
  0/74 key hd,i      spacing dep hd k 1.5
  0/74 key hd,i      spacing dep hd k 1.75
  0/74 key hd,i      spacing dep hd k 2
  0/74 key hd,i      spacing dep e1 k 0
  0/74 key hd,i      spacing dep e1 k 0.5
  0/74 key hd,i      spacing dep e1 k 1
  0/74 key hd,i      spacing dep e1 k 1.25
  0/74 key hd,i      spacing dep e1 k 1.5
  2/74 key hd,i      spacing dep e1 k 1.75
  0/74 key hd,i      spacing dep e1 k 2
  0/74 key hd,i      spacing dep eT k 0
  0/74 key hd,i      spacing dep eT k 0.5
  0/74 key hd,i      spacing dep eT k 1
  0/74 key hd,i      spacing dep eT k 1.25
  0/74 key hd,i      spacing dep eT k 1.5
  0/74 key hd,i      spacing dep eT k 1.75
  0/74 key hd,i      spacing dep eT k 2
  0/74 key eT,i      spacing dep hd k 0
  0/74 key eT,i      spacing dep hd k 0.5
  0/74 key eT,i      spacing dep hd k 1
  0/74 key eT,i      spacing dep hd k 1.25
  0/74 key eT,i      spacing dep hd k 1.5
  0/74 key eT,i      spacing dep hd k 1.75
  0/74 key eT,i      spacing dep hd k 2
  0/74 key eT,i      spacing dep e1 k 0
  0/74 key eT,i      spacing dep e1 k 0.5
  0/74 key eT,i      spacing dep e1 k 1
  0/74 key eT,i      spacing dep e1 k 1.25
  0/74 key eT,i      spacing dep e1 k 1.5
  0/74 key eT,i      spacing dep e1 k 1.75
  0/74 key eT,i      spacing dep e1 k 2
  0/74 key eT,i      spacing dep eT k 0
  1/74 key eT,i      spacing dep eT k 0.5
  0/74 key eT,i      spacing dep eT k 1
  0/74 key eT,i      spacing dep eT k 1.25
  0/74 key eT,i      spacing dep eT k 1.5
  0/74 key eT,i      spacing dep eT k 1.75
  0/74 key eT,i      spacing dep eT k 2
