map seed 2024 grid 44x26 world age 2 plates 13.5 tectonics block at draw 28784 (229788 draws)
model draws 229788 ledger 229788 -> EXACT
same plot: 220/349 land plots agree; (model, game) {('F', 'F'): 192, ('F', 'H'): 42, ('F', 'M'): 10, ('H', 'F'): 44, ('H', 'H'): 20, ('H', 'M'): 8, ('M', 'F'): 6, ('M', 'H'): 19, ('M', 'M'): 8}
index - 1: 295/349 land plots agree; (model, game) {('F', 'F'): 228, ('F', 'H'): 13, ('F', 'M'): 7, ('H', 'F'): 12, ('H', 'H'): 50, ('H', 'M'): 2, ('M', 'F'): 2, ('M', 'H'): 18, ('M', 'M'): 17}
lake plots [(39, 13), (40, 13), (40, 14), (33, 17), (34, 17), (34, 18), (35, 18)]
lake plots that were ocean in the plot types (fits): []
coastal mountain draws 15, shuffle draws 334, lonely mountains 4 (ledger: Shuffling table entry - Lua x337, Coastal Mountain Removal x17)
after coastal removal and lonely mountains: 304/349 land plots agree; (model, game) {('F', 'F'): 225, ('F', 'H'): 13, ('F', 'M'): 7, ('H', 'F'): 12, ('H', 'H'): 63, ('H', 'M'): 3, ('M', 'F'): 5, ('M', 'H'): 5, ('M', 'M'): 16}
    ((33, 3), 'M', 'F', '9.3.-1.0.-1.15.0')
    ((33, 4), 'F', 'M', '11.-1.-1.0.-1.15.0')
    ((35, 6), 'M', 'F', '0.-1.20.1.-1.15.0')
    ((10, 7), 'F', 'H', '4.-1.2.1.-1.15.8')
    ((9, 8), 'F', 'H', '4.-1.14.1.-1.15.8')
    ((11, 8), 'M', 'H', '4.-1.-1.0.-1.15.0')
    ((12, 8), 'H', 'M', '5.-1.-1.0.-1.15.0')
    ((10, 9), 'H', 'F', '0.-1.8.1.-1.15.0')
    ((11, 9), 'H', 'F', '0.-1.-1.0.-1.15.0')
    ((35, 9), 'F', 'M', '5.-1.-1.0.-1.15.0')
    ((36, 9), 'M', 'H', '4.3.-1.0.-1.15.0')
    ((9, 10), 'H', 'F', '0.5.-1.0.-1.15.0')
    ((12, 10), 'H', 'M', '5.-1.-1.0.-1.15.0')
    ((12, 11), 'F', 'H', '1.3.-1.0.-1.15.0')
    ((34, 11), 'H', 'M', '2.-1.-1.0.-1.15.0')
    ((35, 11), 'H', 'F', '0.-1.46.1.-1.15.0')
    ((12, 12), 'F', 'H', '4.2.-1.0.-1.15.0')
    ((32, 12), 'F', 'H', '1.-1.8.1.-1.15.0')
    ((36, 12), 'M', 'F', '0.5.-1.0.-1.15.0')
    ((37, 12), 'H', 'F', '3.2.0.1.-1.15.0')
    ((38, 12), 'M', 'H', '4.2.0.1.-1.15.0')
    ((12, 14), 'F', 'H', '1.-1.7.1.-1.15.0')
    ((34, 14), 'F', 'H', '4.2.-1.0.-1.15.0')
    ((35, 14), 'F', 'H', '1.-1.-1.0.-1.15.0')
    ((42, 14), 'F', 'H', '1.-1.43.1.-1.15.48')
    ((11, 15), 'M', 'F', '3.32.-1.0.-1.15.1')
    ((14, 15), 'F', 'M', '5.-1.-1.0.-1.15.0')
    ((36, 15), 'F', 'M', '2.34.-1.0.-1.15.6')
    ((7, 16), 'M', 'F', '0.31.6.1.-1.15.6')
    ((9, 16), 'F', 'M', '2.-1.-1.0.-1.15.0')
    ((12, 16), 'F', 'H', '4.3.-1.0.-1.15.0')
    ((36, 16), 'H', 'F', '3.32.-1.0.-1.15.4')
    ((37, 16), 'H', 'F', '3.32.13.1.-1.15.1')
    ((38, 16), 'F', 'H', '7.-1.-1.0.-1.15.0')
    ((39, 16), 'M', 'H', '4.3.-1.0.-1.15.0')
    ((7, 17), 'F', 'M', '2.-1.-1.0.-1.15.0')
    ((11, 17), 'M', 'H', '7.-1.-1.0.-1.15.0')
    ((37, 17), 'H', 'F', '3.32.-1.0.-1.15.0')
    ((39, 17), 'H', 'F', '6.-1.-1.0.-1.15.0')
    ((40, 17), 'F', 'M', '5.-1.-1.0.-1.15.0')
    ((30, 18), 'H', 'F', '3.-1.9.1.-1.15.0')
    ((40, 18), 'F', 'H', '4.3.41.1.-1.15.0')
    ((38, 19), 'H', 'F', '3.32.9.1.-1.15.7')
    ((41, 19), 'H', 'F', '0.-1.-1.0.-1.15.0')
    ((1, 22), 'F', 'H', '4.-1.-1.0.9.15.56')
