map seed 1000 grid 44x26 world age 5 plates 27.0 tectonics block at draw 116638 (459344 draws)
model draws 459344 ledger 459344 -> EXACT
same plot: 211/392 land plots agree; (model, game) {('F', 'F'): 150, ('F', 'H'): 64, ('F', 'M'): 9, ('H', 'F'): 71, ('H', 'H'): 60, ('H', 'M'): 11, ('M', 'F'): 5, ('M', 'H'): 21, ('M', 'M'): 1}
index - 1: 329/392 land plots agree; (model, game) {('F', 'F'): 200, ('F', 'H'): 24, ('H', 'F'): 24, ('H', 'H'): 113, ('H', 'M'): 5, ('M', 'F'): 2, ('M', 'H'): 8, ('M', 'M'): 16}
lake plots [(12, 13), (36, 13), (36, 14), (37, 14), (39, 14), (36, 15), (37, 15), (13, 16), (36, 20)]
lake plots that were ocean in the plot types (fits): []
coastal mountain draws 9, shuffle draws 380, lonely mountains 1 (ledger: Shuffling table entry - Lua x376, Coastal Mountain Removal x9)
after coastal removal and lonely mountains: 338/392 land plots agree; (model, game) {('F', 'F'): 200, ('F', 'H'): 24, ('H', 'F'): 24, ('H', 'H'): 121, ('H', 'M'): 4, ('M', 'F'): 2, ('M', 'M'): 17}
    ((12, 1), 'H', 'F', '12.-1.-1.0.-1.9.0')
    ((9, 2), 'F', 'H', '13.-1.-1.0.-1.9.0')
    ((9, 3), 'F', 'H', '10.-1.-1.0.-1.9.0')
    ((11, 3), 'F', 'H', '10.3.-1.0.-1.9.1')
    ((12, 3), 'M', 'F', '9.3.-1.0.-1.9.0')
    ((13, 3), 'F', 'H', '10.-1.-1.0.-1.9.0')
    ((9, 4), 'F', 'H', '4.-1.43.1.-1.9.0')
    ((11, 4), 'F', 'H', '4.-1.-1.0.-1.9.6')
    ((8, 5), 'F', 'H', '4.-1.-1.0.-1.9.0')
    ((9, 5), 'F', 'H', '4.-1.-1.0.-1.9.0')
    ((11, 5), 'F', 'H', '1.3.-1.0.-1.9.1')
    ((12, 5), 'H', 'F', '3.-1.-1.0.-1.9.2')
    ((3, 6), 'H', 'F', '3.-1.18.1.-1.9.0')
    ((8, 6), 'H', 'F', '3.-1.-1.0.-1.9.0')
    ((9, 6), 'F', 'H', '7.-1.-1.0.-1.9.0')
    ((12, 6), 'F', 'H', '1.-1.-1.0.-1.9.0')
    ((3, 7), 'F', 'H', '4.-1.-1.0.-1.9.0')
    ((10, 7), 'H', 'F', '0.3.4.1.-1.9.0')
    ((12, 7), 'H', 'F', '0.-1.-1.0.-1.9.2')
    ((2, 8), 'H', 'F', '6.-1.-1.0.-1.9.0')
    ((3, 8), 'H', 'F', '6.-1.-1.0.-1.9.0')
    ((12, 8), 'F', 'H', '1.3.-1.0.-1.9.0')
    ((13, 8), 'H', 'F', '3.-1.9.1.-1.9.0')
    ((6, 9), 'H', 'M', '8.34.-1.0.-1.9.0')
    ((10, 9), 'H', 'F', '6.-1.-1.0.-1.9.0')
    ((11, 9), 'F', 'H', '1.-1.41.1.-1.9.0')
    ((13, 9), 'H', 'F', '0.3.-1.0.-1.9.0')
    ((4, 10), 'F', 'H', '1.-1.43.1.-1.9.0')
    ((6, 11), 'F', 'H', '1.-1.-1.0.-1.9.0')
    ((32, 11), 'F', 'H', '4.-1.-1.0.-1.9.0')
    ((38, 11), 'F', 'H', '4.2.-1.0.-1.9.0')
    ((32, 13), 'M', 'F', '0.31.-1.0.9.9.3')
    ((33, 13), 'H', 'F', '0.31.-1.0.-1.9.1')
    ((35, 13), 'F', 'H', '4.2.-1.0.-1.9.0')
    ((7, 14), 'F', 'H', '4.2.-1.0.-1.9.8')
    ((34, 15), 'H', 'M', '2.-1.-1.0.-1.9.0')
    ((39, 15), 'H', 'F', '3.2.0.1.-1.9.0')
    ((35, 16), 'H', 'M', '2.-1.-1.0.-1.9.0')
    ((38, 16), 'H', 'M', '8.-1.-1.0.-1.9.0')
    ((10, 17), 'F', 'H', '4.-1.-1.0.-1.9.7')
    ((7, 18), 'H', 'F', '3.32.-1.0.-1.9.3')
    ((9, 18), 'F', 'H', '4.-1.-1.0.-1.9.0')
    ((10, 18), 'H', 'F', '3.-1.9.1.-1.9.0')
    ((39, 18), 'H', 'F', '6.-1.18.1.-1.9.0')
    ((41, 18), 'F', 'H', '1.-1.-1.0.-1.9.24')
    ((42, 18), 'H', 'F', '0.-1.8.1.-1.9.0')
    ((6, 19), 'H', 'F', '3.-1.-1.0.-1.9.0')
    ((36, 19), 'H', 'F', '3.38.-1.0.-1.9.0')
    ((37, 19), 'H', 'F', '3.38.-1.0.-1.9.0')
    ((38, 19), 'H', 'F', '3.-1.-1.0.-1.9.0')
    ((39, 19), 'F', 'H', '7.-1.-1.0.-1.9.16')
    ((40, 19), 'H', 'F', '6.-1.-1.0.-1.9.0')
    ((41, 19), 'H', 'F', '0.3.-1.0.-1.9.0')
    ((37, 20), 'H', 'F', '3.38.-1.0.-1.9.0')
