turn 126 (start)
{"kind":"grievance","turn":126,"a":0,"b":1,"g":-100,"perTurn":-6}
{"kind":"grievlog","turn":126,"a":0,"b":1,"entry":{"Amount":100,"Description":"Обещание нарушено","Initiator":0,"Target":1,"Turn":126}}
{"kind":"city","turn":126,"p":0,"id":65536,"x":36,"y":42,"orig":0}
{"kind":"city","turn":126,"p":0,"id":196609,"x":50,"y":11,"orig":0}
{"kind":"city","turn":126,"p":0,"id":262146,"x":58,"y":12,"orig":0}
{"kind":"promise","turn":126,"a":1,"b":0,"made":true}
{"kind":"grievance","turn":126,"a":1,"b":0,"g":100,"perTurn":-6}
{"kind":"grievlog","turn":126,"a":1,"b":0,"entry":{"Amount":100,"Description":"Обещание нарушено","Initiator":0,"Target":1,"Turn":126}}
{"kind":"grievance","turn":126,"a":2,"b":3,"g":150,"perTurn":0}
{"kind":"grievance","turn":126,"a":3,"b":2,"g":-150,"perTurn":0}
{"kind":"grievance","turn":126,"a":3,"b":7,"g":19,"perTurn":-6}
{"kind":"grievlog","turn":126,"a":3,"b":7,"entry":{"Amount":25,"Description":"Р’С‹РЅРµС\u0081РµРЅРѕ РѕС\u0081СѓР¶РґРµРЅРёРµ","Initiator":7,"Target":3,"Turn":125}}
{"kind":"grievance","turn":126,"a":4,"b":5,"g":138,"perTurn":0}
{"kind":"grievance","turn":126,"a":5,"b":4,"g":-138,"perTurn":0}
{"kind":"grievance","turn":126,"a":7,"b":3,"g":-19,"perTurn":-6}
{"kind":"grievlog","turn":126,"a":7,"b":3,"entry":{"Amount":25,"Description":"Р’С‹РЅРµС\u0081РµРЅРѕ РѕС\u0081СѓР¶РґРµРЅРёРµ","Initiator":7,"Target":3,"Turn":125}}
    unblock: blocker ENDTURN_BLOCKING_CIVIC -> civic CIVIC_MYSTICISM
    cause blocker ENDTURN_BLOCKING_PRODUCTION -> unblock: blocker ENDTURN_BLOCKING_PRODUCTION -> TIKAL builds BUILDING_GRANARY
    cause blocker ENDTURN_BLOCKING_FILL_CIVIC_SLOT: no handler
    cause session 3:3 -> session p3 sid 3 ToPlayer=0 FromPlayer=3 -> POSITIVE
    cause popup DiplomacyActionView -> closed
    cause popup DiplomacyDealView -> hidden
    cause popup LeaderScene -> hidden
{"kind":"grievance","turn":127,"a":0,"b":1,"g":-94,"perTurn":-6}
{"kind":"grievlog","turn":127,"a":0,"b":1,"entry":{"Amount":100,"Description":"Обещание нарушено","Initiator":0,"Target":1,"Turn":126}}
{"kind":"city","turn":127,"p":0,"id":65536,"x":36,"y":42,"orig":0}
{"kind":"city","turn":127,"p":0,"id":196609,"x":50,"y":11,"orig":0}
{"kind":"city","turn":127,"p":0,"id":262146,"x":58,"y":12,"orig":0}
{"kind":"promise","turn":127,"a":1,"b":0,"made":true}
{"kind":"grievance","turn":127,"a":1,"b":0,"g":94,"perTurn":-6}
{"kind":"grievlog","turn":127,"a":1,"b":0,"entry":{"Amount":100,"Description":"Обещание нарушено","Initiator":0,"Target":1,"Turn":126}}
{"kind":"grievance","turn":127,"a":2,"b":3,"g":150,"perTurn":0}
{"kind":"grievance","turn":127,"a":3,"b":2,"g":-150,"perTurn":0}
{"kind":"grievance","turn":127,"a":3,"b":7,"g":13,"perTurn":-6}
{"kind":"grievance","turn":127,"a":4,"b":5,"g":138,"perTurn":0}
{"kind":"grievance","turn":127,"a":5,"b":4,"g":-138,"perTurn":0}
{"kind":"grievance","turn":127,"a":7,"b":3,"g":-13,"perTurn":-6}
turn 127
    unblock: blocker ENDTURN_BLOCKING_CIVIC -> civic CIVIC_POLITICAL_PHILOSOPHY
    cause blocker ENDTURN_BLOCKING_PRODUCTION -> unblock: blocker ENDTURN_BLOCKING_PRODUCTION -> NARANJO builds UNIT_WARRIOR
    cause popup TechCivicCompletedPopup -> closed
    cause blocker ENDTURN_BLOCKING_FILL_CIVIC_SLOT: no handler
    cause session 1:1 -> session p1 sid 1 ToPlayer=0 FromPlayer=1 -> POSITIVE
    cause popup DiplomacyActionView -> closed
    cause popup DiplomacyDealView -> hidden
    cause popup LeaderScene -> hidden
    cause session 3:3 -> session p3 sid 3 ToPlayer=0 FromPlayer=3 -> POSITIVE
    cause popup DiplomacyActionView -> closed
    cause popup LeaderScene -> hidden
{"kind":"grievance","turn":128,"a":0,"b":1,"g":-88,"perTurn":-6}
{"kind":"city","turn":128,"p":0,"id":65536,"x":36,"y":42,"orig":0}
{"kind":"city","turn":128,"p":0,"id":196609,"x":50,"y":11,"orig":0}
{"kind":"city","turn":128,"p":0,"id":262146,"x":58,"y":12,"orig":0}
{"kind":"promise","turn":128,"a":1,"b":0,"made":true}
{"kind":"grievance","turn":128,"a":1,"b":0,"g":88,"perTurn":-6}
{"kind":"grievance","turn":128,"a":2,"b":3,"g":150,"perTurn":0}
{"kind":"grievance","turn":128,"a":3,"b":2,"g":-150,"perTurn":0}
{"kind":"grievance","turn":128,"a":3,"b":7,"g":7,"perTurn":-6}
{"kind":"grievance","turn":128,"a":4,"b":5,"g":138,"perTurn":0}
{"kind":"grievance","turn":128,"a":5,"b":4,"g":-138,"perTurn":0}
{"kind":"grievance","turn":128,"a":7,"b":3,"g":-7,"perTurn":-6}
turn 128
    unblock: blocker ENDTURN_BLOCKING_CIVIC -> civic CIVIC_DRAMA_POETRY
    cause blocker ENDTURN_BLOCKING_FILL_CIVIC_SLOT: no handler
    cause session 3:3 -> session p3 sid 3 ToPlayer=0 FromPlayer=3 -> POSITIVE
    cause popup LeaderScene -> open, no close
    cause popup TechCivicCompletedPopup -> closed
    cause session 3:3 -> session p3 sid 3 ToPlayer=0 FromPlayer=3 -> POSITIVE
    cause popup DiplomacyActionView -> closed
    cause popup LeaderScene -> hidden
    cause session 7:7 -> session p7 sid 7 ToPlayer=0 FromPlayer=7 -> POSITIVE
    cause popup DiplomacyActionView -> closed
    cause popup DiplomacyDealView -> hidden
    cause popup LeaderScene -> hidden
{"kind":"grievance","turn":129,"a":0,"b":1,"g":-82,"perTurn":-6}
{"kind":"city","turn":129,"p":0,"id":65536,"x":36,"y":42,"orig":0}
{"kind":"city","turn":129,"p":0,"id":196609,"x":50,"y":11,"orig":0}
{"kind":"city","turn":129,"p":0,"id":262146,"x":58,"y":12,"orig":0}
{"kind":"promise","turn":129,"a":1,"b":0,"made":true}
{"kind":"grievance","turn":129,"a":1,"b":0,"g":82,"perTurn":-6}
{"kind":"grievance","turn":129,"a":2,"b":3,"g":150,"perTurn":0}
{"kind":"grievance","turn":129,"a":3,"b":2,"g":-150,"perTurn":0}
{"kind":"grievance","turn":129,"a":3,"b":7,"g":1,"perTurn":-6}
{"kind":"grievance","turn":129,"a":4,"b":5,"g":138,"perTurn":0}
{"kind":"grievance","turn":129,"a":5,"b":4,"g":-138,"perTurn":0}
{"kind":"grievance","turn":129,"a":7,"b":3,"g":-1,"perTurn":-6}
turn 129
    unblock: blocker ENDTURN_BLOCKING_CIVIC -> civic CIVIC_MILITARY_TRAINING
    cause blocker ENDTURN_BLOCKING_PRODUCTION -> unblock: blocker ENDTURN_BLOCKING_PRODUCTION -> NARANJO builds UNIT_WARRIOR
    cause popup TechCivicCompletedPopup -> closed
    cause blocker ENDTURN_BLOCKING_PRODUCTION -> unblock: blocker ENDTURN_BLOCKING_PRODUCTION -> NARANJO builds UNIT_WARRIOR
    cause session 6:6 -> session p6 sid 6 ToPlayer=0 FromPlayer=6 -> POSITIVE
    cause popup DiplomacyActionView -> closed
    cause popup DiplomacyDealView -> hidden
    cause popup LeaderScene -> hidden
    cause blocker ENDTURN_BLOCKING_PRODUCTION -> unblock: blocker ENDTURN_BLOCKING_PRODUCTION -> NARANJO builds UNIT_WARRIOR
{"kind":"grievance","turn":130,"a":0,"b":1,"g":-76,"perTurn":-6}
{"kind":"city","turn":130,"p":0,"id":65536,"x":36,"y":42,"orig":0}
{"kind":"city","turn":130,"p":0,"id":262146,"x":58,"y":12,"orig":0}
{"kind":"promise","turn":130,"a":1,"b":0,"made":true}
{"kind":"grievance","turn":130,"a":1,"b":0,"g":76,"perTurn":-6}
{"kind":"grievance","turn":130,"a":2,"b":3,"g":150,"perTurn":0}
{"kind":"grievance","turn":130,"a":3,"b":2,"g":-150,"perTurn":0}
{"kind":"grievance","turn":130,"a":4,"b":5,"g":138,"perTurn":0}
{"kind":"grievance","turn":130,"a":5,"b":4,"g":-138,"perTurn":0}
turn 130
    unblock: blocker ENDTURN_BLOCKING_CIVIC -> civic CIVIC_DEFENSIVE_TACTICS
    cause blocker ENDTURN_BLOCKING_FILL_CIVIC_SLOT: no handler
    cause popup TechCivicCompletedPopup -> closed
    cause popup TechCivicCompletedPopup -> closed
{"kind":"grievance","turn":131,"a":0,"b":1,"g":-70,"perTurn":-6}
{"kind":"city","turn":131,"p":0,"id":65536,"x":36,"y":42,"orig":0}
{"kind":"promise","turn":131,"a":1,"b":0,"made":true}
{"kind":"grievance","turn":131,"a":1,"b":0,"g":70,"perTurn":-6}
{"kind":"grievance","turn":131,"a":2,"b":3,"g":150,"perTurn":0}
{"kind":"grievance","turn":131,"a":3,"b":2,"g":-150,"perTurn":0}
{"kind":"grievance","turn":131,"a":4,"b":5,"g":138,"perTurn":0}
{"kind":"grievance","turn":131,"a":5,"b":4,"g":-138,"perTurn":0}
turn 131
