turn 102 (start)
{"kind":"grievance","turn":102,"a":0,"b":1,"g":-300,"perTurn":-7}
{"kind":"grievlog","turn":102,"a":0,"b":1,"entry":{"Amount":100,"Description":"Обещание нарушено","Initiator":0,"Target":1,"Turn":102}}
{"kind":"grievlog","turn":102,"a":0,"b":1,"entry":{"Amount":200,"Description":"Обещание нарушено","Initiator":0,"Target":1,"Turn":102}}
{"kind":"city","turn":102,"p":0,"id":65536,"x":36,"y":42,"orig":0}
{"kind":"city","turn":102,"p":0,"id":196609,"x":50,"y":11,"orig":0}
{"kind":"city","turn":102,"p":0,"id":262146,"x":58,"y":12,"orig":0}
{"kind":"city","turn":102,"p":0,"id":327683,"x":56,"y":5,"orig":0}
{"kind":"promise","turn":102,"a":1,"b":0,"made":true}
{"kind":"grievance","turn":102,"a":1,"b":0,"g":300,"perTurn":-7}
{"kind":"grievlog","turn":102,"a":1,"b":0,"entry":{"Amount":100,"Description":"Обещание нарушено","Initiator":0,"Target":1,"Turn":102}}
{"kind":"grievlog","turn":102,"a":1,"b":0,"entry":{"Amount":200,"Description":"Обещание нарушено","Initiator":0,"Target":1,"Turn":102}}
{"kind":"promise","turn":102,"a":2,"b":1,"made":true}
{"kind":"grievance","turn":102,"a":4,"b":5,"g":138,"perTurn":0}
{"kind":"grievance","turn":102,"a":5,"b":4,"g":-138,"perTurn":0}
{"kind":"promise","turn":102,"a":7,"b":2,"made":true}
    unblock: blocker ENDTURN_BLOCKING_PRODUCTION -> YAXCHILAN builds BUILDING_GRANARY
    cause blocker ENDTURN_BLOCKING_CIVIC -> unblock: blocker ENDTURN_BLOCKING_CIVIC -> civic CIVIC_EARLY_EMPIRE
    cause popup HistoricMoments -> closed
    cause blocker ENDTURN_BLOCKING_FILL_CIVIC_SLOT: no handler
    cause popup LeaderScene -> open, no close
    cause session 2:2 -> session p2 sid 2 ToPlayer=0 FromPlayer=2 -> POSITIVE
    cause popup DiplomacyActionView -> closed
    cause popup LeaderScene -> hidden
    cause session 4:4 -> session p4 sid 4 ToPlayer=0 FromPlayer=4 -> POSITIVE
    cause popup DiplomacyActionView -> closed
    cause popup LeaderScene -> hidden
{"kind":"grievance","turn":103,"a":0,"b":1,"g":-293,"perTurn":-7}
{"kind":"grievlog","turn":103,"a":0,"b":1,"entry":{"Amount":100,"Description":"Обещание нарушено","Initiator":0,"Target":1,"Turn":102}}
{"kind":"grievlog","turn":103,"a":0,"b":1,"entry":{"Amount":200,"Description":"Обещание нарушено","Initiator":0,"Target":1,"Turn":102}}
{"kind":"grievance","turn":103,"a":0,"b":2,"g":43,"perTurn":-7}
{"kind":"grievlog","turn":103,"a":0,"b":2,"entry":{"Amount":50,"Description":"Р’С‹РЅРµС\u0081РµРЅРѕ РѕС\u0081СѓР¶РґРµРЅРёРµ","Initiator":2,"Target":0,"Turn":102}}
{"kind":"grievance","turn":103,"a":0,"b":4,"g":43,"perTurn":-7}
{"kind":"grievlog","turn":103,"a":0,"b":4,"entry":{"Amount":50,"Description":"Р’С‹РЅРµС\u0081РµРЅРѕ РѕС\u0081СѓР¶РґРµРЅРёРµ","Initiator":4,"Target":0,"Turn":102}}
{"kind":"city","turn":103,"p":0,"id":65536,"x":36,"y":42,"orig":0}
{"kind":"city","turn":103,"p":0,"id":196609,"x":50,"y":11,"orig":0}
{"kind":"city","turn":103,"p":0,"id":262146,"x":58,"y":12,"orig":0}
{"kind":"city","turn":103,"p":0,"id":327683,"x":56,"y":5,"orig":0}
{"kind":"promise","turn":103,"a":1,"b":0,"made":true}
{"kind":"grievance","turn":103,"a":1,"b":0,"g":293,"perTurn":-7}
{"kind":"grievlog","turn":103,"a":1,"b":0,"entry":{"Amount":100,"Description":"Обещание нарушено","Initiator":0,"Target":1,"Turn":102}}
{"kind":"grievlog","turn":103,"a":1,"b":0,"entry":{"Amount":200,"Description":"Обещание нарушено","Initiator":0,"Target":1,"Turn":102}}
{"kind":"grievance","turn":103,"a":2,"b":0,"g":-43,"perTurn":-7}
{"kind":"grievlog","turn":103,"a":2,"b":0,"entry":{"Amount":50,"Description":"Р’С‹РЅРµС\u0081РµРЅРѕ РѕС\u0081СѓР¶РґРµРЅРёРµ","Initiator":2,"Target":0,"Turn":102}}
{"kind":"grievance","turn":103,"a":4,"b":0,"g":-43,"perTurn":-7}
{"kind":"grievlog","turn":103,"a":4,"b":0,"entry":{"Amount":50,"Description":"Р’С‹РЅРµС\u0081РµРЅРѕ РѕС\u0081СѓР¶РґРµРЅРёРµ","Initiator":4,"Target":0,"Turn":102}}
{"kind":"grievance","turn":103,"a":4,"b":5,"g":138,"perTurn":0}
{"kind":"grievance","turn":103,"a":5,"b":4,"g":-138,"perTurn":0}
{"kind":"promise","turn":103,"a":7,"b":2,"made":true}
turn 103
