turn 158 (start)
{"kind":"city","turn":158,"p":0,"id":65536,"x":36,"y":42,"orig":0}
{"kind":"city","turn":158,"p":0,"id":327682,"x":47,"y":13,"orig":0}
{"kind":"grievance","turn":158,"a":2,"b":3,"g":150,"perTurn":0}
{"kind":"grievance","turn":158,"a":2,"b":5,"g":50,"perTurn":0}
{"kind":"grievance","turn":158,"a":3,"b":2,"g":-150,"perTurn":0}
{"kind":"grievance","turn":158,"a":4,"b":5,"g":138,"perTurn":0}
{"kind":"grievance","turn":158,"a":5,"b":2,"g":-50,"perTurn":0}
{"kind":"grievance","turn":158,"a":5,"b":4,"g":-138,"perTurn":0}
{"kind":"promise","turn":158,"a":7,"b":5,"made":true}
    unblock: blocker ENDTURN_BLOCKING_PRODUCTION -> PALENQUE_MAYA builds BUILDING_GRANARY
    cause blocker ENDTURN_BLOCKING_FILL_CIVIC_SLOT: no handler
    cause popup HistoricMoments -> closed
    cause session 1:1 -> session p1 sid 1 ToPlayer=0 FromPlayer=1 -> POSITIVE
    cause popup DiplomacyActionView -> closed
    cause popup LeaderScene -> hidden
    cause popup TechCivicCompletedPopup -> closed
{"kind":"city","turn":159,"p":0,"id":65536,"x":36,"y":42,"orig":0}
{"kind":"city","turn":159,"p":0,"id":327682,"x":47,"y":13,"orig":0}
{"kind":"promise","turn":159,"a":1,"b":0,"made":true}
{"kind":"grievance","turn":159,"a":2,"b":3,"g":150,"perTurn":0}
{"kind":"grievance","turn":159,"a":2,"b":5,"g":50,"perTurn":0}
{"kind":"grievance","turn":159,"a":3,"b":2,"g":-150,"perTurn":0}
{"kind":"grievance","turn":159,"a":4,"b":5,"g":138,"perTurn":0}
{"kind":"grievance","turn":159,"a":5,"b":2,"g":-50,"perTurn":0}
{"kind":"grievance","turn":159,"a":5,"b":4,"g":-138,"perTurn":0}
{"kind":"promise","turn":159,"a":7,"b":5,"made":true}
turn 159
