turn 136 (start)
{"kind":"grievance","turn":136,"a":0,"b":1,"g":-40,"perTurn":-6}
{"kind":"city","turn":136,"p":0,"id":65536,"x":36,"y":42,"orig":0}
{"kind":"promise","turn":136,"a":1,"b":0,"made":true}
{"kind":"grievance","turn":136,"a":1,"b":0,"g":40,"perTurn":-6}
{"kind":"grievance","turn":136,"a":2,"b":3,"g":150,"perTurn":0}
{"kind":"grievance","turn":136,"a":3,"b":2,"g":-150,"perTurn":0}
{"kind":"grievance","turn":136,"a":4,"b":5,"g":138,"perTurn":0}
{"kind":"grievance","turn":136,"a":5,"b":4,"g":-138,"perTurn":0}
{"kind":"promise","turn":136,"a":7,"b":5,"made":true}
    unblock: blocker ENDTURN_BLOCKING_RESEARCH -> research TECH_MILITARY_TACTICS
    cause blocker ENDTURN_BLOCKING_CIVIC -> unblock: blocker ENDTURN_BLOCKING_CIVIC -> civic CIVIC_CIVIL_SERVICE
    cause popup BoostUnlockedPopup -> closed
    cause blocker ENDTURN_BLOCKING_CIVIC -> unblock: blocker ENDTURN_BLOCKING_CIVIC -> civic CIVIC_CIVIL_SERVICE
{"kind":"grievance","turn":137,"a":0,"b":1,"g":-34,"perTurn":-6}
{"kind":"city","turn":137,"p":0,"id":65536,"x":36,"y":42,"orig":0}
{"kind":"promise","turn":137,"a":1,"b":0,"made":true}
{"kind":"grievance","turn":137,"a":1,"b":0,"g":34,"perTurn":-6}
{"kind":"grievance","turn":137,"a":2,"b":3,"g":150,"perTurn":0}
{"kind":"grievance","turn":137,"a":3,"b":2,"g":-150,"perTurn":0}
{"kind":"grievance","turn":137,"a":4,"b":5,"g":138,"perTurn":0}
{"kind":"grievance","turn":137,"a":5,"b":4,"g":-138,"perTurn":0}
{"kind":"promise","turn":137,"a":7,"b":5,"made":true}
turn 137
    unblock: blocker ENDTURN_BLOCKING_PRODUCTION -> NARANJO builds UNIT_WARRIOR
    cause blocker ENDTURN_BLOCKING_FILL_CIVIC_SLOT: no handler
    cause popup TechCivicCompletedPopup -> closed
{"kind":"grievance","turn":138,"a":0,"b":1,"g":-28,"perTurn":-6}
{"kind":"city","turn":138,"p":0,"id":65536,"x":36,"y":42,"orig":0}
{"kind":"promise","turn":138,"a":1,"b":0,"made":true}
{"kind":"grievance","turn":138,"a":1,"b":0,"g":28,"perTurn":-6}
{"kind":"grievance","turn":138,"a":2,"b":3,"g":150,"perTurn":0}
{"kind":"grievance","turn":138,"a":3,"b":2,"g":-150,"perTurn":0}
{"kind":"grievance","turn":138,"a":4,"b":5,"g":138,"perTurn":0}
{"kind":"grievance","turn":138,"a":5,"b":4,"g":-138,"perTurn":0}
{"kind":"promise","turn":138,"a":7,"b":5,"made":true}
turn 138
    unblock: blocker ENDTURN_BLOCKING_CIVIC -> civic CIVIC_MERCENARIES
    cause blocker ENDTURN_BLOCKING_FILL_CIVIC_SLOT: no handler
    cause popup TechCivicCompletedPopup -> closed
{"kind":"grievance","turn":139,"a":0,"b":1,"g":-22,"perTurn":-6}
{"kind":"city","turn":139,"p":0,"id":65536,"x":36,"y":42,"orig":0}
{"kind":"promise","turn":139,"a":1,"b":0,"made":true}
{"kind":"grievance","turn":139,"a":1,"b":0,"g":22,"perTurn":-6}
{"kind":"grievance","turn":139,"a":2,"b":3,"g":150,"perTurn":0}
{"kind":"grievance","turn":139,"a":3,"b":2,"g":-150,"perTurn":0}
{"kind":"grievance","turn":139,"a":4,"b":5,"g":138,"perTurn":0}
{"kind":"grievance","turn":139,"a":5,"b":4,"g":-138,"perTurn":0}
{"kind":"promise","turn":139,"a":7,"b":5,"made":true}
turn 139
    unblock: blocker ENDTURN_BLOCKING_CIVIC -> civic CIVIC_MEDIEVAL_FAIRES
    cause blocker ENDTURN_BLOCKING_PRODUCTION -> unblock: blocker ENDTURN_BLOCKING_PRODUCTION -> NARANJO builds UNIT_WARRIOR
    cause blocker ENDTURN_BLOCKING_PRODUCTION -> unblock: blocker ENDTURN_BLOCKING_PRODUCTION -> NARANJO builds UNIT_WARRIOR
{"kind":"grievance","turn":140,"a":0,"b":1,"g":-16,"perTurn":-6}
{"kind":"city","turn":140,"p":0,"id":65536,"x":36,"y":42,"orig":0}
{"kind":"promise","turn":140,"a":1,"b":0,"made":true}
{"kind":"grievance","turn":140,"a":1,"b":0,"g":16,"perTurn":-6}
{"kind":"grievance","turn":140,"a":2,"b":3,"g":150,"perTurn":0}
{"kind":"grievance","turn":140,"a":3,"b":2,"g":-150,"perTurn":0}
{"kind":"grievance","turn":140,"a":4,"b":5,"g":138,"perTurn":0}
{"kind":"grievance","turn":140,"a":5,"b":4,"g":-138,"perTurn":0}
{"kind":"promise","turn":140,"a":7,"b":5,"made":true}
turn 140
    unblock: blocker ENDTURN_BLOCKING_FILL_CIVIC_SLOT -> nothing
    cause blocker ENDTURN_BLOCKING_FILL_CIVIC_SLOT: no handler
    cause popup WorldCrisisPopup -> closed
{"kind":"grievance","turn":141,"a":0,"b":1,"g":-10,"perTurn":-6}
{"kind":"city","turn":141,"p":0,"id":65536,"x":36,"y":42,"orig":0}
{"kind":"promise","turn":141,"a":1,"b":0,"made":true}
{"kind":"grievance","turn":141,"a":1,"b":0,"g":10,"perTurn":-6}
{"kind":"grievance","turn":141,"a":2,"b":3,"g":150,"perTurn":0}
{"kind":"grievance","turn":141,"a":3,"b":2,"g":-150,"perTurn":0}
{"kind":"grievance","turn":141,"a":4,"b":5,"g":138,"perTurn":0}
{"kind":"grievance","turn":141,"a":5,"b":4,"g":-138,"perTurn":0}
{"kind":"promise","turn":141,"a":7,"b":5,"made":true}
turn 141
