turn 156 (start)
{"kind":"city","turn":155,"p":0,"id":65536,"x":36,"y":42,"orig":0}
{"kind":"grievance","turn":155,"a":2,"b":3,"g":150,"perTurn":0}
{"kind":"grievance","turn":155,"a":2,"b":5,"g":50,"perTurn":0}
{"kind":"grievance","turn":155,"a":3,"b":2,"g":-150,"perTurn":0}
{"kind":"grievance","turn":155,"a":4,"b":5,"g":138,"perTurn":0}
{"kind":"grievance","turn":155,"a":5,"b":2,"g":-50,"perTurn":0}
{"kind":"grievance","turn":155,"a":5,"b":4,"g":-138,"perTurn":0}
{"kind":"grievlog","turn":155,"a":5,"b":7,"entry":{"Amount":25,"Description":"Р’С‹РЅРµС\u0081РµРЅРѕ РѕС\u0081СѓР¶РґРµРЅРёРµ","Initiator":7,"Target":5,"Turn":154}}
{"kind":"promise","turn":155,"a":7,"b":5,"made":true}
{"kind":"grievlog","turn":155,"a":7,"b":5,"entry":{"Amount":25,"Description":"Р’С‹РЅРµС\u0081РµРЅРѕ РѕС\u0081СѓР¶РґРµРЅРёРµ","Initiator":7,"Target":5,"Turn":154}}
    unblock: blocker ENDTURN_BLOCKING_FILL_CIVIC_SLOT -> nothing
    cause blocker ENDTURN_BLOCKING_FILL_CIVIC_SLOT: no handler
    cause popup NaturalDisasterPopup -> closed
{"kind":"city","turn":157,"p":0,"id":65536,"x":36,"y":42,"orig":0}
{"kind":"grievance","turn":157,"a":2,"b":3,"g":150,"perTurn":0}
{"kind":"grievance","turn":157,"a":2,"b":5,"g":50,"perTurn":0}
{"kind":"grievance","turn":157,"a":3,"b":2,"g":-150,"perTurn":0}
{"kind":"grievance","turn":157,"a":4,"b":5,"g":138,"perTurn":0}
{"kind":"grievance","turn":157,"a":5,"b":2,"g":-50,"perTurn":0}
{"kind":"grievance","turn":157,"a":5,"b":4,"g":-138,"perTurn":0}
{"kind":"promise","turn":157,"a":7,"b":5,"made":true}
turn 157
    unblock: blocker ENDTURN_BLOCKING_PRODUCTION -> NARANJO builds UNIT_WARRIOR
