turn 100 (start)
{"kind":"promise","turn":100,"a":2,"b":1,"made":true}
{"kind":"grievance","turn":100,"a":4,"b":5,"g":138,"perTurn":0}
{"kind":"grievance","turn":100,"a":5,"b":4,"g":-138,"perTurn":0}
{"kind":"promise","turn":100,"a":7,"b":2,"made":true}
    unblock: blocker ENDTURN_BLOCKING_COMMEMORATION_AVAILABLE -> nothing
    cause blocker ENDTURN_BLOCKING_COMMEMORATION_AVAILABLE -> {"kind":"commemorate","allowed":3,"picked":"COMMEMORATION_INFRASTRUCTURE,COMMEMORATION_RELIGIOUS,COMMEMORATION_EXPLORATION","blockerBefore":"ENDTURN_BLOCKING_COMMEMORATION_AVAILABLE","blockerNow":"ENDTURN_BLOCKING_COMMEMORATION_AVAILABLE","turn":100}
    cause popup HistoricMoments -> closed
    cause blocker ENDTURN_BLOCKING_CIVIC -> unblock: blocker ENDTURN_BLOCKING_CIVIC -> civic CIVIC_MILITARY_TRADITION
    cause session 1:1 -> session p1 sid 1 ToPlayer=0 FromPlayer=1 -> POSITIVE
    cause popup DiplomacyActionView -> closed
    cause popup LeaderScene -> hidden
    cause blocker ENDTURN_BLOCKING_CIVIC -> unblock: blocker ENDTURN_BLOCKING_CIVIC -> civic CIVIC_MILITARY_TRADITION
    cause session 3:3 -> session p3 sid 3 ToPlayer=0 FromPlayer=3 -> POSITIVE
    cause popup DiplomacyActionView -> closed
    cause popup LeaderScene -> hidden
    cause blocker ENDTURN_BLOCKING_CIVIC -> unblock: blocker ENDTURN_BLOCKING_CIVIC -> civic CIVIC_MILITARY_TRADITION
{"kind":"promise","turn":101,"a":1,"b":0,"made":true}
{"kind":"promise","turn":101,"a":2,"b":1,"made":true}
{"kind":"grievance","turn":101,"a":4,"b":5,"g":138,"perTurn":0}
{"kind":"grievance","turn":101,"a":5,"b":4,"g":-138,"perTurn":0}
{"kind":"promise","turn":101,"a":7,"b":2,"made":true}
turn 101
    unblock: blocker ENDTURN_BLOCKING_PRODUCTION -> TIKAL builds BUILDING_GRANARY
    cause blocker ENDTURN_BLOCKING_PRODUCTION -> unblock: blocker ENDTURN_BLOCKING_PRODUCTION -> TIKAL builds BUILDING_GRANARY
    cause blocker ENDTURN_BLOCKING_WORLD_CONGRESS_SESSION: no handler
    cause popup WorldCongressIntro -> closed
{"kind":"promise","turn":102,"a":1,"b":0,"made":true}
{"kind":"promise","turn":102,"a":2,"b":1,"made":true}
{"kind":"grievance","turn":102,"a":4,"b":5,"g":138,"perTurn":0}
{"kind":"grievance","turn":102,"a":5,"b":4,"g":-138,"perTurn":0}
{"kind":"promise","turn":102,"a":7,"b":2,"made":true}
turn 102
