turn 225 (start)
{"kind":"grievance","turn":225,"a":0,"b":5,"g":264,"perTurn":0}
{"kind":"grievance","turn":225,"a":0,"b":6,"g":195,"perTurn":0}
{"kind":"city","turn":225,"p":0,"id":458753,"x":56,"y":3,"orig":0}
{"kind":"city","turn":225,"p":0,"id":393218,"x":30,"y":48,"orig":2}
{"kind":"city","turn":225,"p":0,"id":327683,"x":36,"y":46,"orig":0}
{"kind":"grievance","turn":225,"a":3,"b":4,"g":-22,"perTurn":-3}
{"kind":"grievlog","turn":225,"a":3,"b":4,"entry":{"Amount":25,"Description":"РћР±СЉС\u008fРІР»РµРЅР° РІРѕР№РЅР° РґСЂСѓРіСѓ: Р\u009dСѓР±РёС\u008f","Initiator":3,"Target":4,"Turn":224}}
{"kind":"grievance","turn":225,"a":3,"b":7,"g":-100,"perTurn":0}
{"kind":"grievlog","turn":225,"a":3,"b":7,"entry":{"Amount":100,"Description":"РћРґРёРЅ РёР· РЅР°С\u0081 РѕР±СЉС\u008fРІРёР» РІРѕР№РЅСѓ РґСЂСѓРіРѕРјСѓ","Initiator":3,"Target":7,"Turn":224}}
{"kind":"grievance","turn":225,"a":4,"b":3,"g":22,"perTurn":-3}
{"kind":"grievlog","turn":225,"a":4,"b":3,"entry":{"Amount":25,"Description":"РћР±СЉС\u008fРІР»РµРЅР° РІРѕР№РЅР° РґСЂСѓРіСѓ: Р\u009dСѓР±РёС\u008f","Initiator":3,"Target":4,"Turn":224}}
{"kind":"grievance","turn":225,"a":4,"b":5,"g":24,"perTurn":-2}
{"kind":"grievlog","turn":225,"a":4,"b":5,"entry":{"Amount":25,"Description":"РћР±СЉС\u008fРІР»РµРЅР° РІРѕР№РЅР° РґСЂСѓРіСѓ: Р\u009dСѓР±РёС\u008f","Initiator":5,"Target":4,"Turn":224}}
{"kind":"grievance","turn":225,"a":5,"b":0,"g":-264,"perTurn":0}
{"kind":"promise","turn":225,"a":5,"b":4,"made":true}
{"kind":"grievance","turn":225,"a":5,"b":4,"g":-24,"perTurn":-2}
{"kind":"grievlog","turn":225,"a":5,"b":4,"entry":{"Amount":25,"Description":"РћР±СЉС\u008fРІР»РµРЅР° РІРѕР№РЅР° РґСЂСѓРіСѓ: Р\u009dСѓР±РёС\u008f","Initiator":5,"Target":4,"Turn":224}}
{"kind":"grievance","turn":225,"a":5,"b":7,"g":-96,"perTurn":0}
{"kind":"grievlog","turn":225,"a":5,"b":7,"entry":{"Amount":100,"Description":"РћРґРёРЅ РёР· РЅР°С\u0081 РѕР±СЉС\u008fРІРёР» РІРѕР№РЅСѓ РґСЂСѓРіРѕРјСѓ","Initiator":5,"Target":7,"Turn":224}}
{"kind":"grievance","turn":225,"a":6,"b":0,"g":-195,"perTurn":0}
{"kind":"grievance","turn":225,"a":7,"b":3,"g":100,"perTurn":0}
{"kind":"grievlog","turn":225,"a":7,"b":3,"entry":{"Amount":100,"Description":"РћРґРёРЅ РёР· РЅР°С\u0081 РѕР±СЉС\u008fРІРёР» РІРѕР№РЅСѓ РґСЂСѓРіРѕРјСѓ","Initiator":3,"Target":7,"Turn":224}}
{"kind":"grievance","turn":225,"a":7,"b":5,"g":96,"perTurn":0}
{"kind":"grievlog","turn":225,"a":7,"b":5,"entry":{"Amount":100,"Description":"РћРґРёРЅ РёР· РЅР°С\u0081 РѕР±СЉС\u008fРІРёР» РІРѕР№РЅСѓ РґСЂСѓРіРѕРјСѓ","Initiator":5,"Target":7,"Turn":224}}
    unblock: blocker ENDTURN_BLOCKING_COMMEMORATION_AVAILABLE -> nothing
    cause blocker ENDTURN_BLOCKING_COMMEMORATION_AVAILABLE -> {"kind":"commemorate","allowed":1,"picked":"COMMEMORATION_TOURISM","blockerBefore":"ENDTURN_BLOCKING_COMMEMORATION_AVAILABLE","blockerNow":"ENDTURN_BLOCKING_COMMEMORATION_AVAILABLE","turn":225}
    cause popup HistoricMoments -> closed
    cause blocker ENDTURN_BLOCKING_COMMEMORATION_AVAILABLE -> {"kind":"commemorate","allowed":1,"picked":"COMMEMORATION_TOURISM","blockerBefore":"ENDTURN_BLOCKING_COMMEMORATION_AVAILABLE","blockerNow":"ENDTURN_BLOCKING_COMMEMORATION_AVAILABLE","turn":225}
    cause blocker ENDTURN_BLOCKING_COMMEMORATION_AVAILABLE -> {"kind":"commemorate","allowed":1,"picked":"COMMEMORATION_TOURISM","blockerBefore":"ENDTURN_BLOCKING_COMMEMORATION_AVAILABLE","blockerNow":"ENDTURN_BLOCKING_COMMEMORATION_AVAILABLE","turn":226}
{"kind":"grievance","turn":226,"a":0,"b":5,"g":264,"perTurn":0}
{"kind":"grievance","turn":226,"a":0,"b":6,"g":195,"perTurn":0}
{"kind":"city","turn":226,"p":0,"id":458753,"x":56,"y":3,"orig":0}
{"kind":"city","turn":226,"p":0,"id":393218,"x":30,"y":48,"orig":2}
{"kind":"city","turn":226,"p":0,"id":327683,"x":36,"y":46,"orig":0}
{"kind":"grievance","turn":226,"a":3,"b":4,"g":-19,"perTurn":-3}
{"kind":"grievance","turn":226,"a":3,"b":7,"g":-100,"perTurn":0}
{"kind":"grievance","turn":226,"a":4,"b":3,"g":19,"perTurn":-3}
{"kind":"grievance","turn":226,"a":4,"b":5,"g":22,"perTurn":-2}
{"kind":"grievance","turn":226,"a":5,"b":0,"g":-264,"perTurn":0}
{"kind":"promise","turn":226,"a":5,"b":4,"made":true}
{"kind":"grievance","turn":226,"a":5,"b":4,"g":-22,"perTurn":-2}
{"kind":"grievance","turn":226,"a":5,"b":7,"g":-96,"perTurn":0}
{"kind":"grievance","turn":226,"a":6,"b":0,"g":-195,"perTurn":0}
{"kind":"grievance","turn":226,"a":7,"b":3,"g":100,"perTurn":0}
{"kind":"grievance","turn":226,"a":7,"b":5,"g":96,"perTurn":0}
turn 226
    unblock: blocker ENDTURN_BLOCKING_CIVIC -> civic CIVIC_MILITARY_TRADITION
    cause blocker ENDTURN_BLOCKING_CIVIC -> unblock: blocker ENDTURN_BLOCKING_CIVIC -> civic CIVIC_MILITARY_TRADITION
    cause blocker ENDTURN_BLOCKING_CIVIC -> unblock: blocker ENDTURN_BLOCKING_CIVIC -> civic CIVIC_MILITARY_TRADITION
{"kind":"grievance","turn":227,"a":0,"b":5,"g":264,"perTurn":0}
{"kind":"grievance","turn":227,"a":0,"b":6,"g":195,"perTurn":0}
{"kind":"city","turn":227,"p":0,"id":458753,"x":56,"y":3,"orig":0}
{"kind":"city","turn":227,"p":0,"id":393218,"x":30,"y":48,"orig":2}
{"kind":"city","turn":227,"p":0,"id":327683,"x":36,"y":46,"orig":0}
{"kind":"grievance","turn":227,"a":3,"b":4,"g":-16,"perTurn":-3}
{"kind":"grievance","turn":227,"a":3,"b":7,"g":-100,"perTurn":0}
{"kind":"grievance","turn":227,"a":4,"b":3,"g":16,"perTurn":-3}
{"kind":"grievance","turn":227,"a":4,"b":5,"g":20,"perTurn":-2}
{"kind":"grievance","turn":227,"a":5,"b":0,"g":-264,"perTurn":0}
{"kind":"promise","turn":227,"a":5,"b":4,"made":true}
{"kind":"grievance","turn":227,"a":5,"b":4,"g":-20,"perTurn":-2}
{"kind":"grievance","turn":227,"a":5,"b":7,"g":-96,"perTurn":0}
{"kind":"grievance","turn":227,"a":6,"b":0,"g":-195,"perTurn":0}
{"kind":"grievance","turn":227,"a":7,"b":3,"g":100,"perTurn":0}
{"kind":"grievance","turn":227,"a":7,"b":5,"g":96,"perTurn":0}
turn 227
