turn 126 (start)
{"kind":"grievance","turn":126,"a":0,"b":1,"g":-150,"perTurn":-6}
{"kind":"grievlog","turn":126,"a":0,"b":1,"entry":{"Amount":50,"Description":"Обещание нарушено","Initiator":0,"Target":1,"Turn":126}}
{"kind":"grievlog","turn":126,"a":0,"b":1,"entry":{"Amount":100,"Description":"Обещание нарушено","Initiator":0,"Target":1,"Turn":126}}
{"kind":"city","turn":126,"p":0,"id":65536,"x":36,"y":42,"orig":0}
{"kind":"city","turn":126,"p":0,"id":196609,"x":50,"y":11,"orig":0}
{"kind":"city","turn":126,"p":0,"id":262146,"x":58,"y":12,"orig":0}
{"kind":"city","turn":126,"p":0,"id":327683,"x":62,"y":20,"orig":0}
{"kind":"promise","turn":126,"a":1,"b":0,"made":true}
{"kind":"grievance","turn":126,"a":1,"b":0,"g":150,"perTurn":-6}
{"kind":"grievlog","turn":126,"a":1,"b":0,"entry":{"Amount":50,"Description":"Обещание нарушено","Initiator":0,"Target":1,"Turn":126}}
{"kind":"grievlog","turn":126,"a":1,"b":0,"entry":{"Amount":100,"Description":"Обещание нарушено","Initiator":0,"Target":1,"Turn":126}}
{"kind":"grievance","turn":126,"a":2,"b":3,"g":150,"perTurn":0}
{"kind":"grievance","turn":126,"a":3,"b":2,"g":-150,"perTurn":0}
{"kind":"grievance","turn":126,"a":3,"b":7,"g":19,"perTurn":-6}
{"kind":"grievlog","turn":126,"a":3,"b":7,"entry":{"Amount":25,"Description":"Р’С‹РЅРµС\u0081РµРЅРѕ РѕС\u0081СѓР¶РґРµРЅРёРµ","Initiator":7,"Target":3,"Turn":125}}
{"kind":"grievance","turn":126,"a":4,"b":5,"g":138,"perTurn":0}
{"kind":"grievance","turn":126,"a":5,"b":4,"g":-138,"perTurn":0}
{"kind":"grievance","turn":126,"a":7,"b":3,"g":-19,"perTurn":-6}
{"kind":"grievlog","turn":126,"a":7,"b":3,"entry":{"Amount":25,"Description":"Р’С‹РЅРµС\u0081РµРЅРѕ РѕС\u0081СѓР¶РґРµРЅРёРµ","Initiator":7,"Target":3,"Turn":125}}
